Archive member included because of file (symbol)

c:/program files/winavr/bin/../lib/gcc/avr/4.3.3/avr5\libgcc.a(_mulsi3.o)
                              bmp085.o (__mulsi3)
c:/program files/winavr/bin/../lib/gcc/avr/4.3.3/avr5\libgcc.a(_udivmodhi4.o)
                              adcInit.o (__udivmodhi4)
c:/program files/winavr/bin/../lib/gcc/avr/4.3.3/avr5\libgcc.a(_divmodsi4.o)
                              bmp085.o (__divmodsi4)
c:/program files/winavr/bin/../lib/gcc/avr/4.3.3/avr5\libgcc.a(_exit.o)
                              c:/program files/winavr/bin/../lib/gcc/avr/4.3.3/../../../../avr/lib/avr5/crtm32.o (exit)
c:/program files/winavr/bin/../lib/gcc/avr/4.3.3/avr5\libgcc.a(_copy_data.o)
                              TWI_Master.o (__do_copy_data)
c:/program files/winavr/bin/../lib/gcc/avr/4.3.3/avr5\libgcc.a(_clear_bss.o)
                              TWI_Master.o (__do_clear_bss)
c:/program files/winavr/bin/../lib/gcc/avr/4.3.3/avr5\libgcc.a(_udivmodsi4.o)
                              c:/program files/winavr/bin/../lib/gcc/avr/4.3.3/avr5\libgcc.a(_divmodsi4.o) (__udivmodsi4)
c:/program files/winavr/bin/../lib/gcc/avr/4.3.3/../../../../avr/lib/avr5\libc.a(itoa.o)
                              font.o (itoa)
c:/program files/winavr/bin/../lib/gcc/avr/4.3.3/../../../../avr/lib/avr5\libc.a(ltoa.o)
                              font.o (ltoa)
c:/program files/winavr/bin/../lib/gcc/avr/4.3.3/../../../../avr/lib/avr5\libc.a(utoa.o)
                              font.o (utoa)
c:/program files/winavr/bin/../lib/gcc/avr/4.3.3/../../../../avr/lib/avr5\libc.a(strrev.o)
                              c:/program files/winavr/bin/../lib/gcc/avr/4.3.3/../../../../avr/lib/avr5\libc.a(itoa.o) (strrev)

Allocating common symbols
Common symbol       size              file

b2                  0x2               bmp085.o
mb                  0x2               bmp085.o
ac1                 0x2               bmp085.o
b1                  0x2               bmp085.o
ac6                 0x2               bmp085.o
ac5                 0x2               bmp085.o
ac2                 0x2               bmp085.o
md                  0x2               bmp085.o
ac4                 0x2               bmp085.o
mc                  0x2               bmp085.o
ut                  0x4               bmp085.o
global_font_style   0x1               font.o
global_font_select  0x2               font.o
ac3                 0x2               bmp085.o

Memory Configuration

Name             Origin             Length             Attributes
text             0x00000000         0x00020000         xr
data             0x00800060         0x0000ffa0         rw !x
eeprom           0x00810000         0x00010000         rw !x
fuse             0x00820000         0x00000400         rw !x
lock             0x00830000         0x00000400         rw !x
signature        0x00840000         0x00000400         rw !x
*default*        0x00000000         0xffffffff

Linker script and memory map

LOAD c:/program files/winavr/bin/../lib/gcc/avr/4.3.3/../../../../avr/lib/avr5/crtm32.o
LOAD globals.o
LOAD main.o
LOAD TWI_Master.o
LOAD font_fixed_8px.o
LOAD dogm-graphic.o
LOAD font.o
LOAD timerInit.o
LOAD adcInit.o
LOAD interrupt.o
LOAD myInit.o
LOAD pwmInit.o
LOAD bmp085.o
LOAD c:/program files/winavr/bin/../lib/gcc/avr/4.3.3/avr5\libgcc.a
LOAD c:/program files/winavr/bin/../lib/gcc/avr/4.3.3/../../../../avr/lib/avr5\libc.a
LOAD c:/program files/winavr/bin/../lib/gcc/avr/4.3.3/avr5\libgcc.a

.hash
 *(.hash)

.dynsym
 *(.dynsym)

.dynstr
 *(.dynstr)

.gnu.version
 *(.gnu.version)

.gnu.version_d
 *(.gnu.version_d)

.gnu.version_r
 *(.gnu.version_r)

.rel.init
 *(.rel.init)

.rela.init
 *(.rela.init)

.rel.text
 *(.rel.text)
 *(.rel.text.*)
 *(.rel.gnu.linkonce.t*)

.rela.text
 *(.rela.text)
 *(.rela.text.*)
 *(.rela.gnu.linkonce.t*)

.rel.fini
 *(.rel.fini)

.rela.fini
 *(.rela.fini)

.rel.rodata
 *(.rel.rodata)
 *(.rel.rodata.*)
 *(.rel.gnu.linkonce.r*)

.rela.rodata
 *(.rela.rodata)
 *(.rela.rodata.*)
 *(.rela.gnu.linkonce.r*)

.rel.data
 *(.rel.data)
 *(.rel.data.*)
 *(.rel.gnu.linkonce.d*)

.rela.data
 *(.rela.data)
 *(.rela.data.*)
 *(.rela.gnu.linkonce.d*)

.rel.ctors
 *(.rel.ctors)

.rela.ctors
 *(.rela.ctors)

.rel.dtors
 *(.rel.dtors)

.rela.dtors
 *(.rela.dtors)

.rel.got
 *(.rel.got)

.rela.got
 *(.rela.got)

.rel.bss
 *(.rel.bss)

.rela.bss
 *(.rela.bss)

.rel.plt
 *(.rel.plt)

.rela.plt
 *(.rela.plt)

.text           0x00000000     0x1ba2
 *(.vectors)
 .vectors       0x00000000       0x54 c:/program files/winavr/bin/../lib/gcc/avr/4.3.3/../../../../avr/lib/avr5/crtm32.o
                0x00000000                __vectors
                0x00000000                __vector_default
 *(.vectors)
 *(.progmem.gcc*)
 *(.progmem*)
 .progmem.data  0x00000054      0x60a font_fixed_8px.o
                0x00000654                font_fixed_8px
                0x00000054                font_fixed_8px_data
 .progmem.data  0x0000065e       0x50 bmp085.o
                0x000006ae                . = ALIGN (0x2)
                0x000006ae                __trampolines_start = .
 *(.trampolines)
 .trampolines   0x000006ae        0x0 linker stubs
 *(.trampolines*)
                0x000006ae                __trampolines_end = .
 *(.jumptables)
 *(.jumptables*)
 *(.lowtext)
 *(.lowtext*)
                0x000006ae                __ctors_start = .
 *(.ctors)
                0x000006ae                __ctors_end = .
                0x000006ae                __dtors_start = .
 *(.dtors)
                0x000006ae                __dtors_end = .
 SORT(*)(.ctors)
 SORT(*)(.dtors)
 *(.init0)
 .init0         0x000006ae        0x0 c:/program files/winavr/bin/../lib/gcc/avr/4.3.3/../../../../avr/lib/avr5/crtm32.o
                0x000006ae                __init
 *(.init0)
 *(.init1)
 *(.init1)
 *(.init2)
 .init2         0x000006ae        0xc c:/program files/winavr/bin/../lib/gcc/avr/4.3.3/../../../../avr/lib/avr5/crtm32.o
 *(.init2)
 *(.init3)
 *(.init3)
 *(.init4)
 .init4         0x000006ba       0x16 c:/program files/winavr/bin/../lib/gcc/avr/4.3.3/avr5\libgcc.a(_copy_data.o)
                0x000006ba                __do_copy_data
 .init4         0x000006d0       0x10 c:/program files/winavr/bin/../lib/gcc/avr/4.3.3/avr5\libgcc.a(_clear_bss.o)
                0x000006d0                __do_clear_bss
 *(.init4)
 *(.init5)
 *(.init5)
 *(.init6)
 *(.init6)
 *(.init7)
 *(.init7)
 *(.init8)
 *(.init8)
 *(.init9)
 .init9         0x000006e0        0x8 c:/program files/winavr/bin/../lib/gcc/avr/4.3.3/../../../../avr/lib/avr5/crtm32.o
 *(.init9)
 *(.text)
 .text          0x000006e8        0x4 c:/program files/winavr/bin/../lib/gcc/avr/4.3.3/../../../../avr/lib/avr5/crtm32.o
                0x000006e8                __vector_1
                0x000006e8                __vector_12
                0x000006e8                __bad_interrupt
                0x000006e8                __vector_6
                0x000006e8                __vector_3
                0x000006e8                __vector_11
                0x000006e8                __vector_13
                0x000006e8                __vector_17
                0x000006e8                __vector_7
                0x000006e8                __vector_5
                0x000006e8                __vector_4
                0x000006e8                __vector_9
                0x000006e8                __vector_2
                0x000006e8                __vector_15
                0x000006e8                __vector_8
                0x000006e8                __vector_14
                0x000006e8                __vector_10
                0x000006e8                __vector_16
                0x000006e8                __vector_18
                0x000006e8                __vector_20
 .text          0x000006ec        0x0 globals.o
 .text          0x000006ec       0x28 main.o
                0x000006ec                main
 .text          0x00000714      0x18c TWI_Master.o
                0x00000786                TWI_Get_Data_From_Transceiver
                0x000007bc                __vector_19
                0x00000770                TWI_Start_Transceiver
                0x00000730                TWI_Start_Transceiver_With_Data
                0x00000724                TWI_Get_State_Info
                0x0000071e                TWI_Transceiver_Busy
                0x00000714                TWI_Master_Initialise
 .text          0x000008a0        0x0 font_fixed_8px.o
 .text          0x000008a0      0x440 dogm-graphic.o
                0x000008ec                lcd_data
                0x00000942                lcd_move_xy
                0x000008a0                lcd_inc_page
                0x00000b72                lcd_clear_area
                0x00000c22                init_spi_lcd
                0x00000bf8                lcd_clear_area_xy
                0x00000c3e                lcd_init
                0x000008b0                lcd_inc_column
                0x000009ec                lcd_draw_image_xy_P
                0x00000910                lcd_moveto_xy
                0x00000962                lcd_draw_image_P
                0x00000902                lcd_command
 .text          0x00000ce0      0x6ea font.o
                0x00001186                lcd_put_string
                0x000010e2                lcd_put_char_xy
                0x000012be                lcd_put_long
                0x00000cfa                font_widthtable
                0x00001322                lcd_put_string_P
                0x0000126e                lcd_put_int
                0x00001366                lcd_putstr_P
                0x0000130e                lcd_putstr
                0x000013ac                lcd_putstr_xy_P
                0x000011c8                lcd_put_short
                0x0000112e                lcd_put_string_length
                0x000010ce                lcd_putc
                0x00001110                lcd_putc_xy
                0x00000ce0                lcd_set_font
                0x00000d06                font_get_height_bytes
                0x00000cee                font_data
                0x00000d1a                font_get_add_space
                0x00000d52                font_get_char_width
                0x0000137a                lcd_put_string_xy_P
                0x00000d2e                font_get_char_number
                0x0000121e                lcd_put_uint
                0x00000d9e                font_get_char_position
                0x00000e8a                lcd_put_char
 .text          0x000013ca       0x12 timerInit.o
                0x000013ca                timer_init
 .text          0x000013dc       0x88 adcInit.o
                0x0000142c                adcRead5
                0x000013dc                adcInit
                0x000013f4                adcRead15
 .text          0x00001464        0x0 interrupt.o
 .text          0x00001464        0xe myInit.o
                0x00001464                myInit
 .text          0x00001472       0x4a pwmInit.o
                0x000014b6                pwmUpdate
                0x00001472                pwmInit
 .text          0x000014bc      0x50c bmp085.o
                0x00001802                bmp085_setupSensor
                0x00001580                bmp085_readTemp
                0x0000151c                bmp085_readUncompensatedTemp
                0x000014bc                bmp085_readInternalRegister
                0x000016b2                bmp085_getCalibrationData
                0x00001808                bmp085_displayCalibrationData
 .text          0x000019c8        0x0 c:/program files/winavr/bin/../lib/gcc/avr/4.3.3/avr5\libgcc.a(_mulsi3.o)
 .text          0x000019c8        0x0 c:/program files/winavr/bin/../lib/gcc/avr/4.3.3/avr5\libgcc.a(_udivmodhi4.o)
 .text          0x000019c8        0x0 c:/program files/winavr/bin/../lib/gcc/avr/4.3.3/avr5\libgcc.a(_divmodsi4.o)
 .text          0x000019c8        0x0 c:/program files/winavr/bin/../lib/gcc/avr/4.3.3/avr5\libgcc.a(_exit.o)
 .text          0x000019c8        0x0 c:/program files/winavr/bin/../lib/gcc/avr/4.3.3/avr5\libgcc.a(_copy_data.o)
 .text          0x000019c8        0x0 c:/program files/winavr/bin/../lib/gcc/avr/4.3.3/avr5\libgcc.a(_clear_bss.o)
 .text          0x000019c8        0x0 c:/program files/winavr/bin/../lib/gcc/avr/4.3.3/avr5\libgcc.a(_udivmodsi4.o)
 .text          0x000019c8        0x0 c:/program files/winavr/bin/../lib/gcc/avr/4.3.3/../../../../avr/lib/avr5\libc.a(itoa.o)
 .text          0x000019c8        0x0 c:/program files/winavr/bin/../lib/gcc/avr/4.3.3/../../../../avr/lib/avr5\libc.a(ltoa.o)
 .text          0x000019c8        0x0 c:/program files/winavr/bin/../lib/gcc/avr/4.3.3/../../../../avr/lib/avr5\libc.a(utoa.o)
 .text          0x000019c8        0x0 c:/program files/winavr/bin/../lib/gcc/avr/4.3.3/../../../../avr/lib/avr5\libc.a(strrev.o)
                0x000019c8                . = ALIGN (0x2)
 *(.text.*)
 .text.libgcc   0x000019c8       0x3e c:/program files/winavr/bin/../lib/gcc/avr/4.3.3/avr5\libgcc.a(_mulsi3.o)
                0x000019c8                __mulsi3
 .text.libgcc   0x00001a06       0x28 c:/program files/winavr/bin/../lib/gcc/avr/4.3.3/avr5\libgcc.a(_udivmodhi4.o)
                0x00001a06                __udivmodhi4
 .text.libgcc   0x00001a2e       0x36 c:/program files/winavr/bin/../lib/gcc/avr/4.3.3/avr5\libgcc.a(_divmodsi4.o)
                0x00001a2e                __divmodsi4
 .text.libgcc   0x00001a64        0x0 c:/program files/winavr/bin/../lib/gcc/avr/4.3.3/avr5\libgcc.a(_exit.o)
 .text.libgcc   0x00001a64        0x0 c:/program files/winavr/bin/../lib/gcc/avr/4.3.3/avr5\libgcc.a(_copy_data.o)
 .text.libgcc   0x00001a64        0x0 c:/program files/winavr/bin/../lib/gcc/avr/4.3.3/avr5\libgcc.a(_clear_bss.o)
 .text.libgcc   0x00001a64       0x44 c:/program files/winavr/bin/../lib/gcc/avr/4.3.3/avr5\libgcc.a(_udivmodsi4.o)
                0x00001a64                __udivmodsi4
 .text.avr-libc
                0x00001aa8       0x42 c:/program files/winavr/bin/../lib/gcc/avr/4.3.3/../../../../avr/lib/avr5\libc.a(itoa.o)
                0x00001aa8                itoa
 .text.avr-libc
                0x00001aea       0x68 c:/program files/winavr/bin/../lib/gcc/avr/4.3.3/../../../../avr/lib/avr5\libc.a(ltoa.o)
                0x00001aea                ltoa
 .text.avr-libc
                0x00001b52       0x2c c:/program files/winavr/bin/../lib/gcc/avr/4.3.3/../../../../avr/lib/avr5\libc.a(utoa.o)
                0x00001b52                utoa
 .text.avr-libc
                0x00001b7e       0x20 c:/program files/winavr/bin/../lib/gcc/avr/4.3.3/../../../../avr/lib/avr5\libc.a(strrev.o)
                0x00001b7e                strrev
                0x00001b9e                . = ALIGN (0x2)
 *(.fini9)
 .fini9         0x00001b9e        0x0 c:/program files/winavr/bin/../lib/gcc/avr/4.3.3/avr5\libgcc.a(_exit.o)
                0x00001b9e                exit
                0x00001b9e                _exit
 *(.fini9)
 *(.fini8)
 *(.fini8)
 *(.fini7)
 *(.fini7)
 *(.fini6)
 *(.fini6)
 *(.fini5)
 *(.fini5)
 *(.fini4)
 *(.fini4)
 *(.fini3)
 *(.fini3)
 *(.fini2)
 *(.fini2)
 *(.fini1)
 *(.fini1)
 *(.fini0)
 .fini0         0x00001b9e        0x4 c:/program files/winavr/bin/../lib/gcc/avr/4.3.3/avr5\libgcc.a(_exit.o)
 *(.fini0)
                0x00001ba2                _etext = .

.data           0x00800060        0x8 load address 0x00001ba2
                0x00800060                PROVIDE (__data_start, .)
 *(.data)
 .data          0x00800060        0x0 c:/program files/winavr/bin/../lib/gcc/avr/4.3.3/../../../../avr/lib/avr5/crtm32.o
 .data          0x00800060        0x0 globals.o
 .data          0x00800060        0x0 main.o
 .data          0x00800060        0x1 TWI_Master.o
 .data          0x00800061        0x0 font_fixed_8px.o
 .data          0x00800061        0x0 dogm-graphic.o
 .data          0x00800061        0x0 font.o
 .data          0x00800061        0x0 timerInit.o
 .data          0x00800061        0x0 adcInit.o
 .data          0x00800061        0x0 interrupt.o
 .data          0x00800061        0x0 myInit.o
 .data          0x00800061        0x0 pwmInit.o
 .data          0x00800061        0x7 bmp085.o
                0x00800064                pressure_conversiontime
                0x00800061                barometricSensorAddress
                0x00800063                oversampling_setting
 .data          0x00800068        0x0 c:/program files/winavr/bin/../lib/gcc/avr/4.3.3/avr5\libgcc.a(_mulsi3.o)
 .data          0x00800068        0x0 c:/program files/winavr/bin/../lib/gcc/avr/4.3.3/avr5\libgcc.a(_udivmodhi4.o)
 .data          0x00800068        0x0 c:/program files/winavr/bin/../lib/gcc/avr/4.3.3/avr5\libgcc.a(_divmodsi4.o)
 .data          0x00800068        0x0 c:/program files/winavr/bin/../lib/gcc/avr/4.3.3/avr5\libgcc.a(_exit.o)
 .data          0x00800068        0x0 c:/program files/winavr/bin/../lib/gcc/avr/4.3.3/avr5\libgcc.a(_copy_data.o)
 .data          0x00800068        0x0 c:/program files/winavr/bin/../lib/gcc/avr/4.3.3/avr5\libgcc.a(_clear_bss.o)
 .data          0x00800068        0x0 c:/program files/winavr/bin/../lib/gcc/avr/4.3.3/avr5\libgcc.a(_udivmodsi4.o)
 .data          0x00800068        0x0 c:/program files/winavr/bin/../lib/gcc/avr/4.3.3/../../../../avr/lib/avr5\libc.a(itoa.o)
 .data          0x00800068        0x0 c:/program files/winavr/bin/../lib/gcc/avr/4.3.3/../../../../avr/lib/avr5\libc.a(ltoa.o)
 .data          0x00800068        0x0 c:/program files/winavr/bin/../lib/gcc/avr/4.3.3/../../../../avr/lib/avr5\libc.a(utoa.o)
 .data          0x00800068        0x0 c:/program files/winavr/bin/../lib/gcc/avr/4.3.3/../../../../avr/lib/avr5\libc.a(strrev.o)
 *(.data*)
 *(.rodata)
 *(.rodata*)
 *(.gnu.linkonce.d*)
                0x00800068                . = ALIGN (0x2)
                0x00800068                _edata = .
                0x00800068                PROVIDE (__data_end, .)

.bss            0x00800068       0x26
                0x00800068                PROVIDE (__bss_start, .)
 *(.bss)
 .bss           0x00800068        0x0 c:/program files/winavr/bin/../lib/gcc/avr/4.3.3/../../../../avr/lib/avr5/crtm32.o
 .bss           0x00800068        0x0 globals.o
 .bss           0x00800068        0x0 main.o
 .bss           0x00800068        0x7 TWI_Master.o
                0x00800068                TWI_statusReg
 .bss           0x0080006f        0x0 font_fixed_8px.o
 .bss           0x0080006f        0x2 dogm-graphic.o
                0x00800070                lcd_current_column
                0x0080006f                lcd_current_page
 .bss           0x00800071        0x0 font.o
 .bss           0x00800071        0x0 timerInit.o
 .bss           0x00800071        0x0 adcInit.o
 .bss           0x00800071        0x0 interrupt.o
 .bss           0x00800071        0x0 myInit.o
 .bss           0x00800071        0x0 pwmInit.o
 .bss           0x00800071        0x0 bmp085.o
 .bss           0x00800071        0x0 c:/program files/winavr/bin/../lib/gcc/avr/4.3.3/avr5\libgcc.a(_mulsi3.o)
 .bss           0x00800071        0x0 c:/program files/winavr/bin/../lib/gcc/avr/4.3.3/avr5\libgcc.a(_udivmodhi4.o)
 .bss           0x00800071        0x0 c:/program files/winavr/bin/../lib/gcc/avr/4.3.3/avr5\libgcc.a(_divmodsi4.o)
 .bss           0x00800071        0x0 c:/program files/winavr/bin/../lib/gcc/avr/4.3.3/avr5\libgcc.a(_exit.o)
 .bss           0x00800071        0x0 c:/program files/winavr/bin/../lib/gcc/avr/4.3.3/avr5\libgcc.a(_copy_data.o)
 .bss           0x00800071        0x0 c:/program files/winavr/bin/../lib/gcc/avr/4.3.3/avr5\libgcc.a(_clear_bss.o)
 .bss           0x00800071        0x0 c:/program files/winavr/bin/../lib/gcc/avr/4.3.3/avr5\libgcc.a(_udivmodsi4.o)
 .bss           0x00800071        0x0 c:/program files/winavr/bin/../lib/gcc/avr/4.3.3/../../../../avr/lib/avr5\libc.a(itoa.o)
 .bss           0x00800071        0x0 c:/program files/winavr/bin/../lib/gcc/avr/4.3.3/../../../../avr/lib/avr5\libc.a(ltoa.o)
 .bss           0x00800071        0x0 c:/program files/winavr/bin/../lib/gcc/avr/4.3.3/../../../../avr/lib/avr5\libc.a(utoa.o)
 .bss           0x00800071        0x0 c:/program files/winavr/bin/../lib/gcc/avr/4.3.3/../../../../avr/lib/avr5\libc.a(strrev.o)
 *(.bss*)
 *(COMMON)
 COMMON         0x00800071        0x3 font.o
                0x00800071                global_font_style
                0x00800072                global_font_select
 COMMON         0x00800074       0x1a bmp085.o
                0x00800074                b2
                0x00800076                mb
                0x00800078                ac1
                0x0080007a                b1
                0x0080007c                ac6
                0x0080007e                ac5
                0x00800080                ac2
                0x00800082                md
                0x00800084                ac4
                0x00800086                mc
                0x00800088                ut
                0x0080008c                ac3
                0x0080008e                PROVIDE (__bss_end, .)
                0x00001ba2                __data_load_start = LOADADDR (.data)
                0x00001baa                __data_load_end = (__data_load_start + SIZEOF (.data))

.noinit         0x0080008e        0x0
                0x0080008e                PROVIDE (__noinit_start, .)
 *(.noinit*)
                0x0080008e                PROVIDE (__noinit_end, .)
                0x0080008e                _end = .
                0x0080008e                PROVIDE (__heap_start, .)

.eeprom         0x00810000        0x0
 *(.eeprom*)
                0x00810000                __eeprom_end = .

.fuse
 *(.fuse)
 *(.lfuse)
 *(.hfuse)
 *(.efuse)

.lock
 *(.lock*)

.signature
 *(.signature*)

.stab
 *(.stab)

.stabstr
 *(.stabstr)

.stab.excl
 *(.stab.excl)

.stab.exclstr
 *(.stab.exclstr)

.stab.index
 *(.stab.index)

.stab.indexstr
 *(.stab.indexstr)

.comment
 *(.comment)

.debug
 *(.debug)

.line
 *(.line)

.debug_srcinfo
 *(.debug_srcinfo)

.debug_sfnames
 *(.debug_sfnames)

.debug_aranges  0x00000000      0x120
 *(.debug_aranges)
 .debug_aranges
                0x00000000       0x20 main.o
 .debug_aranges
                0x00000020       0x20 TWI_Master.o
 .debug_aranges
                0x00000040       0x20 dogm-graphic.o
 .debug_aranges
                0x00000060       0x20 font.o
 .debug_aranges
                0x00000080       0x20 timerInit.o
 .debug_aranges
                0x000000a0       0x20 adcInit.o
 .debug_aranges
                0x000000c0       0x20 myInit.o
 .debug_aranges
                0x000000e0       0x20 pwmInit.o
 .debug_aranges
                0x00000100       0x20 bmp085.o

.debug_pubnames
                0x00000000      0x65a
 *(.debug_pubnames)
 .debug_pubnames
                0x00000000       0x1b main.o
 .debug_pubnames
                0x0000001b       0xde TWI_Master.o
 .debug_pubnames
                0x000000f9       0x3d font_fixed_8px.o
 .debug_pubnames
                0x00000136      0x115 dogm-graphic.o
 .debug_pubnames
                0x0000024b      0x203 font.o
 .debug_pubnames
                0x0000044e       0x21 timerInit.o
 .debug_pubnames
                0x0000046f       0x39 adcInit.o
 .debug_pubnames
                0x000004a8       0x1d myInit.o
 .debug_pubnames
                0x000004c5       0x2c pwmInit.o
 .debug_pubnames
                0x000004f1      0x169 bmp085.o

.debug_info     0x00000000     0x2847
 *(.debug_info)
 .debug_info    0x00000000       0x8d globals.o
 .debug_info    0x0000008d      0x16e main.o
 .debug_info    0x000001fb      0x249 TWI_Master.o
 .debug_info    0x00000444      0x164 font_fixed_8px.o
 .debug_info    0x000005a8      0x673 dogm-graphic.o
 .debug_info    0x00000c1b      0xf02 font.o
 .debug_info    0x00001b1d       0xc3 timerInit.o
 .debug_info    0x00001be0      0x13e adcInit.o
 .debug_info    0x00001d1e       0x8d interrupt.o
 .debug_info    0x00001dab       0xa0 myInit.o
 .debug_info    0x00001e4b       0xee pwmInit.o
 .debug_info    0x00001f39      0x90e bmp085.o
 *(.gnu.linkonce.wi.*)

.debug_abbrev   0x00000000      0xcc4
 *(.debug_abbrev)
 .debug_abbrev  0x00000000       0x51 globals.o
 .debug_abbrev  0x00000051       0xb7 main.o
 .debug_abbrev  0x00000108      0x18a TWI_Master.o
 .debug_abbrev  0x00000292       0xbc font_fixed_8px.o
 .debug_abbrev  0x0000034e      0x243 dogm-graphic.o
 .debug_abbrev  0x00000591      0x2ad font.o
 .debug_abbrev  0x0000083e       0x77 timerInit.o
 .debug_abbrev  0x000008b5       0x9d adcInit.o
 .debug_abbrev  0x00000952       0x51 interrupt.o
 .debug_abbrev  0x000009a3       0x64 myInit.o
 .debug_abbrev  0x00000a07       0x77 pwmInit.o
 .debug_abbrev  0x00000a7e      0x246 bmp085.o

.debug_line     0x00000000     0x1eb9
 *(.debug_line)
 .debug_line    0x00000000       0xed globals.o
 .debug_line    0x000000ed      0x17c main.o
 .debug_line    0x00000269      0x29f TWI_Master.o
 .debug_line    0x00000508      0x15f font_fixed_8px.o
 .debug_line    0x00000667      0x57f dogm-graphic.o
 .debug_line    0x00000be6      0x655 font.o
 .debug_line    0x0000123b      0x131 timerInit.o
 .debug_line    0x0000136c      0x1bf adcInit.o
 .debug_line    0x0000152b       0xed interrupt.o
 .debug_line    0x00001618      0x13e myInit.o
 .debug_line    0x00001756      0x187 pwmInit.o
 .debug_line    0x000018dd      0x5dc bmp085.o

.debug_frame    0x00000000      0x410
 *(.debug_frame)
 .debug_frame   0x00000000       0x20 main.o
 .debug_frame   0x00000020       0x80 TWI_Master.o
 .debug_frame   0x000000a0       0xd0 dogm-graphic.o
 .debug_frame   0x00000170      0x180 font.o
 .debug_frame   0x000002f0       0x20 timerInit.o
 .debug_frame   0x00000310       0x40 adcInit.o
 .debug_frame   0x00000350       0x20 myInit.o
 .debug_frame   0x00000370       0x30 pwmInit.o
 .debug_frame   0x000003a0       0x70 bmp085.o

.debug_str      0x00000000      0x801
 *(.debug_str)
 .debug_str     0x00000000       0xd6 globals.o
                                0x10f (size before relaxing)
 .debug_str     0x000000d6       0x5f main.o
                                0x186 (size before relaxing)
 .debug_str     0x00000135      0x11b TWI_Master.o
                                0x225 (size before relaxing)
 .debug_str     0x00000250       0x31 font_fixed_8px.o
                                0x194 (size before relaxing)
 .debug_str     0x00000281      0x15f dogm-graphic.o
                                0x29a (size before relaxing)
 .debug_str     0x000003e0      0x24f font.o
                                0x41a (size before relaxing)
 .debug_str     0x0000062f       0x2c timerInit.o
                                0x137 (size before relaxing)
 .debug_str     0x0000065b       0x3a adcInit.o
                                0x14c (size before relaxing)
 .debug_str     0x00000695       0x19 interrupt.o
                                0x11b (size before relaxing)
 .debug_str     0x000006ae       0x1d myInit.o
                                0x11f (size before relaxing)
 .debug_str     0x000006cb       0x29 pwmInit.o
                                0x13c (size before relaxing)
 .debug_str     0x000006f4      0x10d bmp085.o
                                0x2bf (size before relaxing)

.debug_loc      0x00000000     0x15b7
 *(.debug_loc)
 .debug_loc     0x00000000       0x60 TWI_Master.o
 .debug_loc     0x00000060      0x5e2 dogm-graphic.o
 .debug_loc     0x00000642      0xc54 font.o
 .debug_loc     0x00001296       0x3c adcInit.o
 .debug_loc     0x000012d2      0x2e5 bmp085.o

.debug_macinfo
 *(.debug_macinfo)
OUTPUT(droneSensorTestOwnLib.elf elf32-avr)
LOAD linker stubs

.debug_ranges   0x00000000       0xb0
 .debug_ranges  0x00000000       0x18 dogm-graphic.o
 .debug_ranges  0x00000018       0x50 font.o
 .debug_ranges  0x00000068       0x48 bmp085.o
