Archive member included because of file (symbol)

c:/program files/winavr/bin/../lib/gcc/avr/4.3.3/../../../../avr/lib/avr5\libm.a(addsf3.o)
                              fusion.o (__subsf3)
c:/program files/winavr/bin/../lib/gcc/avr/4.3.3/../../../../avr/lib/avr5\libm.a(addsf3x.o)
                              c:/program files/winavr/bin/../lib/gcc/avr/4.3.3/../../../../avr/lib/avr5\libm.a(addsf3.o) (__addsf3x)
c:/program files/winavr/bin/../lib/gcc/avr/4.3.3/../../../../avr/lib/avr5\libm.a(asin.o)
                              fusion.o (asin)
c:/program files/winavr/bin/../lib/gcc/avr/4.3.3/../../../../avr/lib/avr5\libm.a(atan2.o)
                              fusion.o (atan2)
c:/program files/winavr/bin/../lib/gcc/avr/4.3.3/../../../../avr/lib/avr5\libm.a(atan.o)
                              c:/program files/winavr/bin/../lib/gcc/avr/4.3.3/../../../../avr/lib/avr5\libm.a(atan2.o) (atan)
c:/program files/winavr/bin/../lib/gcc/avr/4.3.3/../../../../avr/lib/avr5\libm.a(cmpsf2.o)
                              imuSetup.o (__eqsf2)
c:/program files/winavr/bin/../lib/gcc/avr/4.3.3/../../../../avr/lib/avr5\libm.a(divsf3.o)
                              fusion.o (__divsf3)
c:/program files/winavr/bin/../lib/gcc/avr/4.3.3/../../../../avr/lib/avr5\libm.a(divsf3x.o)
                              c:/program files/winavr/bin/../lib/gcc/avr/4.3.3/../../../../avr/lib/avr5\libm.a(divsf3.o) (__divsf3x)
c:/program files/winavr/bin/../lib/gcc/avr/4.3.3/../../../../avr/lib/avr5\libm.a(fixsfsi.o)
                              imuSetup.o (__fixsfsi)
c:/program files/winavr/bin/../lib/gcc/avr/4.3.3/../../../../avr/lib/avr5\libm.a(fixunssfsi.o)
                              c:/program files/winavr/bin/../lib/gcc/avr/4.3.3/../../../../avr/lib/avr5\libm.a(fixsfsi.o) (__fixunssfsi)
c:/program files/winavr/bin/../lib/gcc/avr/4.3.3/../../../../avr/lib/avr5\libm.a(floatsisf.o)
                              imuSetup.o (__floatsisf)
c:/program files/winavr/bin/../lib/gcc/avr/4.3.3/../../../../avr/lib/avr5\libm.a(fp_arccos.o)
                              c:/program files/winavr/bin/../lib/gcc/avr/4.3.3/../../../../avr/lib/avr5\libm.a(asin.o) (__fp_arccos)
c:/program files/winavr/bin/../lib/gcc/avr/4.3.3/../../../../avr/lib/avr5\libm.a(fp_cmp.o)
                              c:/program files/winavr/bin/../lib/gcc/avr/4.3.3/../../../../avr/lib/avr5\libm.a(cmpsf2.o) (__fp_cmp)
c:/program files/winavr/bin/../lib/gcc/avr/4.3.3/../../../../avr/lib/avr5\libm.a(fp_inf.o)
                              c:/program files/winavr/bin/../lib/gcc/avr/4.3.3/../../../../avr/lib/avr5\libm.a(addsf3x.o) (__fp_inf)
c:/program files/winavr/bin/../lib/gcc/avr/4.3.3/../../../../avr/lib/avr5\libm.a(fp_nan.o)
                              c:/program files/winavr/bin/../lib/gcc/avr/4.3.3/../../../../avr/lib/avr5\libm.a(addsf3x.o) (__fp_nan)
c:/program files/winavr/bin/../lib/gcc/avr/4.3.3/../../../../avr/lib/avr5\libm.a(fp_powser.o)
                              c:/program files/winavr/bin/../lib/gcc/avr/4.3.3/../../../../avr/lib/avr5\libm.a(atan.o) (__fp_powser)
c:/program files/winavr/bin/../lib/gcc/avr/4.3.3/../../../../avr/lib/avr5\libm.a(fp_powsodd.o)
                              c:/program files/winavr/bin/../lib/gcc/avr/4.3.3/../../../../avr/lib/avr5\libm.a(asin.o) (__fp_powsodd)
c:/program files/winavr/bin/../lib/gcc/avr/4.3.3/../../../../avr/lib/avr5\libm.a(fp_pscA.o)
                              c:/program files/winavr/bin/../lib/gcc/avr/4.3.3/../../../../avr/lib/avr5\libm.a(addsf3x.o) (__fp_pscA)
c:/program files/winavr/bin/../lib/gcc/avr/4.3.3/../../../../avr/lib/avr5\libm.a(fp_pscB.o)
                              c:/program files/winavr/bin/../lib/gcc/avr/4.3.3/../../../../avr/lib/avr5\libm.a(addsf3x.o) (__fp_pscB)
c:/program files/winavr/bin/../lib/gcc/avr/4.3.3/../../../../avr/lib/avr5\libm.a(fp_round.o)
                              c:/program files/winavr/bin/../lib/gcc/avr/4.3.3/../../../../avr/lib/avr5\libm.a(addsf3.o) (__fp_round)
c:/program files/winavr/bin/../lib/gcc/avr/4.3.3/../../../../avr/lib/avr5\libm.a(fp_split3.o)
                              c:/program files/winavr/bin/../lib/gcc/avr/4.3.3/../../../../avr/lib/avr5\libm.a(addsf3x.o) (__fp_split3)
c:/program files/winavr/bin/../lib/gcc/avr/4.3.3/../../../../avr/lib/avr5\libm.a(fp_zero.o)
                              c:/program files/winavr/bin/../lib/gcc/avr/4.3.3/../../../../avr/lib/avr5\libm.a(addsf3x.o) (__fp_zero)
c:/program files/winavr/bin/../lib/gcc/avr/4.3.3/../../../../avr/lib/avr5\libm.a(inverse.o)
                              c:/program files/winavr/bin/../lib/gcc/avr/4.3.3/../../../../avr/lib/avr5\libm.a(atan.o) (inverse)
c:/program files/winavr/bin/../lib/gcc/avr/4.3.3/../../../../avr/lib/avr5\libm.a(mulsf3.o)
                              fusion.o (__mulsf3)
c:/program files/winavr/bin/../lib/gcc/avr/4.3.3/../../../../avr/lib/avr5\libm.a(mulsf3x.o)
                              c:/program files/winavr/bin/../lib/gcc/avr/4.3.3/../../../../avr/lib/avr5\libm.a(atan.o) (__mulsf3x)
c:/program files/winavr/bin/../lib/gcc/avr/4.3.3/../../../../avr/lib/avr5\libm.a(sqrt.o)
                              fusion.o (sqrt)
c:/program files/winavr/bin/../lib/gcc/avr/4.3.3/../../../../avr/lib/avr5\libm.a(square.o)
                              c:/program files/winavr/bin/../lib/gcc/avr/4.3.3/../../../../avr/lib/avr5\libm.a(atan.o) (square)
c:/program files/winavr/bin/../lib/gcc/avr/4.3.3/../../../../avr/lib/avr5\libm.a(fp_mpack.o)
                              c:/program files/winavr/bin/../lib/gcc/avr/4.3.3/../../../../avr/lib/avr5\libm.a(sqrt.o) (__fp_mpack)
c:/program files/winavr/bin/../lib/gcc/avr/4.3.3/../../../../avr/lib/avr5\libm.a(fp_norm2.o)
                              c:/program files/winavr/bin/../lib/gcc/avr/4.3.3/../../../../avr/lib/avr5\libm.a(sqrt.o) (__fp_norm2)
c:/program files/winavr/bin/../lib/gcc/avr/4.3.3/avr5\libgcc.a(_mulsi3.o)
                              imuSetup.o (__mulsi3)
c:/program files/winavr/bin/../lib/gcc/avr/4.3.3/avr5\libgcc.a(_divmodhi4.o)
                              imuSetup.o (__divmodhi4)
c:/program files/winavr/bin/../lib/gcc/avr/4.3.3/avr5\libgcc.a(_udivmodsi4.o)
                              avr.o (__udivmodsi4)
c:/program files/winavr/bin/../lib/gcc/avr/4.3.3/avr5\libgcc.a(_divmodsi4.o)
                              imuSetup.o (__divmodsi4)
c:/program files/winavr/bin/../lib/gcc/avr/4.3.3/avr5\libgcc.a(_exit.o)
                              c:/program files/winavr/bin/../lib/gcc/avr/4.3.3/../../../../avr/lib/avr5/crtm32.o (exit)
c:/program files/winavr/bin/../lib/gcc/avr/4.3.3/avr5\libgcc.a(_copy_data.o)
                              fusion.o (__do_copy_data)
c:/program files/winavr/bin/../lib/gcc/avr/4.3.3/avr5\libgcc.a(_clear_bss.o)
                              avr.o (__do_clear_bss)
c:/program files/winavr/bin/../lib/gcc/avr/4.3.3/avr5\libgcc.a(_muldi3.o)
                              imuSetup.o (__muldi3)
c:/program files/winavr/bin/../lib/gcc/avr/4.3.3/avr5\libgcc.a(_ashldi3.o)
                              imuFIFO.o (__ashldi3)
c:/program files/winavr/bin/../lib/gcc/avr/4.3.3/avr5\libgcc.a(_ashrdi3.o)
                              imuSetup.o (__ashrdi3)
c:/program files/winavr/bin/../lib/gcc/avr/4.3.3/avr5\libgcc.a(_divdi3.o)
                              imuSetup.o (__divdi3)
c:/program files/winavr/bin/../lib/gcc/avr/4.3.3/avr5\libgcc.a(_udivmodhi4.o)
                              c:/program files/winavr/bin/../lib/gcc/avr/4.3.3/avr5\libgcc.a(_divmodhi4.o) (__udivmodhi4)
c:/program files/winavr/bin/../lib/gcc/avr/4.3.3/avr5\libgcc.a(_prologue.o)
                              c:/program files/winavr/bin/../lib/gcc/avr/4.3.3/avr5\libgcc.a(_muldi3.o) (__prologue_saves__)
c:/program files/winavr/bin/../lib/gcc/avr/4.3.3/avr5\libgcc.a(_epilogue.o)
                              c:/program files/winavr/bin/../lib/gcc/avr/4.3.3/avr5\libgcc.a(_muldi3.o) (__epilogue_restores__)
c:/program files/winavr/bin/../lib/gcc/avr/4.3.3/avr5\libgcc.a(_clz.o)
                              c:/program files/winavr/bin/../lib/gcc/avr/4.3.3/avr5\libgcc.a(_divdi3.o) (__clz_tab)
c:/program files/winavr/bin/../lib/gcc/avr/4.3.3/../../../../avr/lib/avr5\libc.a(calloc.o)
                              twi.o (calloc)
c:/program files/winavr/bin/../lib/gcc/avr/4.3.3/../../../../avr/lib/avr5\libc.a(malloc.o)
                              c:/program files/winavr/bin/../lib/gcc/avr/4.3.3/../../../../avr/lib/avr5\libc.a(calloc.o) (malloc)
c:/program files/winavr/bin/../lib/gcc/avr/4.3.3/../../../../avr/lib/avr5\libc.a(memcpy.o)
                              imuMldl.o (memcpy)
c:/program files/winavr/bin/../lib/gcc/avr/4.3.3/../../../../avr/lib/avr5\libc.a(memset.o)
                              c:/program files/winavr/bin/../lib/gcc/avr/4.3.3/../../../../avr/lib/avr5\libc.a(calloc.o) (memset)

Allocating common symbols
Common symbol       size              file

mpuRegister         0x1               imuMldl.o
mlCtrlxData         0x3c              mlcontrol.o
auxRegisterValid    0x1               imuMldl.o
FIFOData            0x6c              imuFIFO.o
__brkval            0x2               c:/program files/winavr/bin/../lib/gcc/avr/4.3.3/../../../../avr/lib/avr5\libc.a(malloc.o)
auxRegister         0x1               imuMldl.o
mlxData             0xde              imuSetup.o
kionixRegister      0x1               imuMldl.o
mldlData            0x1a              imuMldl.o
__flp               0x2               c:/program files/winavr/bin/../lib/gcc/avr/4.3.3/../../../../avr/lib/avr5\libc.a(malloc.o)
mpuRegisterValid    0x1               imuMldl.o
kionixRegisterValid
                    0x1               imuMldl.o

Memory Configuration

Name             Origin             Length             Attributes
text             0x00000000         0x00020000         xr
data             0x00800060         0x0000ffa0         rw !x
eeprom           0x00810000         0x00010000         rw !x
fuse             0x00820000         0x00000400         rw !x
lock             0x00830000         0x00000400         rw !x
signature        0x00840000         0x00000400         rw !x
*default*        0x00000000         0xffffffff

Linker script and memory map

LOAD c:/program files/winavr/bin/../lib/gcc/avr/4.3.3/../../../../avr/lib/avr5/crtm32.o
LOAD avr.o
LOAD imu.o
LOAD main.o
LOAD fusion.o
LOAD imuMldl.o
LOAD imuSetup.o
LOAD twi.o
LOAD imuMlsl.o
LOAD imuMlos.o
LOAD dmpDefault.o
LOAD mlcontrol.o
LOAD imuFIFO.o
LOAD imuCompatibility.o
LOAD c:/program files/winavr/bin/../lib/gcc/avr/4.3.3/../../../../avr/lib/avr5\libm.a
LOAD c:/program files/winavr/bin/../lib/gcc/avr/4.3.3/avr5\libgcc.a
LOAD c:/program files/winavr/bin/../lib/gcc/avr/4.3.3/../../../../avr/lib/avr5\libc.a
LOAD c:/program files/winavr/bin/../lib/gcc/avr/4.3.3/avr5\libgcc.a

.hash
 *(.hash)

.dynsym
 *(.dynsym)

.dynstr
 *(.dynstr)

.gnu.version
 *(.gnu.version)

.gnu.version_d
 *(.gnu.version_d)

.gnu.version_r
 *(.gnu.version_r)

.rel.init
 *(.rel.init)

.rela.init
 *(.rela.init)

.rel.text
 *(.rel.text)
 *(.rel.text.*)
 *(.rel.gnu.linkonce.t*)

.rela.text
 *(.rela.text)
 *(.rela.text.*)
 *(.rela.gnu.linkonce.t*)

.rel.fini
 *(.rel.fini)

.rela.fini
 *(.rela.fini)

.rel.rodata
 *(.rel.rodata)
 *(.rel.rodata.*)
 *(.rel.gnu.linkonce.r*)

.rela.rodata
 *(.rela.rodata)
 *(.rela.rodata.*)
 *(.rela.gnu.linkonce.r*)

.rel.data
 *(.rel.data)
 *(.rel.data.*)
 *(.rel.gnu.linkonce.d*)

.rela.data
 *(.rela.data)
 *(.rela.data.*)
 *(.rela.gnu.linkonce.d*)

.rel.ctors
 *(.rel.ctors)

.rela.ctors
 *(.rela.ctors)

.rel.dtors
 *(.rel.dtors)

.rela.dtors
 *(.rela.dtors)

.rel.got
 *(.rel.got)

.rela.got
 *(.rela.got)

.rel.bss
 *(.rel.bss)

.rela.bss
 *(.rela.bss)

.rel.plt
 *(.rel.plt)

.rela.plt
 *(.rela.plt)

.text           0x00000000     0x74c4
 *(.vectors)
 .vectors       0x00000000       0x54 c:/program files/winavr/bin/../lib/gcc/avr/4.3.3/../../../../avr/lib/avr5/crtm32.o
                0x00000000                __vectors
                0x00000000                __vector_default
 *(.vectors)
 *(.progmem.gcc*)
 .progmem.gcc_fplib
                0x00000054       0x14 c:/program files/winavr/bin/../lib/gcc/avr/4.3.3/../../../../avr/lib/avr5\libm.a(asin.o)
 .progmem.gcc_fplib
                0x00000068       0x2d c:/program files/winavr/bin/../lib/gcc/avr/4.3.3/../../../../avr/lib/avr5\libm.a(atan.o)
 .progmem.gcc_fplib
                0x00000095       0x28 c:/program files/winavr/bin/../lib/gcc/avr/4.3.3/../../../../avr/lib/avr5\libm.a(fp_arccos.o)
 *(.progmem*)
                0x000000be                . = ALIGN (0x2)
 *fill*         0x000000bd        0x1 00
                0x000000be                __trampolines_start = .
 *(.trampolines)
 .trampolines   0x000000be        0x0 linker stubs
 *(.trampolines*)
                0x000000be                __trampolines_end = .
 *(.jumptables)
 *(.jumptables*)
 *(.lowtext)
 *(.lowtext*)
                0x000000be                __ctors_start = .
 *(.ctors)
                0x000000be                __ctors_end = .
                0x000000be                __dtors_start = .
 *(.dtors)
                0x000000be                __dtors_end = .
 SORT(*)(.ctors)
 SORT(*)(.dtors)
 *(.init0)
 .init0         0x000000be        0x0 c:/program files/winavr/bin/../lib/gcc/avr/4.3.3/../../../../avr/lib/avr5/crtm32.o
                0x000000be                __init
 *(.init0)
 *(.init1)
 *(.init1)
 *(.init2)
 .init2         0x000000be        0xc c:/program files/winavr/bin/../lib/gcc/avr/4.3.3/../../../../avr/lib/avr5/crtm32.o
 *(.init2)
 *(.init3)
 *(.init3)
 *(.init4)
 .init4         0x000000ca       0x16 c:/program files/winavr/bin/../lib/gcc/avr/4.3.3/avr5\libgcc.a(_copy_data.o)
                0x000000ca                __do_copy_data
 .init4         0x000000e0       0x10 c:/program files/winavr/bin/../lib/gcc/avr/4.3.3/avr5\libgcc.a(_clear_bss.o)
                0x000000e0                __do_clear_bss
 *(.init4)
 *(.init5)
 *(.init5)
 *(.init6)
 *(.init6)
 *(.init7)
 *(.init7)
 *(.init8)
 *(.init8)
 *(.init9)
 .init9         0x000000f0        0x8 c:/program files/winavr/bin/../lib/gcc/avr/4.3.3/../../../../avr/lib/avr5/crtm32.o
 *(.init9)
 *(.text)
 .text          0x000000f8        0x4 c:/program files/winavr/bin/../lib/gcc/avr/4.3.3/../../../../avr/lib/avr5/crtm32.o
                0x000000f8                __vector_1
                0x000000f8                __vector_12
                0x000000f8                __bad_interrupt
                0x000000f8                __vector_6
                0x000000f8                __vector_3
                0x000000f8                __vector_13
                0x000000f8                __vector_17
                0x000000f8                __vector_7
                0x000000f8                __vector_5
                0x000000f8                __vector_4
                0x000000f8                __vector_2
                0x000000f8                __vector_15
                0x000000f8                __vector_8
                0x000000f8                __vector_14
                0x000000f8                __vector_10
                0x000000f8                __vector_16
                0x000000f8                __vector_18
                0x000000f8                __vector_20
 .text          0x000000fc      0x238 avr.o
                0x00000202                avr_micros
                0x000001a4                avr_ticks
                0x00000288                avr_delay
                0x000000fc                __vector_11
                0x00000320                avr_timerInit
                0x0000030c                avr_timer1Init
                0x000002cc                __vector_9
                0x00000246                avr_millis
 .text          0x00000334      0x4e6 imu.o
                0x000005d0                imu_setDigitalLowPassFilter
                0x000004f6                imu_readByte
                0x00000482                imu_registerRead
                0x00000586                imu_enablePassThrough
                0x0000060c                imu_fifoClear
                0x000003b4                imu_fifoEnable
                0x00000432                imu_readWord
                0x00000624                imu_fifoFromFooter
                0x000004e6                imu_fifoReadWord
                0x000003e4                imu_read
                0x0000058e                imu_setGyroFullScale
                0x0000035e                imu_writeByte
                0x00000388                imu_setSamplingRateDivider
                0x0000057e                imu_disablePassThrough
                0x00000334                imu_writeAuxByte
                0x000004ee                imu_fifoCount
                0x000006cc                imu_fifoRead
 .text          0x0000081a       0xee main.o
                0x0000081a                imu_configKionix
                0x00000874                imu_init
                0x000008b6                main
 .text          0x00000908      0xad4 fusion.o
                0x00000c1e                fusion_getYaw
                0x00000c98                fusion_update
                0x00000ad4                fusion_getPitch
                0x00000908                fusion_reset
                0x0000098a                fusion_getRoll
 .text          0x000013dc      0xa6a imuMldl.o
                0x000014de                MLDLSetRegisterMPU
                0x00001478                MLDLGetRegistersMPU
                0x00001460                MPUGetRegisterShadow
                0x000016fc                MLDLGetFifoLength
                0x000017d8                MLDLSetI2CPassThrough
                0x00001958                MLDLClockSource
                0x000013dc                setGetAddress
                0x00001932                MLDLDMPInit
                0x00001988                MLDLPowerMgmtMPU
                0x00001b4e                MLDLCtrlDmp
                0x00001426                MLDLGetIntTrigger
                0x0000157c                MLDLSetMemoryMPU
                0x00001cd8                MLDLGetDMPData
                0x00001420                MLDLGetMPUSlaveAddr
                0x000013e6                MLDLGetDefaultAuxSlaveAddr
                0x00001818                MLDLDmpAccelInit
                0x00001c54                MLDLCfgHardware
                0x0000143e                MLDLIntHandler
                0x000016ca                MLDLReadFifo
                0x00001cba                MLDLSetAuxParams
                0x00001ba0                loadDMP
                0x00001b08                MLDLCfgSamplingMPU
                0x00001456                MLDLGetFifoStatus
                0x00001e12                MLDLInit
                0x00001768                MLDLGetMemoryMPU
                0x00001c12                MLDLDmpStart
                0x000013ec                MLDLSetDefaultParams
                0x00001432                MLDLClearIntTrigger
 .text          0x00001e46     0x175c imuSetup.o
                0x00001e46                MLControlUpdate
                0x000021da                MLUpdateBias
                0x00003540                IMUopen
                0x000031d6                IMUclose
                0x0000289a                MLSetGyroCalibration
                0x00002d0a                MLSetAccelCalibration
                0x0000313e                IMUupdateData
                0x00002774                MLSetDataMode
                0x00003040                MLSetAuxSlaveAddr
                0x000030f2                MLProcessInts
                0x0000345c                MLXInit
                0x000030be                MLGetDMPData
                0x00002184                MLXAccelInit
                0x00002fce                MLDisableControl
                0x0000301a                IMUsetMotionCallback
                0x00003346                IMUsetBiasUpdateFunc
                0x00002656                MLPollMotionStatus
                0x00003214                IMUsetTemperatureSlope
                0x000031f8                IMUstart
                0x0000282e                MLSetInterrupts
                0x00002ff4                MLEnableControl
 .text          0x000035a2      0x4a2 twi.o
                0x0000369e                twi_transmit
                0x0000370a                twi_releaseBus
                0x000036d8                twi_attachSlaveRxEvent
                0x000039f2                twi_init
                0x00003616                twi_writeTo
                0x000036e2                twi_attachSlaveTxEvent
                0x00003714                __vector_19
                0x000035a8                twi_readFrom
                0x000036ec                twi_reply
                0x000036fa                twi_stop
                0x000035a2                twi_setAddress
 .text          0x00003a44      0x132 imuMlsl.o
                0x00003b1c                MLSLSerialReadSingle
                0x00003a4c                MLSLSerialWriteBurst
                0x00003b6e                IMUserialOpen
                0x00003ac4                MLSLSerialReadBurst
                0x00003a48                MLSLIntHandler
                0x00003a9c                MLSLSerialWriteSingle
                0x00003b66                MLSLSerialReset
                0x00003a44                IMUserialClose
 .text          0x00003b76       0x22 imuMlos.o
                0x00003b7c                MLOSFree
                0x00003b86                MLOSSleep
                0x00003b80                MLOSGetTickCount
                0x00003b76                MLOSMalloc
 .text          0x00003b98       0x92 dmpDefault.o
                0x00003bfc                dmpDefault
 .text          0x00003c2a      0x736 mlcontrol.o
                0x00003cf0                MLSetGridMax
                0x00003dcc                MLGetGridNum
                0x00003e9e                MLGetControlSignal
                0x00003d5e                MLSetGridThresh
                0x00003c2a                MLGetControlData
                0x00003ca4                MLSetControlSignals
                0x00003f70                MLSetControlData
                0x000041f0                MLSetControlSensitivity
                0x00004144                MLSetControlFunc
                0x00003cca                MLSetGridCallback
 .text          0x00004360     0x1296 imuFIFO.o
                0x00004d42                IMUgetSensorData
                0x00004de0                IMUgetAngularVelocityWorld
                0x00005120                IMUsendControlDataToFIFO
                0x00004d1c                IMUgetTemperature
                0x0000524a                IMUsendLinearAccelToFIFO
                0x0000501a                MLSetProcessedFIFOCallback
                0x0000535e                IMUsendGyroToFIFO
                0x00005536                IMUsendAngularVelocityWorldToFIFO
                0x00004efe                IMUgetLinearAccel
                0x00004ea8                IMUgetGyro
                0x000051b8                IMUsendLinearAccelWorldToFIFO
                0x00005018                quaternionToRotationMatrix
                0x00004de4                IMUgetAccel
                0x000055c2                FIFOParamInit
                0x00004f54                IMUgetLinearAccelWorld
                0x00004e3a                IMUgetQuaternion
                0x000053e8                IMUsendRawToFIFO
                0x00005040                IMUsetFIFORate
                0x000054c8                IMUsendQuaternionToFIFO
                0x00004360                MLProcessFIFOData
                0x0000554e                readAndProcessFIFO
                0x00004faa                IMUgetControlData
                0x000052d4                IMUsendAccelToFIFO
 .text          0x000055f6       0x22 imuCompatibility.o
                0x00005606                clearCompatible
                0x0000560c                setCompatible
                0x000055f6                isCompatible
 .text          0x00005618        0x0 c:/program files/winavr/bin/../lib/gcc/avr/4.3.3/../../../../avr/lib/avr5\libm.a(addsf3.o)
 .text          0x00005618        0x0 c:/program files/winavr/bin/../lib/gcc/avr/4.3.3/../../../../avr/lib/avr5\libm.a(addsf3x.o)
 .text          0x00005618        0x0 c:/program files/winavr/bin/../lib/gcc/avr/4.3.3/../../../../avr/lib/avr5\libm.a(asin.o)
 .text          0x00005618        0x0 c:/program files/winavr/bin/../lib/gcc/avr/4.3.3/../../../../avr/lib/avr5\libm.a(atan2.o)
 .text          0x00005618        0x0 c:/program files/winavr/bin/../lib/gcc/avr/4.3.3/../../../../avr/lib/avr5\libm.a(atan.o)
 .text          0x00005618        0x0 c:/program files/winavr/bin/../lib/gcc/avr/4.3.3/../../../../avr/lib/avr5\libm.a(cmpsf2.o)
 .text          0x00005618        0x0 c:/program files/winavr/bin/../lib/gcc/avr/4.3.3/../../../../avr/lib/avr5\libm.a(divsf3.o)
 .text          0x00005618        0x0 c:/program files/winavr/bin/../lib/gcc/avr/4.3.3/../../../../avr/lib/avr5\libm.a(divsf3x.o)
 .text          0x00005618        0x0 c:/program files/winavr/bin/../lib/gcc/avr/4.3.3/../../../../avr/lib/avr5\libm.a(fixsfsi.o)
 .text          0x00005618        0x0 c:/program files/winavr/bin/../lib/gcc/avr/4.3.3/../../../../avr/lib/avr5\libm.a(fixunssfsi.o)
 .text          0x00005618        0x0 c:/program files/winavr/bin/../lib/gcc/avr/4.3.3/../../../../avr/lib/avr5\libm.a(floatsisf.o)
 .text          0x00005618        0x0 c:/program files/winavr/bin/../lib/gcc/avr/4.3.3/../../../../avr/lib/avr5\libm.a(fp_arccos.o)
 .text          0x00005618        0x0 c:/program files/winavr/bin/../lib/gcc/avr/4.3.3/../../../../avr/lib/avr5\libm.a(fp_cmp.o)
 .text          0x00005618        0x0 c:/program files/winavr/bin/../lib/gcc/avr/4.3.3/../../../../avr/lib/avr5\libm.a(fp_inf.o)
 .text          0x00005618        0x0 c:/program files/winavr/bin/../lib/gcc/avr/4.3.3/../../../../avr/lib/avr5\libm.a(fp_nan.o)
 .text          0x00005618        0x0 c:/program files/winavr/bin/../lib/gcc/avr/4.3.3/../../../../avr/lib/avr5\libm.a(fp_powser.o)
 .text          0x00005618        0x0 c:/program files/winavr/bin/../lib/gcc/avr/4.3.3/../../../../avr/lib/avr5\libm.a(fp_powsodd.o)
 .text          0x00005618        0x0 c:/program files/winavr/bin/../lib/gcc/avr/4.3.3/../../../../avr/lib/avr5\libm.a(fp_pscA.o)
 .text          0x00005618        0x0 c:/program files/winavr/bin/../lib/gcc/avr/4.3.3/../../../../avr/lib/avr5\libm.a(fp_pscB.o)
 .text          0x00005618        0x0 c:/program files/winavr/bin/../lib/gcc/avr/4.3.3/../../../../avr/lib/avr5\libm.a(fp_round.o)
 .text          0x00005618        0x0 c:/program files/winavr/bin/../lib/gcc/avr/4.3.3/../../../../avr/lib/avr5\libm.a(fp_split3.o)
 .text          0x00005618        0x0 c:/program files/winavr/bin/../lib/gcc/avr/4.3.3/../../../../avr/lib/avr5\libm.a(fp_zero.o)
 .text          0x00005618        0x0 c:/program files/winavr/bin/../lib/gcc/avr/4.3.3/../../../../avr/lib/avr5\libm.a(inverse.o)
 .text          0x00005618        0x0 c:/program files/winavr/bin/../lib/gcc/avr/4.3.3/../../../../avr/lib/avr5\libm.a(mulsf3.o)
 .text          0x00005618        0x0 c:/program files/winavr/bin/../lib/gcc/avr/4.3.3/../../../../avr/lib/avr5\libm.a(mulsf3x.o)
 .text          0x00005618        0x0 c:/program files/winavr/bin/../lib/gcc/avr/4.3.3/../../../../avr/lib/avr5\libm.a(sqrt.o)
 .text          0x00005618        0x0 c:/program files/winavr/bin/../lib/gcc/avr/4.3.3/../../../../avr/lib/avr5\libm.a(square.o)
 .text          0x00005618        0x0 c:/program files/winavr/bin/../lib/gcc/avr/4.3.3/../../../../avr/lib/avr5\libm.a(fp_mpack.o)
 .text          0x00005618        0x0 c:/program files/winavr/bin/../lib/gcc/avr/4.3.3/../../../../avr/lib/avr5\libm.a(fp_norm2.o)
 .text          0x00005618        0x0 c:/program files/winavr/bin/../lib/gcc/avr/4.3.3/avr5\libgcc.a(_mulsi3.o)
 .text          0x00005618        0x0 c:/program files/winavr/bin/../lib/gcc/avr/4.3.3/avr5\libgcc.a(_divmodhi4.o)
 .text          0x00005618        0x0 c:/program files/winavr/bin/../lib/gcc/avr/4.3.3/avr5\libgcc.a(_udivmodsi4.o)
 .text          0x00005618        0x0 c:/program files/winavr/bin/../lib/gcc/avr/4.3.3/avr5\libgcc.a(_divmodsi4.o)
 .text          0x00005618        0x0 c:/program files/winavr/bin/../lib/gcc/avr/4.3.3/avr5\libgcc.a(_exit.o)
 .text          0x00005618        0x0 c:/program files/winavr/bin/../lib/gcc/avr/4.3.3/avr5\libgcc.a(_copy_data.o)
 .text          0x00005618        0x0 c:/program files/winavr/bin/../lib/gcc/avr/4.3.3/avr5\libgcc.a(_clear_bss.o)
 .text          0x00005618      0x1f6 c:/program files/winavr/bin/../lib/gcc/avr/4.3.3/avr5\libgcc.a(_muldi3.o)
                0x00005618                __muldi3
 .text          0x0000580e       0xfe c:/program files/winavr/bin/../lib/gcc/avr/4.3.3/avr5\libgcc.a(_ashldi3.o)
                0x0000580e                __ashldi3
 .text          0x0000590c      0x10a c:/program files/winavr/bin/../lib/gcc/avr/4.3.3/avr5\libgcc.a(_ashrdi3.o)
                0x0000590c                __ashrdi3
 .text          0x00005a16     0x1050 c:/program files/winavr/bin/../lib/gcc/avr/4.3.3/avr5\libgcc.a(_divdi3.o)
                0x00005a16                __divdi3
 .text          0x00006a66        0x0 c:/program files/winavr/bin/../lib/gcc/avr/4.3.3/avr5\libgcc.a(_udivmodhi4.o)
 .text          0x00006a66        0x0 c:/program files/winavr/bin/../lib/gcc/avr/4.3.3/avr5\libgcc.a(_prologue.o)
 .text          0x00006a66        0x0 c:/program files/winavr/bin/../lib/gcc/avr/4.3.3/avr5\libgcc.a(_epilogue.o)
 .text          0x00006a66        0x0 c:/program files/winavr/bin/../lib/gcc/avr/4.3.3/avr5\libgcc.a(_clz.o)
 .text          0x00006a66        0x0 c:/program files/winavr/bin/../lib/gcc/avr/4.3.3/../../../../avr/lib/avr5\libc.a(calloc.o)
 .text          0x00006a66        0x0 c:/program files/winavr/bin/../lib/gcc/avr/4.3.3/../../../../avr/lib/avr5\libc.a(malloc.o)
 .text          0x00006a66        0x0 c:/program files/winavr/bin/../lib/gcc/avr/4.3.3/../../../../avr/lib/avr5\libc.a(memcpy.o)
 .text          0x00006a66        0x0 c:/program files/winavr/bin/../lib/gcc/avr/4.3.3/../../../../avr/lib/avr5\libc.a(memset.o)
                0x00006a66                . = ALIGN (0x2)
 *(.text.*)
 .text.avr-libc.fplib
                0x00006a66        0xa c:/program files/winavr/bin/../lib/gcc/avr/4.3.3/../../../../avr/lib/avr5\libm.a(addsf3.o)
                0x00006a66                __subsf3
                0x00006a68                __addsf3
 .text.avr-libc.fplib
                0x00006a70       0xc0 c:/program files/winavr/bin/../lib/gcc/avr/4.3.3/../../../../avr/lib/avr5\libm.a(addsf3x.o)
                0x00006a8a                __addsf3x
 .text.avr-libc.fplib
                0x00006b30       0x2e c:/program files/winavr/bin/../lib/gcc/avr/4.3.3/../../../../avr/lib/avr5\libm.a(asin.o)
                0x00006b30                asin
 .text.avr-libc.fplib
                0x00006b5e       0x74 c:/program files/winavr/bin/../lib/gcc/avr/4.3.3/../../../../avr/lib/avr5\libm.a(atan2.o)
                0x00006b7c                atan2
 .text.avr-libc.fplib
                0x00006bd2       0x50 c:/program files/winavr/bin/../lib/gcc/avr/4.3.3/../../../../avr/lib/avr5\libm.a(atan.o)
                0x00006bd2                atan
 .text.avr-libc.fplib
                0x00006c22        0x8 c:/program files/winavr/bin/../lib/gcc/avr/4.3.3/../../../../avr/lib/avr5\libm.a(cmpsf2.o)
                0x00006c22                __lesf2
                0x00006c22                __nesf2
                0x00006c22                __eqsf2
                0x00006c22                __cmpsf2
                0x00006c22                __ltsf2
 .text.avr-libc.fplib
                0x00006c2a        0x4 c:/program files/winavr/bin/../lib/gcc/avr/4.3.3/../../../../avr/lib/avr5\libm.a(divsf3.o)
                0x00006c2a                __divsf3
 .text.avr-libc.fplib
                0x00006c2e       0xcc c:/program files/winavr/bin/../lib/gcc/avr/4.3.3/../../../../avr/lib/avr5\libm.a(divsf3x.o)
                0x00006c44                __divsf3x
                0x00006c48                __divsf3_pse
 .text.avr-libc.fplib
                0x00006cfa        0xa c:/program files/winavr/bin/../lib/gcc/avr/4.3.3/../../../../avr/lib/avr5\libm.a(fixsfsi.o)
                0x00006cfa                __fixsfsi
 .text.avr-libc.fplib
                0x00006d04       0x58 c:/program files/winavr/bin/../lib/gcc/avr/4.3.3/../../../../avr/lib/avr5\libm.a(fixunssfsi.o)
                0x00006d04                __fixunssfsi
 .text.avr-libc.fplib
                0x00006d5c       0x7a c:/program files/winavr/bin/../lib/gcc/avr/4.3.3/../../../../avr/lib/avr5\libm.a(floatsisf.o)
                0x00006d60                __floatsisf
                0x00006d5c                __floatunsisf
 .text.avr-libc.fplib
                0x00006dd6       0x36 c:/program files/winavr/bin/../lib/gcc/avr/4.3.3/../../../../avr/lib/avr5\libm.a(fp_arccos.o)
                0x00006dd6                __fp_arccos
 .text.avr-libc.fplib
                0x00006e0c       0x48 c:/program files/winavr/bin/../lib/gcc/avr/4.3.3/../../../../avr/lib/avr5\libm.a(fp_cmp.o)
                0x00006e0c                __fp_cmp
 .text.avr-libc.fplib
                0x00006e54        0xc c:/program files/winavr/bin/../lib/gcc/avr/4.3.3/../../../../avr/lib/avr5\libm.a(fp_inf.o)
                0x00006e54                __fp_inf
 .text.avr-libc.fplib
                0x00006e60        0x6 c:/program files/winavr/bin/../lib/gcc/avr/4.3.3/../../../../avr/lib/avr5\libm.a(fp_nan.o)
                0x00006e60                __fp_nan
 .text.avr-libc.fplib
                0x00006e66       0x4a c:/program files/winavr/bin/../lib/gcc/avr/4.3.3/../../../../avr/lib/avr5\libm.a(fp_powser.o)
                0x00006e66                __fp_powser
 .text.avr-libc.fplib
                0x00006eb0       0x22 c:/program files/winavr/bin/../lib/gcc/avr/4.3.3/../../../../avr/lib/avr5\libm.a(fp_powsodd.o)
                0x00006eb0                __fp_powsodd
 .text.avr-libc.fplib
                0x00006ed2        0xe c:/program files/winavr/bin/../lib/gcc/avr/4.3.3/../../../../avr/lib/avr5\libm.a(fp_pscA.o)
                0x00006ed2                __fp_pscA
 .text.avr-libc.fplib
                0x00006ee0        0xe c:/program files/winavr/bin/../lib/gcc/avr/4.3.3/../../../../avr/lib/avr5\libm.a(fp_pscB.o)
                0x00006ee0                __fp_pscB
 .text.avr-libc.fplib
                0x00006eee       0x22 c:/program files/winavr/bin/../lib/gcc/avr/4.3.3/../../../../avr/lib/avr5\libm.a(fp_round.o)
                0x00006eee                __fp_round
 .text.avr-libc.fplib
                0x00006f10       0x44 c:/program files/winavr/bin/../lib/gcc/avr/4.3.3/../../../../avr/lib/avr5\libm.a(fp_split3.o)
                0x00006f10                __fp_split3
                0x00006f20                __fp_splitA
 .text.avr-libc.fplib
                0x00006f54        0xe c:/program files/winavr/bin/../lib/gcc/avr/4.3.3/../../../../avr/lib/avr5\libm.a(fp_zero.o)
                0x00006f54                __fp_zero
                0x00006f56                __fp_szero
 .text.avr-libc.fplib
                0x00006f62        0xe c:/program files/winavr/bin/../lib/gcc/avr/4.3.3/../../../../avr/lib/avr5\libm.a(inverse.o)
                0x00006f62                inverse
 .text.avr-libc.fplib
                0x00006f70        0x4 c:/program files/winavr/bin/../lib/gcc/avr/4.3.3/../../../../avr/lib/avr5\libm.a(mulsf3.o)
                0x00006f70                __mulsf3
 .text.avr-libc.fplib
                0x00006f74       0xc2 c:/program files/winavr/bin/../lib/gcc/avr/4.3.3/../../../../avr/lib/avr5\libm.a(mulsf3x.o)
                0x00006f8c                __mulsf3_pse
                0x00006f88                __mulsf3x
 .text.avr-libc.fplib
                0x00007036       0x84 c:/program files/winavr/bin/../lib/gcc/avr/4.3.3/../../../../avr/lib/avr5\libm.a(sqrt.o)
                0x0000703e                sqrt
 .text.avr-libc.fplib
                0x000070ba        0x6 c:/program files/winavr/bin/../lib/gcc/avr/4.3.3/../../../../avr/lib/avr5\libm.a(square.o)
                0x000070ba                square
 .text.avr-libc.fplib
                0x000070c0       0x1c c:/program files/winavr/bin/../lib/gcc/avr/4.3.3/../../../../avr/lib/avr5\libm.a(fp_mpack.o)
                0x000070c4                __fp_mpack_finite
                0x000070c0                __fp_mpack
 .text.avr-libc.fplib
                0x000070dc        0xe c:/program files/winavr/bin/../lib/gcc/avr/4.3.3/../../../../avr/lib/avr5\libm.a(fp_norm2.o)
                0x000070dc                __fp_norm2
 .text.libgcc   0x000070ea       0x3e c:/program files/winavr/bin/../lib/gcc/avr/4.3.3/avr5\libgcc.a(_mulsi3.o)
                0x000070ea                __mulsi3
 .text.libgcc   0x00007128       0x26 c:/program files/winavr/bin/../lib/gcc/avr/4.3.3/avr5\libgcc.a(_divmodhi4.o)
                0x00007128                __divmodhi4
                0x00007128                _div
 .text.libgcc   0x0000714e       0x44 c:/program files/winavr/bin/../lib/gcc/avr/4.3.3/avr5\libgcc.a(_udivmodsi4.o)
                0x0000714e                __udivmodsi4
 .text.libgcc   0x00007192       0x36 c:/program files/winavr/bin/../lib/gcc/avr/4.3.3/avr5\libgcc.a(_divmodsi4.o)
                0x00007192                __divmodsi4
 .text.libgcc   0x000071c8        0x0 c:/program files/winavr/bin/../lib/gcc/avr/4.3.3/avr5\libgcc.a(_exit.o)
 .text.libgcc   0x000071c8        0x0 c:/program files/winavr/bin/../lib/gcc/avr/4.3.3/avr5\libgcc.a(_copy_data.o)
 .text.libgcc   0x000071c8        0x0 c:/program files/winavr/bin/../lib/gcc/avr/4.3.3/avr5\libgcc.a(_clear_bss.o)
 .text.libgcc   0x000071c8       0x28 c:/program files/winavr/bin/../lib/gcc/avr/4.3.3/avr5\libgcc.a(_udivmodhi4.o)
                0x000071c8                __udivmodhi4
 .text.libgcc   0x000071f0       0x38 c:/program files/winavr/bin/../lib/gcc/avr/4.3.3/avr5\libgcc.a(_prologue.o)
                0x000071f0                __prologue_saves__
 .text.libgcc   0x00007228       0x36 c:/program files/winavr/bin/../lib/gcc/avr/4.3.3/avr5\libgcc.a(_epilogue.o)
                0x00007228                __epilogue_restores__
 .text.avr-libc
                0x0000725e       0x38 c:/program files/winavr/bin/../lib/gcc/avr/4.3.3/../../../../avr/lib/avr5\libc.a(calloc.o)
                0x0000725e                calloc
 .text.avr-libc
                0x00007296      0x20a c:/program files/winavr/bin/../lib/gcc/avr/4.3.3/../../../../avr/lib/avr5\libc.a(malloc.o)
                0x00007296                malloc
                0x000073f0                free
 .text.avr-libc
                0x000074a0       0x12 c:/program files/winavr/bin/../lib/gcc/avr/4.3.3/../../../../avr/lib/avr5\libc.a(memcpy.o)
                0x000074a0                memcpy
 .text.avr-libc
                0x000074b2        0xe c:/program files/winavr/bin/../lib/gcc/avr/4.3.3/../../../../avr/lib/avr5\libc.a(memset.o)
                0x000074b2                memset
                0x000074c0                . = ALIGN (0x2)
 *(.fini9)
 .fini9         0x000074c0        0x0 c:/program files/winavr/bin/../lib/gcc/avr/4.3.3/avr5\libgcc.a(_exit.o)
                0x000074c0                exit
                0x000074c0                _exit
 *(.fini9)
 *(.fini8)
 *(.fini8)
 *(.fini7)
 *(.fini7)
 *(.fini6)
 *(.fini6)
 *(.fini5)
 *(.fini5)
 *(.fini4)
 *(.fini4)
 *(.fini3)
 *(.fini3)
 *(.fini2)
 *(.fini2)
 *(.fini1)
 *(.fini1)
 *(.fini0)
 .fini0         0x000074c0        0x4 c:/program files/winavr/bin/../lib/gcc/avr/4.3.3/avr5\libgcc.a(_exit.o)
 *(.fini0)
                0x000074c4                _etext = .

.data           0x00800060      0x17a load address 0x000074c4
                0x00800060                PROVIDE (__data_start, .)
 *(.data)
 .data          0x00800060        0x0 c:/program files/winavr/bin/../lib/gcc/avr/4.3.3/../../../../avr/lib/avr5/crtm32.o
 .data          0x00800060        0x0 avr.o
 .data          0x00800060        0x0 imu.o
 .data          0x00800060        0x0 main.o
 .data          0x00800060        0x4 fusion.o
 .data          0x00800064        0x2 imuMldl.o
                0x00800064                gFifoFooter
 .data          0x00800066       0x16 imuSetup.o
                0x00800066                mlParams
 .data          0x0080007c        0x0 twi.o
 .data          0x0080007c        0x4 imuMlsl.o
                0x0080007e                ReadBurst
                0x0080007c                WriteBurst
 .data          0x00800080        0x0 imuMlos.o
 .data          0x00800080        0x1 dmpDefault.o
 .data          0x00800081       0x36 mlcontrol.o
                0x00800081                mlCtrlParams
 .data          0x008000b7       0x1d imuFIFO.o
 .data          0x008000d4        0x0 imuCompatibility.o
 .data          0x008000d4        0x0 c:/program files/winavr/bin/../lib/gcc/avr/4.3.3/../../../../avr/lib/avr5\libm.a(addsf3.o)
 .data          0x008000d4        0x0 c:/program files/winavr/bin/../lib/gcc/avr/4.3.3/../../../../avr/lib/avr5\libm.a(addsf3x.o)
 .data          0x008000d4        0x0 c:/program files/winavr/bin/../lib/gcc/avr/4.3.3/../../../../avr/lib/avr5\libm.a(asin.o)
 .data          0x008000d4        0x0 c:/program files/winavr/bin/../lib/gcc/avr/4.3.3/../../../../avr/lib/avr5\libm.a(atan2.o)
 .data          0x008000d4        0x0 c:/program files/winavr/bin/../lib/gcc/avr/4.3.3/../../../../avr/lib/avr5\libm.a(atan.o)
 .data          0x008000d4        0x0 c:/program files/winavr/bin/../lib/gcc/avr/4.3.3/../../../../avr/lib/avr5\libm.a(cmpsf2.o)
 .data          0x008000d4        0x0 c:/program files/winavr/bin/../lib/gcc/avr/4.3.3/../../../../avr/lib/avr5\libm.a(divsf3.o)
 .data          0x008000d4        0x0 c:/program files/winavr/bin/../lib/gcc/avr/4.3.3/../../../../avr/lib/avr5\libm.a(divsf3x.o)
 .data          0x008000d4        0x0 c:/program files/winavr/bin/../lib/gcc/avr/4.3.3/../../../../avr/lib/avr5\libm.a(fixsfsi.o)
 .data          0x008000d4        0x0 c:/program files/winavr/bin/../lib/gcc/avr/4.3.3/../../../../avr/lib/avr5\libm.a(fixunssfsi.o)
 .data          0x008000d4        0x0 c:/program files/winavr/bin/../lib/gcc/avr/4.3.3/../../../../avr/lib/avr5\libm.a(floatsisf.o)
 .data          0x008000d4        0x0 c:/program files/winavr/bin/../lib/gcc/avr/4.3.3/../../../../avr/lib/avr5\libm.a(fp_arccos.o)
 .data          0x008000d4        0x0 c:/program files/winavr/bin/../lib/gcc/avr/4.3.3/../../../../avr/lib/avr5\libm.a(fp_cmp.o)
 .data          0x008000d4        0x0 c:/program files/winavr/bin/../lib/gcc/avr/4.3.3/../../../../avr/lib/avr5\libm.a(fp_inf.o)
 .data          0x008000d4        0x0 c:/program files/winavr/bin/../lib/gcc/avr/4.3.3/../../../../avr/lib/avr5\libm.a(fp_nan.o)
 .data          0x008000d4        0x0 c:/program files/winavr/bin/../lib/gcc/avr/4.3.3/../../../../avr/lib/avr5\libm.a(fp_powser.o)
 .data          0x008000d4        0x0 c:/program files/winavr/bin/../lib/gcc/avr/4.3.3/../../../../avr/lib/avr5\libm.a(fp_powsodd.o)
 .data          0x008000d4        0x0 c:/program files/winavr/bin/../lib/gcc/avr/4.3.3/../../../../avr/lib/avr5\libm.a(fp_pscA.o)
 .data          0x008000d4        0x0 c:/program files/winavr/bin/../lib/gcc/avr/4.3.3/../../../../avr/lib/avr5\libm.a(fp_pscB.o)
 .data          0x008000d4        0x0 c:/program files/winavr/bin/../lib/gcc/avr/4.3.3/../../../../avr/lib/avr5\libm.a(fp_round.o)
 .data          0x008000d4        0x0 c:/program files/winavr/bin/../lib/gcc/avr/4.3.3/../../../../avr/lib/avr5\libm.a(fp_split3.o)
 .data          0x008000d4        0x0 c:/program files/winavr/bin/../lib/gcc/avr/4.3.3/../../../../avr/lib/avr5\libm.a(fp_zero.o)
 .data          0x008000d4        0x0 c:/program files/winavr/bin/../lib/gcc/avr/4.3.3/../../../../avr/lib/avr5\libm.a(inverse.o)
 .data          0x008000d4        0x0 c:/program files/winavr/bin/../lib/gcc/avr/4.3.3/../../../../avr/lib/avr5\libm.a(mulsf3.o)
 .data          0x008000d4        0x0 c:/program files/winavr/bin/../lib/gcc/avr/4.3.3/../../../../avr/lib/avr5\libm.a(mulsf3x.o)
 .data          0x008000d4        0x0 c:/program files/winavr/bin/../lib/gcc/avr/4.3.3/../../../../avr/lib/avr5\libm.a(sqrt.o)
 .data          0x008000d4        0x0 c:/program files/winavr/bin/../lib/gcc/avr/4.3.3/../../../../avr/lib/avr5\libm.a(square.o)
 .data          0x008000d4        0x0 c:/program files/winavr/bin/../lib/gcc/avr/4.3.3/../../../../avr/lib/avr5\libm.a(fp_mpack.o)
 .data          0x008000d4        0x0 c:/program files/winavr/bin/../lib/gcc/avr/4.3.3/../../../../avr/lib/avr5\libm.a(fp_norm2.o)
 .data          0x008000d4        0x0 c:/program files/winavr/bin/../lib/gcc/avr/4.3.3/avr5\libgcc.a(_mulsi3.o)
 .data          0x008000d4        0x0 c:/program files/winavr/bin/../lib/gcc/avr/4.3.3/avr5\libgcc.a(_divmodhi4.o)
 .data          0x008000d4        0x0 c:/program files/winavr/bin/../lib/gcc/avr/4.3.3/avr5\libgcc.a(_udivmodsi4.o)
 .data          0x008000d4        0x0 c:/program files/winavr/bin/../lib/gcc/avr/4.3.3/avr5\libgcc.a(_divmodsi4.o)
 .data          0x008000d4        0x0 c:/program files/winavr/bin/../lib/gcc/avr/4.3.3/avr5\libgcc.a(_exit.o)
 .data          0x008000d4        0x0 c:/program files/winavr/bin/../lib/gcc/avr/4.3.3/avr5\libgcc.a(_copy_data.o)
 .data          0x008000d4        0x0 c:/program files/winavr/bin/../lib/gcc/avr/4.3.3/avr5\libgcc.a(_clear_bss.o)
 .data          0x008000d4        0x0 c:/program files/winavr/bin/../lib/gcc/avr/4.3.3/avr5\libgcc.a(_muldi3.o)
 .data          0x008000d4        0x0 c:/program files/winavr/bin/../lib/gcc/avr/4.3.3/avr5\libgcc.a(_ashldi3.o)
 .data          0x008000d4        0x0 c:/program files/winavr/bin/../lib/gcc/avr/4.3.3/avr5\libgcc.a(_ashrdi3.o)
 .data          0x008000d4        0x0 c:/program files/winavr/bin/../lib/gcc/avr/4.3.3/avr5\libgcc.a(_divdi3.o)
 .data          0x008000d4        0x0 c:/program files/winavr/bin/../lib/gcc/avr/4.3.3/avr5\libgcc.a(_udivmodhi4.o)
 .data          0x008000d4        0x0 c:/program files/winavr/bin/../lib/gcc/avr/4.3.3/avr5\libgcc.a(_prologue.o)
 .data          0x008000d4        0x0 c:/program files/winavr/bin/../lib/gcc/avr/4.3.3/avr5\libgcc.a(_epilogue.o)
 .data          0x008000d4      0x100 c:/program files/winavr/bin/../lib/gcc/avr/4.3.3/avr5\libgcc.a(_clz.o)
                0x008000d4                __clz_tab
 .data          0x008001d4        0x0 c:/program files/winavr/bin/../lib/gcc/avr/4.3.3/../../../../avr/lib/avr5\libc.a(calloc.o)
 .data          0x008001d4        0x6 c:/program files/winavr/bin/../lib/gcc/avr/4.3.3/../../../../avr/lib/avr5\libc.a(malloc.o)
                0x008001d6                __malloc_heap_start
                0x008001d8                __malloc_heap_end
                0x008001d4                __malloc_margin
 .data          0x008001da        0x0 c:/program files/winavr/bin/../lib/gcc/avr/4.3.3/../../../../avr/lib/avr5\libc.a(memcpy.o)
 .data          0x008001da        0x0 c:/program files/winavr/bin/../lib/gcc/avr/4.3.3/../../../../avr/lib/avr5\libc.a(memset.o)
 *(.data*)
 *(.rodata)
 *(.rodata*)
 *(.gnu.linkonce.d*)
                0x008001da                . = ALIGN (0x2)
                0x008001da                _edata = .
                0x008001da                PROVIDE (__data_end, .)

.bss            0x008001da      0x297
                0x008001da                PROVIDE (__bss_start, .)
 *(.bss)
 .bss           0x008001da        0x0 c:/program files/winavr/bin/../lib/gcc/avr/4.3.3/../../../../avr/lib/avr5/crtm32.o
 .bss           0x008001da        0xc avr.o
                0x008001da                timer0_overflow_count
                0x008001de                timer0_millis
                0x008001e2                flip
                0x008001e3                timer1_overflow_count
 .bss           0x008001e6        0x1 imu.o
 .bss           0x008001e7        0x0 main.o
 .bss           0x008001e7       0x18 fusion.o
 .bss           0x008001ff        0x3 imuMldl.o
                0x008001ff                sGetAddress
 .bss           0x00800202        0x4 imuSetup.o
 .bss           0x00800206       0x12 twi.o
 .bss           0x00800218        0x0 imuMlsl.o
 .bss           0x00800218        0x0 imuMlos.o
 .bss           0x00800218       0xae dmpDefault.o
 .bss           0x008002c6        0x0 mlcontrol.o
 .bss           0x008002c6        0x0 imuFIFO.o
 .bss           0x008002c6        0x1 imuCompatibility.o
                0x008002c6                sStatus
 .bss           0x008002c7        0x0 c:/program files/winavr/bin/../lib/gcc/avr/4.3.3/../../../../avr/lib/avr5\libm.a(addsf3.o)
 .bss           0x008002c7        0x0 c:/program files/winavr/bin/../lib/gcc/avr/4.3.3/../../../../avr/lib/avr5\libm.a(addsf3x.o)
 .bss           0x008002c7        0x0 c:/program files/winavr/bin/../lib/gcc/avr/4.3.3/../../../../avr/lib/avr5\libm.a(asin.o)
 .bss           0x008002c7        0x0 c:/program files/winavr/bin/../lib/gcc/avr/4.3.3/../../../../avr/lib/avr5\libm.a(atan2.o)
 .bss           0x008002c7        0x0 c:/program files/winavr/bin/../lib/gcc/avr/4.3.3/../../../../avr/lib/avr5\libm.a(atan.o)
 .bss           0x008002c7        0x0 c:/program files/winavr/bin/../lib/gcc/avr/4.3.3/../../../../avr/lib/avr5\libm.a(cmpsf2.o)
 .bss           0x008002c7        0x0 c:/program files/winavr/bin/../lib/gcc/avr/4.3.3/../../../../avr/lib/avr5\libm.a(divsf3.o)
 .bss           0x008002c7        0x0 c:/program files/winavr/bin/../lib/gcc/avr/4.3.3/../../../../avr/lib/avr5\libm.a(divsf3x.o)
 .bss           0x008002c7        0x0 c:/program files/winavr/bin/../lib/gcc/avr/4.3.3/../../../../avr/lib/avr5\libm.a(fixsfsi.o)
 .bss           0x008002c7        0x0 c:/program files/winavr/bin/../lib/gcc/avr/4.3.3/../../../../avr/lib/avr5\libm.a(fixunssfsi.o)
 .bss           0x008002c7        0x0 c:/program files/winavr/bin/../lib/gcc/avr/4.3.3/../../../../avr/lib/avr5\libm.a(floatsisf.o)
 .bss           0x008002c7        0x0 c:/program files/winavr/bin/../lib/gcc/avr/4.3.3/../../../../avr/lib/avr5\libm.a(fp_arccos.o)
 .bss           0x008002c7        0x0 c:/program files/winavr/bin/../lib/gcc/avr/4.3.3/../../../../avr/lib/avr5\libm.a(fp_cmp.o)
 .bss           0x008002c7        0x0 c:/program files/winavr/bin/../lib/gcc/avr/4.3.3/../../../../avr/lib/avr5\libm.a(fp_inf.o)
 .bss           0x008002c7        0x0 c:/program files/winavr/bin/../lib/gcc/avr/4.3.3/../../../../avr/lib/avr5\libm.a(fp_nan.o)
 .bss           0x008002c7        0x0 c:/program files/winavr/bin/../lib/gcc/avr/4.3.3/../../../../avr/lib/avr5\libm.a(fp_powser.o)
 .bss           0x008002c7        0x0 c:/program files/winavr/bin/../lib/gcc/avr/4.3.3/../../../../avr/lib/avr5\libm.a(fp_powsodd.o)
 .bss           0x008002c7        0x0 c:/program files/winavr/bin/../lib/gcc/avr/4.3.3/../../../../avr/lib/avr5\libm.a(fp_pscA.o)
 .bss           0x008002c7        0x0 c:/program files/winavr/bin/../lib/gcc/avr/4.3.3/../../../../avr/lib/avr5\libm.a(fp_pscB.o)
 .bss           0x008002c7        0x0 c:/program files/winavr/bin/../lib/gcc/avr/4.3.3/../../../../avr/lib/avr5\libm.a(fp_round.o)
 .bss           0x008002c7        0x0 c:/program files/winavr/bin/../lib/gcc/avr/4.3.3/../../../../avr/lib/avr5\libm.a(fp_split3.o)
 .bss           0x008002c7        0x0 c:/program files/winavr/bin/../lib/gcc/avr/4.3.3/../../../../avr/lib/avr5\libm.a(fp_zero.o)
 .bss           0x008002c7        0x0 c:/program files/winavr/bin/../lib/gcc/avr/4.3.3/../../../../avr/lib/avr5\libm.a(inverse.o)
 .bss           0x008002c7        0x0 c:/program files/winavr/bin/../lib/gcc/avr/4.3.3/../../../../avr/lib/avr5\libm.a(mulsf3.o)
 .bss           0x008002c7        0x0 c:/program files/winavr/bin/../lib/gcc/avr/4.3.3/../../../../avr/lib/avr5\libm.a(mulsf3x.o)
 .bss           0x008002c7        0x0 c:/program files/winavr/bin/../lib/gcc/avr/4.3.3/../../../../avr/lib/avr5\libm.a(sqrt.o)
 .bss           0x008002c7        0x0 c:/program files/winavr/bin/../lib/gcc/avr/4.3.3/../../../../avr/lib/avr5\libm.a(square.o)
 .bss           0x008002c7        0x0 c:/program files/winavr/bin/../lib/gcc/avr/4.3.3/../../../../avr/lib/avr5\libm.a(fp_mpack.o)
 .bss           0x008002c7        0x0 c:/program files/winavr/bin/../lib/gcc/avr/4.3.3/../../../../avr/lib/avr5\libm.a(fp_norm2.o)
 .bss           0x008002c7        0x0 c:/program files/winavr/bin/../lib/gcc/avr/4.3.3/avr5\libgcc.a(_mulsi3.o)
 .bss           0x008002c7        0x0 c:/program files/winavr/bin/../lib/gcc/avr/4.3.3/avr5\libgcc.a(_divmodhi4.o)
 .bss           0x008002c7        0x0 c:/program files/winavr/bin/../lib/gcc/avr/4.3.3/avr5\libgcc.a(_udivmodsi4.o)
 .bss           0x008002c7        0x0 c:/program files/winavr/bin/../lib/gcc/avr/4.3.3/avr5\libgcc.a(_divmodsi4.o)
 .bss           0x008002c7        0x0 c:/program files/winavr/bin/../lib/gcc/avr/4.3.3/avr5\libgcc.a(_exit.o)
 .bss           0x008002c7        0x0 c:/program files/winavr/bin/../lib/gcc/avr/4.3.3/avr5\libgcc.a(_copy_data.o)
 .bss           0x008002c7        0x0 c:/program files/winavr/bin/../lib/gcc/avr/4.3.3/avr5\libgcc.a(_clear_bss.o)
 .bss           0x008002c7        0x0 c:/program files/winavr/bin/../lib/gcc/avr/4.3.3/avr5\libgcc.a(_muldi3.o)
 .bss           0x008002c7        0x0 c:/program files/winavr/bin/../lib/gcc/avr/4.3.3/avr5\libgcc.a(_ashldi3.o)
 .bss           0x008002c7        0x0 c:/program files/winavr/bin/../lib/gcc/avr/4.3.3/avr5\libgcc.a(_ashrdi3.o)
 .bss           0x008002c7        0x0 c:/program files/winavr/bin/../lib/gcc/avr/4.3.3/avr5\libgcc.a(_divdi3.o)
 .bss           0x008002c7        0x0 c:/program files/winavr/bin/../lib/gcc/avr/4.3.3/avr5\libgcc.a(_udivmodhi4.o)
 .bss           0x008002c7        0x0 c:/program files/winavr/bin/../lib/gcc/avr/4.3.3/avr5\libgcc.a(_prologue.o)
 .bss           0x008002c7        0x0 c:/program files/winavr/bin/../lib/gcc/avr/4.3.3/avr5\libgcc.a(_epilogue.o)
 .bss           0x008002c7        0x0 c:/program files/winavr/bin/../lib/gcc/avr/4.3.3/avr5\libgcc.a(_clz.o)
 .bss           0x008002c7        0x0 c:/program files/winavr/bin/../lib/gcc/avr/4.3.3/../../../../avr/lib/avr5\libc.a(calloc.o)
 .bss           0x008002c7        0x0 c:/program files/winavr/bin/../lib/gcc/avr/4.3.3/../../../../avr/lib/avr5\libc.a(malloc.o)
 .bss           0x008002c7        0x0 c:/program files/winavr/bin/../lib/gcc/avr/4.3.3/../../../../avr/lib/avr5\libc.a(memcpy.o)
 .bss           0x008002c7        0x0 c:/program files/winavr/bin/../lib/gcc/avr/4.3.3/../../../../avr/lib/avr5\libc.a(memset.o)
 *(.bss*)
 *(COMMON)
 COMMON         0x008002c7       0x20 imuMldl.o
                0x008002c7                mpuRegister
                0x008002c8                auxRegisterValid
                0x008002c9                auxRegister
                0x008002ca                kionixRegister
                0x008002cb                mldlData
                0x008002e5                mpuRegisterValid
                0x008002e6                kionixRegisterValid
 COMMON         0x008002e7       0xde imuSetup.o
                0x008002e7                mlxData
 COMMON         0x008003c5       0x3c mlcontrol.o
                0x008003c5                mlCtrlxData
 COMMON         0x00800401       0x6c imuFIFO.o
                0x00800401                FIFOData
 COMMON         0x0080046d        0x4 c:/program files/winavr/bin/../lib/gcc/avr/4.3.3/../../../../avr/lib/avr5\libc.a(malloc.o)
                0x0080046d                __brkval
                0x0080046f                __flp
                0x00800471                PROVIDE (__bss_end, .)
                0x000074c4                __data_load_start = LOADADDR (.data)
                0x0000763e                __data_load_end = (__data_load_start + SIZEOF (.data))

.noinit         0x00800471        0x0
                0x00800471                PROVIDE (__noinit_start, .)
 *(.noinit*)
                0x00800471                PROVIDE (__noinit_end, .)
                0x00800471                _end = .
                0x00800471                PROVIDE (__heap_start, .)

.eeprom         0x00810000        0x0
 *(.eeprom*)
                0x00810000                __eeprom_end = .

.fuse
 *(.fuse)
 *(.lfuse)
 *(.hfuse)
 *(.efuse)

.lock
 *(.lock*)

.signature
 *(.signature*)

.stab
 *(.stab)

.stabstr
 *(.stabstr)

.stab.excl
 *(.stab.excl)

.stab.exclstr
 *(.stab.exclstr)

.stab.index
 *(.stab.index)

.stab.indexstr
 *(.stab.indexstr)

.comment
 *(.comment)

.debug
 *(.debug)

.line
 *(.line)

.debug_srcinfo
 *(.debug_srcinfo)

.debug_sfnames
 *(.debug_sfnames)

.debug_aranges  0x00000000      0x220
 *(.debug_aranges)
 .debug_aranges
                0x00000000       0x20 avr.o
 .debug_aranges
                0x00000020       0x20 imu.o
 .debug_aranges
                0x00000040       0x20 main.o
 .debug_aranges
                0x00000060       0x20 fusion.o
 .debug_aranges
                0x00000080       0x20 imuMldl.o
 .debug_aranges
                0x000000a0       0x20 imuSetup.o
 .debug_aranges
                0x000000c0       0x20 twi.o
 .debug_aranges
                0x000000e0       0x20 imuMlsl.o
 .debug_aranges
                0x00000100       0x20 imuMlos.o
 .debug_aranges
                0x00000120       0x20 dmpDefault.o
 .debug_aranges
                0x00000140       0x20 mlcontrol.o
 .debug_aranges
                0x00000160       0x20 imuFIFO.o
 .debug_aranges
                0x00000180       0x20 imuCompatibility.o
 .debug_aranges
                0x000001a0       0x20 c:/program files/winavr/bin/../lib/gcc/avr/4.3.3/avr5\libgcc.a(_muldi3.o)
 .debug_aranges
                0x000001c0       0x20 c:/program files/winavr/bin/../lib/gcc/avr/4.3.3/avr5\libgcc.a(_ashldi3.o)
 .debug_aranges
                0x000001e0       0x20 c:/program files/winavr/bin/../lib/gcc/avr/4.3.3/avr5\libgcc.a(_ashrdi3.o)
 .debug_aranges
                0x00000200       0x20 c:/program files/winavr/bin/../lib/gcc/avr/4.3.3/avr5\libgcc.a(_divdi3.o)

.debug_pubnames
                0x00000000      0xe40
 *(.debug_pubnames)
 .debug_pubnames
                0x00000000       0xdf avr.o
 .debug_pubnames
                0x000000df      0x17e imu.o
 .debug_pubnames
                0x0000025d       0x3d main.o
 .debug_pubnames
                0x0000029a       0x6e fusion.o
 .debug_pubnames
                0x00000308      0x2fb imuMldl.o
 .debug_pubnames
                0x00000603      0x1c4 imuSetup.o
 .debug_pubnames
                0x000007c7       0xd8 twi.o
 .debug_pubnames
                0x0000089f       0xdf imuMlsl.o
 .debug_pubnames
                0x0000097e       0x51 imuMlos.o
 .debug_pubnames
                0x000009cf       0x21 dmpDefault.o
 .debug_pubnames
                0x000009f0      0x109 mlcontrol.o
 .debug_pubnames
                0x00000af9      0x254 imuFIFO.o
 .debug_pubnames
                0x00000d4d       0x55 imuCompatibility.o
 .debug_pubnames
                0x00000da2       0x1f c:/program files/winavr/bin/../lib/gcc/avr/4.3.3/avr5\libgcc.a(_muldi3.o)
 .debug_pubnames
                0x00000dc1       0x20 c:/program files/winavr/bin/../lib/gcc/avr/4.3.3/avr5\libgcc.a(_ashldi3.o)
 .debug_pubnames
                0x00000de1       0x20 c:/program files/winavr/bin/../lib/gcc/avr/4.3.3/avr5\libgcc.a(_ashrdi3.o)
 .debug_pubnames
                0x00000e01       0x1f c:/program files/winavr/bin/../lib/gcc/avr/4.3.3/avr5\libgcc.a(_divdi3.o)
 .debug_pubnames
                0x00000e20       0x20 c:/program files/winavr/bin/../lib/gcc/avr/4.3.3/avr5\libgcc.a(_clz.o)

.debug_info     0x00000000     0x5594
 *(.debug_info)
 .debug_info    0x00000000      0x1d1 avr.o
 .debug_info    0x000001d1      0x7fa imu.o
 .debug_info    0x000009cb      0x3f0 main.o
 .debug_info    0x00000dbb      0x1b0 fusion.o
 .debug_info    0x00000f6b     0x10ef imuMldl.o
 .debug_info    0x0000205a      0xd46 imuSetup.o
 .debug_info    0x00002da0      0x424 twi.o
 .debug_info    0x000031c4      0x368 imuMlsl.o
 .debug_info    0x0000352c       0xfa imuMlos.o
 .debug_info    0x00003626      0x274 dmpDefault.o
 .debug_info    0x0000389a      0x525 mlcontrol.o
 .debug_info    0x00003dbf      0x9ac imuFIFO.o
 .debug_info    0x0000476b      0x126 imuCompatibility.o
 .debug_info    0x00004891      0x206 c:/program files/winavr/bin/../lib/gcc/avr/4.3.3/avr5\libgcc.a(_muldi3.o)
 .debug_info    0x00004a97      0x17f c:/program files/winavr/bin/../lib/gcc/avr/4.3.3/avr5\libgcc.a(_ashldi3.o)
 .debug_info    0x00004c16      0x17f c:/program files/winavr/bin/../lib/gcc/avr/4.3.3/avr5\libgcc.a(_ashrdi3.o)
 .debug_info    0x00004d95      0x756 c:/program files/winavr/bin/../lib/gcc/avr/4.3.3/avr5\libgcc.a(_divdi3.o)
 .debug_info    0x000054eb       0xa9 c:/program files/winavr/bin/../lib/gcc/avr/4.3.3/avr5\libgcc.a(_clz.o)
 *(.gnu.linkonce.wi.*)

.debug_abbrev   0x00000000     0x1676
 *(.debug_abbrev)
 .debug_abbrev  0x00000000       0xdf avr.o
 .debug_abbrev  0x000000df      0x1d3 imu.o
 .debug_abbrev  0x000002b2       0xfe main.o
 .debug_abbrev  0x000003b0       0xb6 fusion.o
 .debug_abbrev  0x00000466      0x308 imuMldl.o
 .debug_abbrev  0x0000076e      0x271 imuSetup.o
 .debug_abbrev  0x000009df      0x180 twi.o
 .debug_abbrev  0x00000b5f       0xe0 imuMlsl.o
 .debug_abbrev  0x00000c3f       0x92 imuMlos.o
 .debug_abbrev  0x00000cd1      0x123 dmpDefault.o
 .debug_abbrev  0x00000df4      0x13c mlcontrol.o
 .debug_abbrev  0x00000f30      0x1b9 imuFIFO.o
 .debug_abbrev  0x000010e9       0xb8 imuCompatibility.o
 .debug_abbrev  0x000011a1       0xf0 c:/program files/winavr/bin/../lib/gcc/avr/4.3.3/avr5\libgcc.a(_muldi3.o)
 .debug_abbrev  0x00001291       0xee c:/program files/winavr/bin/../lib/gcc/avr/4.3.3/avr5\libgcc.a(_ashldi3.o)
 .debug_abbrev  0x0000137f       0xee c:/program files/winavr/bin/../lib/gcc/avr/4.3.3/avr5\libgcc.a(_ashrdi3.o)
 .debug_abbrev  0x0000146d      0x19f c:/program files/winavr/bin/../lib/gcc/avr/4.3.3/avr5\libgcc.a(_divdi3.o)
 .debug_abbrev  0x0000160c       0x6a c:/program files/winavr/bin/../lib/gcc/avr/4.3.3/avr5\libgcc.a(_clz.o)

.debug_line     0x00000000     0x3d6e
 *(.debug_line)
 .debug_line    0x00000000      0x1da avr.o
 .debug_line    0x000001da      0x3fd imu.o
 .debug_line    0x000005d7      0x1dc main.o
 .debug_line    0x000007b3      0x191 fusion.o
 .debug_line    0x00000944      0xab4 imuMldl.o
 .debug_line    0x000013f8      0xc77 imuSetup.o
 .debug_line    0x0000206f      0x432 twi.o
 .debug_line    0x000024a1      0x19a imuMlsl.o
 .debug_line    0x0000263b       0xa0 imuMlos.o
 .debug_line    0x000026db      0x135 dmpDefault.o
 .debug_line    0x00002810      0x517 mlcontrol.o
 .debug_line    0x00002d27      0xa5c imuFIFO.o
 .debug_line    0x00003783       0xea imuCompatibility.o
 .debug_line    0x0000386d       0xaf c:/program files/winavr/bin/../lib/gcc/avr/4.3.3/avr5\libgcc.a(_muldi3.o)
 .debug_line    0x0000391c       0xd7 c:/program files/winavr/bin/../lib/gcc/avr/4.3.3/avr5\libgcc.a(_ashldi3.o)
 .debug_line    0x000039f3       0xd7 c:/program files/winavr/bin/../lib/gcc/avr/4.3.3/avr5\libgcc.a(_ashrdi3.o)
 .debug_line    0x00003aca      0x228 c:/program files/winavr/bin/../lib/gcc/avr/4.3.3/avr5\libgcc.a(_divdi3.o)
 .debug_line    0x00003cf2       0x7c c:/program files/winavr/bin/../lib/gcc/avr/4.3.3/avr5\libgcc.a(_clz.o)

.debug_frame    0x00000000      0xa80
 *(.debug_frame)
 .debug_frame   0x00000000       0x90 avr.o
 .debug_frame   0x00000090      0x130 imu.o
 .debug_frame   0x000001c0       0x40 main.o
 .debug_frame   0x00000200       0x60 fusion.o
 .debug_frame   0x00000260      0x1f0 imuMldl.o
 .debug_frame   0x00000450      0x160 imuSetup.o
 .debug_frame   0x000005b0       0xc0 twi.o
 .debug_frame   0x00000670       0x90 imuMlsl.o
 .debug_frame   0x00000700       0x50 imuMlos.o
 .debug_frame   0x00000750       0x30 dmpDefault.o
 .debug_frame   0x00000780       0xb0 mlcontrol.o
 .debug_frame   0x00000830      0x190 imuFIFO.o
 .debug_frame   0x000009c0       0x40 imuCompatibility.o
 .debug_frame   0x00000a00       0x20 c:/program files/winavr/bin/../lib/gcc/avr/4.3.3/avr5\libgcc.a(_muldi3.o)
 .debug_frame   0x00000a20       0x20 c:/program files/winavr/bin/../lib/gcc/avr/4.3.3/avr5\libgcc.a(_ashldi3.o)
 .debug_frame   0x00000a40       0x20 c:/program files/winavr/bin/../lib/gcc/avr/4.3.3/avr5\libgcc.a(_ashrdi3.o)
 .debug_frame   0x00000a60       0x20 c:/program files/winavr/bin/../lib/gcc/avr/4.3.3/avr5\libgcc.a(_divdi3.o)

.debug_str      0x00000000     0x1b81
 *(.debug_str)
 .debug_str     0x00000000      0x161 avr.o
                                0x1a0 (size before relaxing)
 .debug_str     0x00000161      0x625 imu.o
                                0x726 (size before relaxing)
 .debug_str     0x00000786      0x13d main.o
                                0x6c4 (size before relaxing)
 .debug_str     0x000008c3       0x6b fusion.o
                                 0xd1 (size before relaxing)
 .debug_str     0x0000092e      0x629 imuMldl.o
                                0xbc5 (size before relaxing)
 .debug_str     0x00000f57      0x37c imuSetup.o
                                0xaac (size before relaxing)
 .debug_str     0x000012d3      0x184 twi.o
                                0x268 (size before relaxing)
 .debug_str     0x00001457       0xb9 imuMlsl.o
                                0x229 (size before relaxing)
 .debug_str     0x00001510       0x4b imuMlos.o
                                0x117 (size before relaxing)
 .debug_str     0x0000155b       0xe2 dmpDefault.o
                                0x2d4 (size before relaxing)
 .debug_str     0x0000163d       0xf7 mlcontrol.o
                                0x338 (size before relaxing)
 .debug_str     0x00001734      0x2c7 imuFIFO.o
                                0x588 (size before relaxing)
 .debug_str     0x000019fb       0x53 imuCompatibility.o
                                0x167 (size before relaxing)
 .debug_str     0x00001a4e       0xb3 c:/program files/winavr/bin/../lib/gcc/avr/4.3.3/avr5\libgcc.a(_muldi3.o)
                                0x13f (size before relaxing)
 .debug_str     0x00001b01       0x23 c:/program files/winavr/bin/../lib/gcc/avr/4.3.3/avr5\libgcc.a(_ashldi3.o)
                                0x131 (size before relaxing)
 .debug_str     0x00001b24        0xa c:/program files/winavr/bin/../lib/gcc/avr/4.3.3/avr5\libgcc.a(_ashrdi3.o)
                                0x131 (size before relaxing)
 .debug_str     0x00001b2e       0x53 c:/program files/winavr/bin/../lib/gcc/avr/4.3.3/avr5\libgcc.a(_divdi3.o)
                                0x189 (size before relaxing)
 .debug_str     0x00000000       0xf4 c:/program files/winavr/bin/../lib/gcc/avr/4.3.3/avr5\libgcc.a(_clz.o)

.debug_loc      0x00000000     0x32d1
 *(.debug_loc)
 .debug_loc     0x00000000       0xa4 avr.o
 .debug_loc     0x000000a4      0x323 imu.o
 .debug_loc     0x000003c7       0xf0 fusion.o
 .debug_loc     0x000004b7      0xb7f imuMldl.o
 .debug_loc     0x00001036      0x545 imuSetup.o
 .debug_loc     0x0000157b       0xe6 twi.o
 .debug_loc     0x00001661      0x1ca imuMlsl.o
 .debug_loc     0x0000182b       0x48 imuMlos.o
 .debug_loc     0x00001873       0x40 dmpDefault.o
 .debug_loc     0x000018b3      0x3ce mlcontrol.o
 .debug_loc     0x00001c81      0x510 imuFIFO.o
 .debug_loc     0x00002191       0x13 imuCompatibility.o
 .debug_loc     0x000021a4       0xcc c:/program files/winavr/bin/../lib/gcc/avr/4.3.3/avr5\libgcc.a(_muldi3.o)
 .debug_loc     0x00002270       0xf8 c:/program files/winavr/bin/../lib/gcc/avr/4.3.3/avr5\libgcc.a(_ashldi3.o)
 .debug_loc     0x00002368       0xf8 c:/program files/winavr/bin/../lib/gcc/avr/4.3.3/avr5\libgcc.a(_ashrdi3.o)
 .debug_loc     0x00002460      0xe71 c:/program files/winavr/bin/../lib/gcc/avr/4.3.3/avr5\libgcc.a(_divdi3.o)

.debug_macinfo
 *(.debug_macinfo)
OUTPUT(imu3000Test.elf elf32-avr)
LOAD linker stubs

.debug_ranges   0x00000000       0x38
 .debug_ranges  0x00000000       0x20 imuMldl.o
 .debug_ranges  0x00000020       0x18 c:/program files/winavr/bin/../lib/gcc/avr/4.3.3/avr5\libgcc.a(_divdi3.o)
