Archive member included because of file (symbol)

c:/program files/winavr/bin/../lib/gcc/avr/4.3.3/avr5\libgcc.a(_udivmodhi4.o)
                              adcInit.o (__udivmodhi4)
c:/program files/winavr/bin/../lib/gcc/avr/4.3.3/avr5\libgcc.a(_exit.o)
                              c:/program files/winavr/bin/../lib/gcc/avr/4.3.3/../../../../avr/lib/avr5/crtm32.o (exit)
c:/program files/winavr/bin/../lib/gcc/avr/4.3.3/avr5\libgcc.a(_copy_data.o)
                              menuScreens.o (__do_copy_data)
c:/program files/winavr/bin/../lib/gcc/avr/4.3.3/../../../../avr/lib/avr5\libc.a(utoa.o)
                              menuScreens.o (utoa)
c:/program files/winavr/bin/../lib/gcc/avr/4.3.3/../../../../avr/lib/avr5\libc.a(strrev.o)
                              c:/program files/winavr/bin/../lib/gcc/avr/4.3.3/../../../../avr/lib/avr5\libc.a(utoa.o) (strrev)

Memory Configuration

Name             Origin             Length             Attributes
text             0x00000000         0x00020000         xr
data             0x00800060         0x0000ffa0         rw !x
eeprom           0x00810000         0x00010000         rw !x
fuse             0x00820000         0x00000400         rw !x
lock             0x00830000         0x00000400         rw !x
signature        0x00840000         0x00000400         rw !x
*default*        0x00000000         0xffffffff

Linker script and memory map

LOAD c:/program files/winavr/bin/../lib/gcc/avr/4.3.3/../../../../avr/lib/avr5/crtm32.o
LOAD main.o
LOAD adcInit.o
LOAD global.o
LOAD heatController.o
LOAD interrupt.o
LOAD lcdRoutines.o
LOAD menuScreens.o
LOAD myInit.o
LOAD pwmInit.o
LOAD timerInit.o
LOAD c:/program files/winavr/bin/../lib/gcc/avr/4.3.3/avr5\libgcc.a
LOAD c:/program files/winavr/bin/../lib/gcc/avr/4.3.3/../../../../avr/lib/avr5\libc.a
LOAD c:/program files/winavr/bin/../lib/gcc/avr/4.3.3/avr5\libgcc.a

.hash
 *(.hash)

.dynsym
 *(.dynsym)

.dynstr
 *(.dynstr)

.gnu.version
 *(.gnu.version)

.gnu.version_d
 *(.gnu.version_d)

.gnu.version_r
 *(.gnu.version_r)

.rel.init
 *(.rel.init)

.rela.init
 *(.rela.init)

.rel.text
 *(.rel.text)
 *(.rel.text.*)
 *(.rel.gnu.linkonce.t*)

.rela.text
 *(.rela.text)
 *(.rela.text.*)
 *(.rela.gnu.linkonce.t*)

.rel.fini
 *(.rel.fini)

.rela.fini
 *(.rela.fini)

.rel.rodata
 *(.rel.rodata)
 *(.rel.rodata.*)
 *(.rel.gnu.linkonce.r*)

.rela.rodata
 *(.rela.rodata)
 *(.rela.rodata.*)
 *(.rela.gnu.linkonce.r*)

.rel.data
 *(.rel.data)
 *(.rel.data.*)
 *(.rel.gnu.linkonce.d*)

.rela.data
 *(.rela.data)
 *(.rela.data.*)
 *(.rela.gnu.linkonce.d*)

.rel.ctors
 *(.rel.ctors)

.rela.ctors
 *(.rela.ctors)

.rel.dtors
 *(.rel.dtors)

.rela.dtors
 *(.rela.dtors)

.rel.got
 *(.rel.got)

.rela.got
 *(.rela.got)

.rel.bss
 *(.rel.bss)

.rela.bss
 *(.rela.bss)

.rel.plt
 *(.rel.plt)

.rela.plt
 *(.rela.plt)

.text           0x00000000      0x8be
 *(.vectors)
 .vectors       0x00000000       0x54 c:/program files/winavr/bin/../lib/gcc/avr/4.3.3/../../../../avr/lib/avr5/crtm32.o
                0x00000000                __vectors
                0x00000000                __vector_default
 *(.vectors)
 *(.progmem.gcc*)
 *(.progmem*)
                0x00000054                . = ALIGN (0x2)
                0x00000054                __trampolines_start = .
 *(.trampolines)
 .trampolines   0x00000054        0x0 linker stubs
 *(.trampolines*)
                0x00000054                __trampolines_end = .
 *(.jumptables)
 *(.jumptables*)
 *(.lowtext)
 *(.lowtext*)
                0x00000054                __ctors_start = .
 *(.ctors)
                0x00000054                __ctors_end = .
                0x00000054                __dtors_start = .
 *(.dtors)
                0x00000054                __dtors_end = .
 SORT(*)(.ctors)
 SORT(*)(.dtors)
 *(.init0)
 .init0         0x00000054        0x0 c:/program files/winavr/bin/../lib/gcc/avr/4.3.3/../../../../avr/lib/avr5/crtm32.o
                0x00000054                __init
 *(.init0)
 *(.init1)
 *(.init1)
 *(.init2)
 .init2         0x00000054        0xc c:/program files/winavr/bin/../lib/gcc/avr/4.3.3/../../../../avr/lib/avr5/crtm32.o
 *(.init2)
 *(.init3)
 *(.init3)
 *(.init4)
 .init4         0x00000060       0x16 c:/program files/winavr/bin/../lib/gcc/avr/4.3.3/avr5\libgcc.a(_copy_data.o)
                0x00000060                __do_copy_data
 *(.init4)
 *(.init5)
 *(.init5)
 *(.init6)
 *(.init6)
 *(.init7)
 *(.init7)
 *(.init8)
 *(.init8)
 *(.init9)
 .init9         0x00000076        0x8 c:/program files/winavr/bin/../lib/gcc/avr/4.3.3/../../../../avr/lib/avr5/crtm32.o
 *(.init9)
 *(.text)
 .text          0x0000007e        0x4 c:/program files/winavr/bin/../lib/gcc/avr/4.3.3/../../../../avr/lib/avr5/crtm32.o
                0x0000007e                __vector_12
                0x0000007e                __bad_interrupt
                0x0000007e                __vector_6
                0x0000007e                __vector_11
                0x0000007e                __vector_13
                0x0000007e                __vector_17
                0x0000007e                __vector_19
                0x0000007e                __vector_7
                0x0000007e                __vector_5
                0x0000007e                __vector_4
                0x0000007e                __vector_9
                0x0000007e                __vector_15
                0x0000007e                __vector_8
                0x0000007e                __vector_14
                0x0000007e                __vector_10
                0x0000007e                __vector_16
                0x0000007e                __vector_18
                0x0000007e                __vector_20
 .text          0x00000082        0x2 main.o
                0x00000082                main
 .text          0x00000084       0x88 adcInit.o
                0x000000d4                adcRead5
                0x00000084                adcInit
                0x0000009c                adcRead15
 .text          0x0000010c        0x0 global.o
 .text          0x0000010c       0x54 heatController.o
                0x0000010c                updateHeatController
 .text          0x00000160       0x4a interrupt.o
                0x00000160                __vector_1
                0x00000188                __vector_3
                0x00000174                __vector_2
 .text          0x000001aa      0x170 lcdRoutines.o
                0x000001aa                lcd_data
                0x00000232                lcd_clear
                0x000002d4                set_cursor
                0x000002c4                lcd_home
                0x00000300                lcd_string
                0x00000226                lcd_enable
                0x00000242                lcd_init
                0x000001e8                lcd_command
 .text          0x0000031a      0x49c menuScreens.o
                0x0000076e                menuInit
                0x0000031a                screenTempInfo
                0x0000043a                screenWakeupSleepmode
                0x000003e0                screenWarningBatt1
                0x00000662                screenHeatingAuto
                0x0000041c                screenInfo
                0x000003c2                screenWarningBatt2
                0x000003fe                screenLightWarning
                0x00000476                screenVoltageThreshold
                0x0000056a                screenVoltageControl
                0x000006d0                screenHeatingManual
                0x00000458                screenGotoSleepmode
                0x000006b2                screenWelcome
 .text          0x000007b6       0x34 myInit.o
                0x000007b6                myInit
 .text          0x000007ea       0x4a pwmInit.o
                0x0000082e                pwmUpdate
                0x000007ea                pwmInit
 .text          0x00000834       0x12 timerInit.o
                0x00000834                timer_init
 .text          0x00000846        0x0 c:/program files/winavr/bin/../lib/gcc/avr/4.3.3/avr5\libgcc.a(_udivmodhi4.o)
 .text          0x00000846        0x0 c:/program files/winavr/bin/../lib/gcc/avr/4.3.3/avr5\libgcc.a(_exit.o)
 .text          0x00000846        0x0 c:/program files/winavr/bin/../lib/gcc/avr/4.3.3/avr5\libgcc.a(_copy_data.o)
 .text          0x00000846        0x0 c:/program files/winavr/bin/../lib/gcc/avr/4.3.3/../../../../avr/lib/avr5\libc.a(utoa.o)
 .text          0x00000846        0x0 c:/program files/winavr/bin/../lib/gcc/avr/4.3.3/../../../../avr/lib/avr5\libc.a(strrev.o)
                0x00000846                . = ALIGN (0x2)
 *(.text.*)
 .text.libgcc   0x00000846       0x28 c:/program files/winavr/bin/../lib/gcc/avr/4.3.3/avr5\libgcc.a(_udivmodhi4.o)
                0x00000846                __udivmodhi4
 .text.libgcc   0x0000086e        0x0 c:/program files/winavr/bin/../lib/gcc/avr/4.3.3/avr5\libgcc.a(_exit.o)
 .text.libgcc   0x0000086e        0x0 c:/program files/winavr/bin/../lib/gcc/avr/4.3.3/avr5\libgcc.a(_copy_data.o)
 .text.avr-libc
                0x0000086e       0x2c c:/program files/winavr/bin/../lib/gcc/avr/4.3.3/../../../../avr/lib/avr5\libc.a(utoa.o)
                0x0000086e                utoa
 .text.avr-libc
                0x0000089a       0x20 c:/program files/winavr/bin/../lib/gcc/avr/4.3.3/../../../../avr/lib/avr5\libc.a(strrev.o)
                0x0000089a                strrev
                0x000008ba                . = ALIGN (0x2)
 *(.fini9)
 .fini9         0x000008ba        0x0 c:/program files/winavr/bin/../lib/gcc/avr/4.3.3/avr5\libgcc.a(_exit.o)
                0x000008ba                exit
                0x000008ba                _exit
 *(.fini9)
 *(.fini8)
 *(.fini8)
 *(.fini7)
 *(.fini7)
 *(.fini6)
 *(.fini6)
 *(.fini5)
 *(.fini5)
 *(.fini4)
 *(.fini4)
 *(.fini3)
 *(.fini3)
 *(.fini2)
 *(.fini2)
 *(.fini1)
 *(.fini1)
 *(.fini0)
 .fini0         0x000008ba        0x4 c:/program files/winavr/bin/../lib/gcc/avr/4.3.3/avr5\libgcc.a(_exit.o)
 *(.fini0)
                0x000008be                _etext = .

.data           0x00800060       0xf4 load address 0x000008be
                0x00800060                PROVIDE (__data_start, .)
 *(.data)
 .data          0x00800060        0x0 c:/program files/winavr/bin/../lib/gcc/avr/4.3.3/../../../../avr/lib/avr5/crtm32.o
 .data          0x00800060        0x0 main.o
 .data          0x00800060        0x0 adcInit.o
 .data          0x00800060        0x0 global.o
 .data          0x00800060        0x0 heatController.o
 .data          0x00800060        0x0 interrupt.o
 .data          0x00800060        0x0 lcdRoutines.o
 .data          0x00800060       0xf4 menuScreens.o
 .data          0x00800154        0x0 myInit.o
 .data          0x00800154        0x0 pwmInit.o
 .data          0x00800154        0x0 timerInit.o
 .data          0x00800154        0x0 c:/program files/winavr/bin/../lib/gcc/avr/4.3.3/avr5\libgcc.a(_udivmodhi4.o)
 .data          0x00800154        0x0 c:/program files/winavr/bin/../lib/gcc/avr/4.3.3/avr5\libgcc.a(_exit.o)
 .data          0x00800154        0x0 c:/program files/winavr/bin/../lib/gcc/avr/4.3.3/avr5\libgcc.a(_copy_data.o)
 .data          0x00800154        0x0 c:/program files/winavr/bin/../lib/gcc/avr/4.3.3/../../../../avr/lib/avr5\libc.a(utoa.o)
 .data          0x00800154        0x0 c:/program files/winavr/bin/../lib/gcc/avr/4.3.3/../../../../avr/lib/avr5\libc.a(strrev.o)
 *(.data*)
 *(.rodata)
 *(.rodata*)
 *(.gnu.linkonce.d*)
                0x00800154                . = ALIGN (0x2)
                0x00800154                _edata = .
                0x00800154                PROVIDE (__data_end, .)

.bss            0x00800154        0x0
                0x00800154                PROVIDE (__bss_start, .)
 *(.bss)
 .bss           0x00800154        0x0 c:/program files/winavr/bin/../lib/gcc/avr/4.3.3/../../../../avr/lib/avr5/crtm32.o
 .bss           0x00800154        0x0 main.o
 .bss           0x00800154        0x0 adcInit.o
 .bss           0x00800154        0x0 global.o
 .bss           0x00800154        0x0 heatController.o
 .bss           0x00800154        0x0 interrupt.o
 .bss           0x00800154        0x0 lcdRoutines.o
 .bss           0x00800154        0x0 menuScreens.o
 .bss           0x00800154        0x0 myInit.o
 .bss           0x00800154        0x0 pwmInit.o
 .bss           0x00800154        0x0 timerInit.o
 .bss           0x00800154        0x0 c:/program files/winavr/bin/../lib/gcc/avr/4.3.3/avr5\libgcc.a(_udivmodhi4.o)
 .bss           0x00800154        0x0 c:/program files/winavr/bin/../lib/gcc/avr/4.3.3/avr5\libgcc.a(_exit.o)
 .bss           0x00800154        0x0 c:/program files/winavr/bin/../lib/gcc/avr/4.3.3/avr5\libgcc.a(_copy_data.o)
 .bss           0x00800154        0x0 c:/program files/winavr/bin/../lib/gcc/avr/4.3.3/../../../../avr/lib/avr5\libc.a(utoa.o)
 .bss           0x00800154        0x0 c:/program files/winavr/bin/../lib/gcc/avr/4.3.3/../../../../avr/lib/avr5\libc.a(strrev.o)
 *(.bss*)
 *(COMMON)
                0x00800154                PROVIDE (__bss_end, .)
                0x000008be                __data_load_start = LOADADDR (.data)
                0x000009b2                __data_load_end = (__data_load_start + SIZEOF (.data))

.noinit         0x00800154        0x0
                0x00800154                PROVIDE (__noinit_start, .)
 *(.noinit*)
                0x00800154                PROVIDE (__noinit_end, .)
                0x00800154                _end = .
                0x00800154                PROVIDE (__heap_start, .)

.eeprom         0x00810000        0x0
 *(.eeprom*)
                0x00810000                __eeprom_end = .

.fuse
 *(.fuse)
 *(.lfuse)
 *(.hfuse)
 *(.efuse)

.lock
 *(.lock*)

.signature
 *(.signature*)

.stab
 *(.stab)

.stabstr
 *(.stabstr)

.stab.excl
 *(.stab.excl)

.stab.exclstr
 *(.stab.exclstr)

.stab.index
 *(.stab.index)

.stab.indexstr
 *(.stab.indexstr)

.comment
 *(.comment)

.debug
 *(.debug)

.line
 *(.line)

.debug_srcinfo
 *(.debug_srcinfo)

.debug_sfnames
 *(.debug_sfnames)

.debug_aranges  0x00000000      0x120
 *(.debug_aranges)
 .debug_aranges
                0x00000000       0x20 main.o
 .debug_aranges
                0x00000020       0x20 adcInit.o
 .debug_aranges
                0x00000040       0x20 heatController.o
 .debug_aranges
                0x00000060       0x20 interrupt.o
 .debug_aranges
                0x00000080       0x20 lcdRoutines.o
 .debug_aranges
                0x000000a0       0x20 menuScreens.o
 .debug_aranges
                0x000000c0       0x20 myInit.o
 .debug_aranges
                0x000000e0       0x20 pwmInit.o
 .debug_aranges
                0x00000100       0x20 timerInit.o

.debug_pubnames
                0x00000000      0x2d8
 *(.debug_pubnames)
 .debug_pubnames
                0x00000000       0x1b main.o
 .debug_pubnames
                0x0000001b       0x39 adcInit.o
 .debug_pubnames
                0x00000054       0x2b heatController.o
 .debug_pubnames
                0x0000007f       0x3f interrupt.o
 .debug_pubnames
                0x000000be       0x84 lcdRoutines.o
 .debug_pubnames
                0x00000142      0x12c menuScreens.o
 .debug_pubnames
                0x0000026e       0x1d myInit.o
 .debug_pubnames
                0x0000028b       0x2c pwmInit.o
 .debug_pubnames
                0x000002b7       0x21 timerInit.o

.debug_info     0x00000000     0x10fc
 *(.debug_info)
 .debug_info    0x00000000      0x13c main.o
 .debug_info    0x0000013c      0x116 adcInit.o
 .debug_info    0x00000252       0x5e global.o
 .debug_info    0x000002b0       0xb2 heatController.o
 .debug_info    0x00000362       0x9a interrupt.o
 .debug_info    0x000003fc      0x6c4 lcdRoutines.o
 .debug_info    0x00000ac0      0x480 menuScreens.o
 .debug_info    0x00000f40       0x71 myInit.o
 .debug_info    0x00000fb1       0xbb pwmInit.o
 .debug_info    0x0000106c       0x90 timerInit.o
 *(.gnu.linkonce.wi.*)

.debug_abbrev   0x00000000      0x5e2
 *(.debug_abbrev)
 .debug_abbrev  0x00000000       0x73 main.o
 .debug_abbrev  0x00000073       0x9a adcInit.o
 .debug_abbrev  0x0000010d       0x2a global.o
 .debug_abbrev  0x00000137       0x77 heatController.o
 .debug_abbrev  0x000001ae       0x3f interrupt.o
 .debug_abbrev  0x000001ed      0x12b lcdRoutines.o
 .debug_abbrev  0x00000318      0x1c0 menuScreens.o
 .debug_abbrev  0x000004d8       0x3d myInit.o
 .debug_abbrev  0x00000515       0x72 pwmInit.o
 .debug_abbrev  0x00000587       0x5b timerInit.o

.debug_line     0x00000000      0xf8c
 *(.debug_line)
 .debug_line    0x00000000       0x91 main.o
 .debug_line    0x00000091      0x144 adcInit.o
 .debug_line    0x000001d5       0x3e global.o
 .debug_line    0x00000213       0xd3 heatController.o
 .debug_line    0x000002e6       0x98 interrupt.o
 .debug_line    0x0000037e      0x3ef lcdRoutines.o
 .debug_line    0x0000076d      0x570 menuScreens.o
 .debug_line    0x00000cdd       0xed myInit.o
 .debug_line    0x00000dca      0x10c pwmInit.o
 .debug_line    0x00000ed6       0xb6 timerInit.o

.debug_frame    0x00000000      0x2a0
 *(.debug_frame)
 .debug_frame   0x00000000       0x20 main.o
 .debug_frame   0x00000020       0x40 adcInit.o
 .debug_frame   0x00000060       0x20 heatController.o
 .debug_frame   0x00000080       0x40 interrupt.o
 .debug_frame   0x000000c0       0x90 lcdRoutines.o
 .debug_frame   0x00000150       0xe0 menuScreens.o
 .debug_frame   0x00000230       0x20 myInit.o
 .debug_frame   0x00000250       0x30 pwmInit.o
 .debug_frame   0x00000280       0x20 timerInit.o

.debug_str      0x00000000      0x4ec
 *(.debug_str)
 .debug_str     0x00000000      0x1d4 main.o
                                0x208 (size before relaxing)
 .debug_str     0x000001d4       0x37 adcInit.o
                                0x13d (size before relaxing)
 .debug_str     0x0000020b        0xc global.o
                                0x101 (size before relaxing)
 .debug_str     0x00000217       0x4a heatController.o
                                0x150 (size before relaxing)
 .debug_str     0x00000261       0x30 interrupt.o
                                0x125 (size before relaxing)
 .debug_str     0x00000291       0xc6 lcdRoutines.o
                                0x1d6 (size before relaxing)
 .debug_str     0x00000357      0x141 menuScreens.o
                                0x2e2 (size before relaxing)
 .debug_str     0x00000498       0x13 myInit.o
                                0x108 (size before relaxing)
 .debug_str     0x000004ab       0x27 pwmInit.o
                                0x125 (size before relaxing)
 .debug_str     0x000004d2       0x1a timerInit.o
                                0x120 (size before relaxing)

.debug_loc      0x00000000      0x414
 *(.debug_loc)
 .debug_loc     0x00000000       0x3c adcInit.o
 .debug_loc     0x0000003c       0x46 heatController.o
 .debug_loc     0x00000082      0x1c9 lcdRoutines.o
 .debug_loc     0x0000024b      0x1c9 menuScreens.o

.debug_macinfo
 *(.debug_macinfo)
OUTPUT(t3_controller.elf elf32-avr)
LOAD linker stubs
