Archive member included because of file (symbol)

c:/program files/winavr/bin/../lib/gcc/avr/4.3.3/avr5\libgcc.a(_udivmodhi4.o)
                              heatController.o (__udivmodhi4)
c:/program files/winavr/bin/../lib/gcc/avr/4.3.3/avr5\libgcc.a(_exit.o)
                              c:/program files/winavr/bin/../lib/gcc/avr/4.3.3/../../../../avr/lib/avr5/crtm32.o (exit)
c:/program files/winavr/bin/../lib/gcc/avr/4.3.3/avr5\libgcc.a(_copy_data.o)
                              menuScreens.o (__do_copy_data)
c:/program files/winavr/bin/../lib/gcc/avr/4.3.3/avr5\libgcc.a(_clear_bss.o)
                              main.o (__do_clear_bss)
c:/program files/winavr/bin/../lib/gcc/avr/4.3.3/../../../../avr/lib/avr5\libc.a(utoa.o)
                              menuScreens.o (utoa)
c:/program files/winavr/bin/../lib/gcc/avr/4.3.3/../../../../avr/lib/avr5\libc.a(strrev.o)
                              c:/program files/winavr/bin/../lib/gcc/avr/4.3.3/../../../../avr/lib/avr5\libc.a(utoa.o) (strrev)

Memory Configuration

Name             Origin             Length             Attributes
text             0x00000000         0x00020000         xr
data             0x00800060         0x0000ffa0         rw !x
eeprom           0x00810000         0x00010000         rw !x
fuse             0x00820000         0x00000400         rw !x
lock             0x00830000         0x00000400         rw !x
signature        0x00840000         0x00000400         rw !x
*default*        0x00000000         0xffffffff

Linker script and memory map

LOAD c:/program files/winavr/bin/../lib/gcc/avr/4.3.3/../../../../avr/lib/avr5/crtm32.o
LOAD heatController.o
LOAD lcdRoutines.o
LOAD main.o
LOAD pwmInit.o
LOAD timerInit.o
LOAD globals.o
LOAD adcInit.o
LOAD myInit.o
LOAD interrupt.o
LOAD menuScreens.o
LOAD c:/program files/winavr/bin/../lib/gcc/avr/4.3.3/avr5\libgcc.a
LOAD c:/program files/winavr/bin/../lib/gcc/avr/4.3.3/../../../../avr/lib/avr5\libc.a
LOAD c:/program files/winavr/bin/../lib/gcc/avr/4.3.3/avr5\libgcc.a

.hash
 *(.hash)

.dynsym
 *(.dynsym)

.dynstr
 *(.dynstr)

.gnu.version
 *(.gnu.version)

.gnu.version_d
 *(.gnu.version_d)

.gnu.version_r
 *(.gnu.version_r)

.rel.init
 *(.rel.init)

.rela.init
 *(.rela.init)

.rel.text
 *(.rel.text)
 *(.rel.text.*)
 *(.rel.gnu.linkonce.t*)

.rela.text
 *(.rela.text)
 *(.rela.text.*)
 *(.rela.gnu.linkonce.t*)

.rel.fini
 *(.rel.fini)

.rela.fini
 *(.rela.fini)

.rel.rodata
 *(.rel.rodata)
 *(.rel.rodata.*)
 *(.rel.gnu.linkonce.r*)

.rela.rodata
 *(.rela.rodata)
 *(.rela.rodata.*)
 *(.rela.gnu.linkonce.r*)

.rel.data
 *(.rel.data)
 *(.rel.data.*)
 *(.rel.gnu.linkonce.d*)

.rela.data
 *(.rela.data)
 *(.rela.data.*)
 *(.rela.gnu.linkonce.d*)

.rel.ctors
 *(.rel.ctors)

.rela.ctors
 *(.rela.ctors)

.rel.dtors
 *(.rel.dtors)

.rela.dtors
 *(.rela.dtors)

.rel.got
 *(.rel.got)

.rela.got
 *(.rela.got)

.rel.bss
 *(.rel.bss)

.rela.bss
 *(.rela.bss)

.rel.plt
 *(.rel.plt)

.rela.plt
 *(.rela.plt)

.text           0x00000000      0xca6
 *(.vectors)
 .vectors       0x00000000       0x54 c:/program files/winavr/bin/../lib/gcc/avr/4.3.3/../../../../avr/lib/avr5/crtm32.o
                0x00000000                __vectors
                0x00000000                __vector_default
 *(.vectors)
 *(.progmem.gcc*)
 *(.progmem*)
                0x00000054                . = ALIGN (0x2)
                0x00000054                __trampolines_start = .
 *(.trampolines)
 .trampolines   0x00000054        0x0 linker stubs
 *(.trampolines*)
                0x00000054                __trampolines_end = .
 *(.jumptables)
 *(.jumptables*)
 *(.lowtext)
 *(.lowtext*)
                0x00000054                __ctors_start = .
 *(.ctors)
                0x00000054                __ctors_end = .
                0x00000054                __dtors_start = .
 *(.dtors)
                0x00000054                __dtors_end = .
 SORT(*)(.ctors)
 SORT(*)(.dtors)
 *(.init0)
 .init0         0x00000054        0x0 c:/program files/winavr/bin/../lib/gcc/avr/4.3.3/../../../../avr/lib/avr5/crtm32.o
                0x00000054                __init
 *(.init0)
 *(.init1)
 *(.init1)
 *(.init2)
 .init2         0x00000054        0xc c:/program files/winavr/bin/../lib/gcc/avr/4.3.3/../../../../avr/lib/avr5/crtm32.o
 *(.init2)
 *(.init3)
 *(.init3)
 *(.init4)
 .init4         0x00000060       0x16 c:/program files/winavr/bin/../lib/gcc/avr/4.3.3/avr5\libgcc.a(_copy_data.o)
                0x00000060                __do_copy_data
 .init4         0x00000076       0x10 c:/program files/winavr/bin/../lib/gcc/avr/4.3.3/avr5\libgcc.a(_clear_bss.o)
                0x00000076                __do_clear_bss
 *(.init4)
 *(.init5)
 *(.init5)
 *(.init6)
 *(.init6)
 *(.init7)
 *(.init7)
 *(.init8)
 *(.init8)
 *(.init9)
 .init9         0x00000086        0x8 c:/program files/winavr/bin/../lib/gcc/avr/4.3.3/../../../../avr/lib/avr5/crtm32.o
 *(.init9)
 *(.text)
 .text          0x0000008e        0x4 c:/program files/winavr/bin/../lib/gcc/avr/4.3.3/../../../../avr/lib/avr5/crtm32.o
                0x0000008e                __vector_12
                0x0000008e                __bad_interrupt
                0x0000008e                __vector_6
                0x0000008e                __vector_11
                0x0000008e                __vector_13
                0x0000008e                __vector_17
                0x0000008e                __vector_19
                0x0000008e                __vector_7
                0x0000008e                __vector_5
                0x0000008e                __vector_4
                0x0000008e                __vector_9
                0x0000008e                __vector_15
                0x0000008e                __vector_8
                0x0000008e                __vector_14
                0x0000008e                __vector_10
                0x0000008e                __vector_16
                0x0000008e                __vector_18
                0x0000008e                __vector_20
 .text          0x00000092       0x54 heatController.o
                0x00000092                updateHeatController
 .text          0x000000e6      0x170 lcdRoutines.o
                0x000000e6                lcd_data
                0x0000016e                lcd_clear
                0x00000210                set_cursor
                0x00000200                lcd_home
                0x0000023c                lcd_string
                0x00000162                lcd_enable
                0x0000017e                lcd_init
                0x00000124                lcd_command
 .text          0x00000256      0x3d4 main.o
                0x00000256                main
 .text          0x0000062a       0x4a pwmInit.o
                0x0000066e                pwmUpdate
                0x0000062a                pwmInit
 .text          0x00000674       0x12 timerInit.o
                0x00000674                timer_init
 .text          0x00000686        0x0 globals.o
 .text          0x00000686       0x88 adcInit.o
                0x000006d6                adcRead5
                0x00000686                adcInit
                0x0000069e                adcRead15
 .text          0x0000070e       0x34 myInit.o
                0x0000070e                myInit
 .text          0x00000742       0x50 interrupt.o
                0x00000742                __vector_1
                0x0000076a                __vector_3
                0x00000756                __vector_2
 .text          0x00000792      0x49c menuScreens.o
                0x00000be6                menuInit
                0x00000792                screenTempInfo
                0x000008b2                screenWakeupSleepmode
                0x00000858                screenWarningBatt1
                0x00000ada                screenHeatingAuto
                0x00000894                screenInfo
                0x0000083a                screenWarningBatt2
                0x00000876                screenLightWarning
                0x000008ee                screenVoltageThreshold
                0x000009e2                screenVoltageControl
                0x00000b48                screenHeatingManual
                0x000008d0                screenGotoSleepmode
                0x00000b2a                screenWelcome
 .text          0x00000c2e        0x0 c:/program files/winavr/bin/../lib/gcc/avr/4.3.3/avr5\libgcc.a(_udivmodhi4.o)
 .text          0x00000c2e        0x0 c:/program files/winavr/bin/../lib/gcc/avr/4.3.3/avr5\libgcc.a(_exit.o)
 .text          0x00000c2e        0x0 c:/program files/winavr/bin/../lib/gcc/avr/4.3.3/avr5\libgcc.a(_copy_data.o)
 .text          0x00000c2e        0x0 c:/program files/winavr/bin/../lib/gcc/avr/4.3.3/avr5\libgcc.a(_clear_bss.o)
 .text          0x00000c2e        0x0 c:/program files/winavr/bin/../lib/gcc/avr/4.3.3/../../../../avr/lib/avr5\libc.a(utoa.o)
 .text          0x00000c2e        0x0 c:/program files/winavr/bin/../lib/gcc/avr/4.3.3/../../../../avr/lib/avr5\libc.a(strrev.o)
                0x00000c2e                . = ALIGN (0x2)
 *(.text.*)
 .text.libgcc   0x00000c2e       0x28 c:/program files/winavr/bin/../lib/gcc/avr/4.3.3/avr5\libgcc.a(_udivmodhi4.o)
                0x00000c2e                __udivmodhi4
 .text.libgcc   0x00000c56        0x0 c:/program files/winavr/bin/../lib/gcc/avr/4.3.3/avr5\libgcc.a(_exit.o)
 .text.libgcc   0x00000c56        0x0 c:/program files/winavr/bin/../lib/gcc/avr/4.3.3/avr5\libgcc.a(_copy_data.o)
 .text.libgcc   0x00000c56        0x0 c:/program files/winavr/bin/../lib/gcc/avr/4.3.3/avr5\libgcc.a(_clear_bss.o)
 .text.avr-libc
                0x00000c56       0x2c c:/program files/winavr/bin/../lib/gcc/avr/4.3.3/../../../../avr/lib/avr5\libc.a(utoa.o)
                0x00000c56                utoa
 .text.avr-libc
                0x00000c82       0x20 c:/program files/winavr/bin/../lib/gcc/avr/4.3.3/../../../../avr/lib/avr5\libc.a(strrev.o)
                0x00000c82                strrev
                0x00000ca2                . = ALIGN (0x2)
 *(.fini9)
 .fini9         0x00000ca2        0x0 c:/program files/winavr/bin/../lib/gcc/avr/4.3.3/avr5\libgcc.a(_exit.o)
                0x00000ca2                exit
                0x00000ca2                _exit
 *(.fini9)
 *(.fini8)
 *(.fini8)
 *(.fini7)
 *(.fini7)
 *(.fini6)
 *(.fini6)
 *(.fini5)
 *(.fini5)
 *(.fini4)
 *(.fini4)
 *(.fini3)
 *(.fini3)
 *(.fini2)
 *(.fini2)
 *(.fini1)
 *(.fini1)
 *(.fini0)
 .fini0         0x00000ca2        0x4 c:/program files/winavr/bin/../lib/gcc/avr/4.3.3/avr5\libgcc.a(_exit.o)
 *(.fini0)
                0x00000ca6                _etext = .

.data           0x00800060       0xf4 load address 0x00000ca6
                0x00800060                PROVIDE (__data_start, .)
 *(.data)
 .data          0x00800060        0x0 c:/program files/winavr/bin/../lib/gcc/avr/4.3.3/../../../../avr/lib/avr5/crtm32.o
 .data          0x00800060        0x0 heatController.o
 .data          0x00800060        0x0 lcdRoutines.o
 .data          0x00800060        0x0 main.o
 .data          0x00800060        0x0 pwmInit.o
 .data          0x00800060        0x0 timerInit.o
 .data          0x00800060        0x0 globals.o
 .data          0x00800060        0x0 adcInit.o
 .data          0x00800060        0x0 myInit.o
 .data          0x00800060        0x0 interrupt.o
 .data          0x00800060       0xf4 menuScreens.o
 .data          0x00800154        0x0 c:/program files/winavr/bin/../lib/gcc/avr/4.3.3/avr5\libgcc.a(_udivmodhi4.o)
 .data          0x00800154        0x0 c:/program files/winavr/bin/../lib/gcc/avr/4.3.3/avr5\libgcc.a(_exit.o)
 .data          0x00800154        0x0 c:/program files/winavr/bin/../lib/gcc/avr/4.3.3/avr5\libgcc.a(_copy_data.o)
 .data          0x00800154        0x0 c:/program files/winavr/bin/../lib/gcc/avr/4.3.3/avr5\libgcc.a(_clear_bss.o)
 .data          0x00800154        0x0 c:/program files/winavr/bin/../lib/gcc/avr/4.3.3/../../../../avr/lib/avr5\libc.a(utoa.o)
 .data          0x00800154        0x0 c:/program files/winavr/bin/../lib/gcc/avr/4.3.3/../../../../avr/lib/avr5\libc.a(strrev.o)
 *(.data*)
 *(.rodata)
 *(.rodata*)
 *(.gnu.linkonce.d*)
                0x00800154                . = ALIGN (0x2)
                0x00800154                _edata = .
                0x00800154                PROVIDE (__data_end, .)

.bss            0x00800154        0x8
                0x00800154                PROVIDE (__bss_start, .)
 *(.bss)
 .bss           0x00800154        0x0 c:/program files/winavr/bin/../lib/gcc/avr/4.3.3/../../../../avr/lib/avr5/crtm32.o
 .bss           0x00800154        0x0 heatController.o
 .bss           0x00800154        0x0 lcdRoutines.o
 .bss           0x00800154        0x7 main.o
 .bss           0x0080015b        0x0 pwmInit.o
 .bss           0x0080015b        0x0 timerInit.o
 .bss           0x0080015b        0x1 globals.o
                0x0080015b                wakeUp
 .bss           0x0080015c        0x0 adcInit.o
 .bss           0x0080015c        0x0 myInit.o
 .bss           0x0080015c        0x0 interrupt.o
 .bss           0x0080015c        0x0 menuScreens.o
 .bss           0x0080015c        0x0 c:/program files/winavr/bin/../lib/gcc/avr/4.3.3/avr5\libgcc.a(_udivmodhi4.o)
 .bss           0x0080015c        0x0 c:/program files/winavr/bin/../lib/gcc/avr/4.3.3/avr5\libgcc.a(_exit.o)
 .bss           0x0080015c        0x0 c:/program files/winavr/bin/../lib/gcc/avr/4.3.3/avr5\libgcc.a(_copy_data.o)
 .bss           0x0080015c        0x0 c:/program files/winavr/bin/../lib/gcc/avr/4.3.3/avr5\libgcc.a(_clear_bss.o)
 .bss           0x0080015c        0x0 c:/program files/winavr/bin/../lib/gcc/avr/4.3.3/../../../../avr/lib/avr5\libc.a(utoa.o)
 .bss           0x0080015c        0x0 c:/program files/winavr/bin/../lib/gcc/avr/4.3.3/../../../../avr/lib/avr5\libc.a(strrev.o)
 *(.bss*)
 *(COMMON)
 COMMON         0x0080015c        0x0 main.o
                0x0080015c                PROVIDE (__bss_end, .)
                0x00000ca6                __data_load_start = LOADADDR (.data)
                0x00000d9a                __data_load_end = (__data_load_start + SIZEOF (.data))

.noinit         0x0080015c        0x0
                0x0080015c                PROVIDE (__noinit_start, .)
 *(.noinit*)
                0x0080015c                PROVIDE (__noinit_end, .)
                0x0080015c                _end = .
                0x0080015c                PROVIDE (__heap_start, .)

.eeprom         0x00810000        0x0
 *(.eeprom*)
                0x00810000                __eeprom_end = .

.fuse
 *(.fuse)
 *(.lfuse)
 *(.hfuse)
 *(.efuse)

.lock
 *(.lock*)

.signature
 *(.signature*)

.stab
 *(.stab)

.stabstr
 *(.stabstr)

.stab.excl
 *(.stab.excl)

.stab.exclstr
 *(.stab.exclstr)

.stab.index
 *(.stab.index)

.stab.indexstr
 *(.stab.indexstr)

.comment
 *(.comment)

.debug
 *(.debug)

.line
 *(.line)

.debug_srcinfo
 *(.debug_srcinfo)

.debug_sfnames
 *(.debug_sfnames)

.debug_aranges  0x00000000      0x120
 *(.debug_aranges)
 .debug_aranges
                0x00000000       0x20 heatController.o
 .debug_aranges
                0x00000020       0x20 lcdRoutines.o
 .debug_aranges
                0x00000040       0x20 main.o
 .debug_aranges
                0x00000060       0x20 pwmInit.o
 .debug_aranges
                0x00000080       0x20 timerInit.o
 .debug_aranges
                0x000000a0       0x20 adcInit.o
 .debug_aranges
                0x000000c0       0x20 myInit.o
 .debug_aranges
                0x000000e0       0x20 interrupt.o
 .debug_aranges
                0x00000100       0x20 menuScreens.o

.debug_pubnames
                0x00000000      0x300
 *(.debug_pubnames)
 .debug_pubnames
                0x00000000       0x2b heatController.o
 .debug_pubnames
                0x0000002b       0x84 lcdRoutines.o
 .debug_pubnames
                0x000000af       0x26 main.o
 .debug_pubnames
                0x000000d5       0x2c pwmInit.o
 .debug_pubnames
                0x00000101       0x21 timerInit.o
 .debug_pubnames
                0x00000122       0x1d globals.o
 .debug_pubnames
                0x0000013f       0x39 adcInit.o
 .debug_pubnames
                0x00000178       0x1d myInit.o
 .debug_pubnames
                0x00000195       0x3f interrupt.o
 .debug_pubnames
                0x000001d4      0x12c menuScreens.o

.debug_info     0x00000000     0x170d
 *(.debug_info)
 .debug_info    0x00000000       0xb2 heatController.o
 .debug_info    0x000000b2      0x6c4 lcdRoutines.o
 .debug_info    0x00000776      0x718 main.o
 .debug_info    0x00000e8e       0xbb pwmInit.o
 .debug_info    0x00000f49       0x90 timerInit.o
 .debug_info    0x00000fd9       0x7b globals.o
 .debug_info    0x00001054      0x116 adcInit.o
 .debug_info    0x0000116a       0x71 myInit.o
 .debug_info    0x000011db       0xb2 interrupt.o
 .debug_info    0x0000128d      0x480 menuScreens.o
 *(.gnu.linkonce.wi.*)

.debug_abbrev   0x00000000      0x70e
 *(.debug_abbrev)
 .debug_abbrev  0x00000000       0x77 heatController.o
 .debug_abbrev  0x00000077      0x12b lcdRoutines.o
 .debug_abbrev  0x000001a2      0x163 main.o
 .debug_abbrev  0x00000305       0x72 pwmInit.o
 .debug_abbrev  0x00000377       0x5b timerInit.o
 .debug_abbrev  0x000003d2       0x48 globals.o
 .debug_abbrev  0x0000041a       0x9a adcInit.o
 .debug_abbrev  0x000004b4       0x3d myInit.o
 .debug_abbrev  0x000004f1       0x5d interrupt.o
 .debug_abbrev  0x0000054e      0x1c0 menuScreens.o

.debug_line     0x00000000     0x14f1
 *(.debug_line)
 .debug_line    0x00000000       0xd3 heatController.o
 .debug_line    0x000000d3      0x3ef lcdRoutines.o
 .debug_line    0x000004c2      0x555 main.o
 .debug_line    0x00000a17      0x10c pwmInit.o
 .debug_line    0x00000b23       0xb6 timerInit.o
 .debug_line    0x00000bd9       0x8c globals.o
 .debug_line    0x00000c65      0x144 adcInit.o
 .debug_line    0x00000da9       0xed myInit.o
 .debug_line    0x00000e96       0xeb interrupt.o
 .debug_line    0x00000f81      0x570 menuScreens.o

.debug_frame    0x00000000      0x2a0
 *(.debug_frame)
 .debug_frame   0x00000000       0x20 heatController.o
 .debug_frame   0x00000020       0x90 lcdRoutines.o
 .debug_frame   0x000000b0       0x20 main.o
 .debug_frame   0x000000d0       0x30 pwmInit.o
 .debug_frame   0x00000100       0x20 timerInit.o
 .debug_frame   0x00000120       0x40 adcInit.o
 .debug_frame   0x00000160       0x20 myInit.o
 .debug_frame   0x00000180       0x40 interrupt.o
 .debug_frame   0x000001c0       0xe0 menuScreens.o

.debug_str      0x00000000      0x4f0
 *(.debug_str)
 .debug_str     0x00000000      0x112 heatController.o
                                0x146 (size before relaxing)
 .debug_str     0x00000112       0xc6 lcdRoutines.o
                                0x1cc (size before relaxing)
 .debug_str     0x000001d8      0x10f main.o
                                0x262 (size before relaxing)
 .debug_str     0x000002e7       0x27 pwmInit.o
                                0x11b (size before relaxing)
 .debug_str     0x0000030e       0x1a timerInit.o
                                0x116 (size before relaxing)
 .debug_str     0x00000328        0xd globals.o
                                0x107 (size before relaxing)
 .debug_str     0x00000335       0x37 adcInit.o
                                0x133 (size before relaxing)
 .debug_str     0x0000036c       0x13 myInit.o
                                 0xfe (size before relaxing)
 .debug_str     0x0000037f       0x30 interrupt.o
                                0x12a (size before relaxing)
 .debug_str     0x000003af      0x141 menuScreens.o
                                0x2d8 (size before relaxing)

.debug_loc      0x00000000     0x107e
 *(.debug_loc)
 .debug_loc     0x00000000       0x46 heatController.o
 .debug_loc     0x00000046      0x1c9 lcdRoutines.o
 .debug_loc     0x0000020f      0xc6a main.o
 .debug_loc     0x00000e79       0x3c adcInit.o
 .debug_loc     0x00000eb5      0x1c9 menuScreens.o

.debug_macinfo
 *(.debug_macinfo)
OUTPUT(t3_systemController.elf elf32-avr)
LOAD linker stubs

.debug_ranges   0x00000000       0xa8
 .debug_ranges  0x00000000       0xa8 main.o
