Archive member included because of file (symbol)

c:/program files (x86)/atmel/atmel studio 6.0/extensions/atmel/avrgcc/3.4.0.65/avrtoolchain/bin/../lib/gcc/avr/4.6.2/../../../../avr/lib/avr51\libm.a(cmpsf2.o)
                              lcdFiles/dogm-graphic.o (__ltsf2)
c:/program files (x86)/atmel/atmel studio 6.0/extensions/atmel/avrgcc/3.4.0.65/avrtoolchain/bin/../lib/gcc/avr/4.6.2/../../../../avr/lib/avr51\libm.a(fixunssfsi.o)
                              lcdFiles/dogm-graphic.o (__fixunssfsi)
c:/program files (x86)/atmel/atmel studio 6.0/extensions/atmel/avrgcc/3.4.0.65/avrtoolchain/bin/../lib/gcc/avr/4.6.2/../../../../avr/lib/avr51\libm.a(fp_cmp.o)
                              c:/program files (x86)/atmel/atmel studio 6.0/extensions/atmel/avrgcc/3.4.0.65/avrtoolchain/bin/../lib/gcc/avr/4.6.2/../../../../avr/lib/avr51\libm.a(cmpsf2.o) (__fp_cmp)
c:/program files (x86)/atmel/atmel studio 6.0/extensions/atmel/avrgcc/3.4.0.65/avrtoolchain/bin/../lib/gcc/avr/4.6.2/../../../../avr/lib/avr51\libm.a(fp_split3.o)
                              c:/program files (x86)/atmel/atmel studio 6.0/extensions/atmel/avrgcc/3.4.0.65/avrtoolchain/bin/../lib/gcc/avr/4.6.2/../../../../avr/lib/avr51\libm.a(fixunssfsi.o) (__fp_splitA)
c:/program files (x86)/atmel/atmel studio 6.0/extensions/atmel/avrgcc/3.4.0.65/avrtoolchain/bin/../lib/gcc/avr/4.6.2/../../../../avr/lib/avr51\libm.a(fp_zero.o)
                              c:/program files (x86)/atmel/atmel studio 6.0/extensions/atmel/avrgcc/3.4.0.65/avrtoolchain/bin/../lib/gcc/avr/4.6.2/../../../../avr/lib/avr51\libm.a(fixunssfsi.o) (__fp_zero)
c:/program files (x86)/atmel/atmel studio 6.0/extensions/atmel/avrgcc/3.4.0.65/avrtoolchain/bin/../lib/gcc/avr/4.6.2/../../../../avr/lib/avr51\libm.a(gesf2.o)
                              lcdFiles/dogm-graphic.o (__gtsf2)
c:/program files (x86)/atmel/atmel studio 6.0/extensions/atmel/avrgcc/3.4.0.65/avrtoolchain/bin/../lib/gcc/avr/4.6.2/../../../../avr/lib/avr51\libm.a(mulsf3.o)
                              lcdFiles/dogm-graphic.o (__mulsf3)
c:/program files (x86)/atmel/atmel studio 6.0/extensions/atmel/avrgcc/3.4.0.65/avrtoolchain/bin/../lib/gcc/avr/4.6.2/../../../../avr/lib/avr51\libm.a(mulsf3x.o)
                              c:/program files (x86)/atmel/atmel studio 6.0/extensions/atmel/avrgcc/3.4.0.65/avrtoolchain/bin/../lib/gcc/avr/4.6.2/../../../../avr/lib/avr51\libm.a(mulsf3.o) (__mulsf3x)
c:/program files (x86)/atmel/atmel studio 6.0/extensions/atmel/avrgcc/3.4.0.65/avrtoolchain/bin/../lib/gcc/avr/4.6.2/../../../../avr/lib/avr51\libm.a(fp_inf.o)
                              c:/program files (x86)/atmel/atmel studio 6.0/extensions/atmel/avrgcc/3.4.0.65/avrtoolchain/bin/../lib/gcc/avr/4.6.2/../../../../avr/lib/avr51\libm.a(mulsf3x.o) (__fp_inf)
c:/program files (x86)/atmel/atmel studio 6.0/extensions/atmel/avrgcc/3.4.0.65/avrtoolchain/bin/../lib/gcc/avr/4.6.2/../../../../avr/lib/avr51\libm.a(fp_nan.o)
                              c:/program files (x86)/atmel/atmel studio 6.0/extensions/atmel/avrgcc/3.4.0.65/avrtoolchain/bin/../lib/gcc/avr/4.6.2/../../../../avr/lib/avr51\libm.a(mulsf3x.o) (__fp_nan)
c:/program files (x86)/atmel/atmel studio 6.0/extensions/atmel/avrgcc/3.4.0.65/avrtoolchain/bin/../lib/gcc/avr/4.6.2/../../../../avr/lib/avr51\libm.a(fp_pscA.o)
                              c:/program files (x86)/atmel/atmel studio 6.0/extensions/atmel/avrgcc/3.4.0.65/avrtoolchain/bin/../lib/gcc/avr/4.6.2/../../../../avr/lib/avr51\libm.a(mulsf3x.o) (__fp_pscA)
c:/program files (x86)/atmel/atmel studio 6.0/extensions/atmel/avrgcc/3.4.0.65/avrtoolchain/bin/../lib/gcc/avr/4.6.2/../../../../avr/lib/avr51\libm.a(fp_pscB.o)
                              c:/program files (x86)/atmel/atmel studio 6.0/extensions/atmel/avrgcc/3.4.0.65/avrtoolchain/bin/../lib/gcc/avr/4.6.2/../../../../avr/lib/avr51\libm.a(mulsf3x.o) (__fp_pscB)
c:/program files (x86)/atmel/atmel studio 6.0/extensions/atmel/avrgcc/3.4.0.65/avrtoolchain/bin/../lib/gcc/avr/4.6.2/../../../../avr/lib/avr51\libm.a(fp_round.o)
                              c:/program files (x86)/atmel/atmel studio 6.0/extensions/atmel/avrgcc/3.4.0.65/avrtoolchain/bin/../lib/gcc/avr/4.6.2/../../../../avr/lib/avr51\libm.a(mulsf3.o) (__fp_round)
c:/program files (x86)/atmel/atmel studio 6.0/extensions/atmel/avrgcc/3.4.0.65/avrtoolchain/bin/../lib/gcc/avr/4.6.2/avr51\libgcc.a(_mulsi3.o)
                              adc.o (__mulsi3)
c:/program files (x86)/atmel/atmel studio 6.0/extensions/atmel/avrgcc/3.4.0.65/avrtoolchain/bin/../lib/gcc/avr/4.6.2/avr51\libgcc.a(_udivmodqi4.o)
                              taskFiles/userInterfaceTask.o (__udivmodqi4)
c:/program files (x86)/atmel/atmel studio 6.0/extensions/atmel/avrgcc/3.4.0.65/avrtoolchain/bin/../lib/gcc/avr/4.6.2/avr51\libgcc.a(_udivmodhi4.o)
                              adc.o (__udivmodhi4)
c:/program files (x86)/atmel/atmel studio 6.0/extensions/atmel/avrgcc/3.4.0.65/avrtoolchain/bin/../lib/gcc/avr/4.6.2/avr51\libgcc.a(_udivmodsi4.o)
                              adc.o (__udivmodsi4)
c:/program files (x86)/atmel/atmel studio 6.0/extensions/atmel/avrgcc/3.4.0.65/avrtoolchain/bin/../lib/gcc/avr/4.6.2/avr51\libgcc.a(_divmodsi4.o)
                              taskFiles/integer.o (__divmodsi4)
c:/program files (x86)/atmel/atmel studio 6.0/extensions/atmel/avrgcc/3.4.0.65/avrtoolchain/bin/../lib/gcc/avr/4.6.2/avr51\libgcc.a(_exit.o)
                              c:/program files (x86)/atmel/atmel studio 6.0/extensions/atmel/avrgcc/3.4.0.65/avrtoolchain/bin/../lib/gcc/avr/4.6.2/../../../../avr/lib/avr51/crtm1284p.o (exit)
c:/program files (x86)/atmel/atmel studio 6.0/extensions/atmel/avrgcc/3.4.0.65/avrtoolchain/bin/../lib/gcc/avr/4.6.2/avr51\libgcc.a(_copy_data.o)
                              adc.o (__do_copy_data)
c:/program files (x86)/atmel/atmel studio 6.0/extensions/atmel/avrgcc/3.4.0.65/avrtoolchain/bin/../lib/gcc/avr/4.6.2/avr51\libgcc.a(_clear_bss.o)
                              adc.o (__do_clear_bss)
c:/program files (x86)/atmel/atmel studio 6.0/extensions/atmel/avrgcc/3.4.0.65/avrtoolchain/bin/../lib/gcc/avr/4.6.2/../../../../avr/lib/avr51\libc.a(memcpy.o)
                              osFiles/queue.o (memcpy)
c:/program files (x86)/atmel/atmel studio 6.0/extensions/atmel/avrgcc/3.4.0.65/avrtoolchain/bin/../lib/gcc/avr/4.6.2/../../../../avr/lib/avr51\libc.a(memset.o)
                              osFiles/tasks.o (memset)
c:/program files (x86)/atmel/atmel studio 6.0/extensions/atmel/avrgcc/3.4.0.65/avrtoolchain/bin/../lib/gcc/avr/4.6.2/../../../../avr/lib/avr51\libc.a(strncpy.o)
                              osFiles/tasks.o (strncpy)
c:/program files (x86)/atmel/atmel studio 6.0/extensions/atmel/avrgcc/3.4.0.65/avrtoolchain/bin/../lib/gcc/avr/4.6.2/../../../../avr/lib/avr51\libc.a(itoa.o)
                              lcdFiles/font.o (itoa)
c:/program files (x86)/atmel/atmel studio 6.0/extensions/atmel/avrgcc/3.4.0.65/avrtoolchain/bin/../lib/gcc/avr/4.6.2/../../../../avr/lib/avr51\libc.a(ltoa.o)
                              lcdFiles/font.o (ltoa)
c:/program files (x86)/atmel/atmel studio 6.0/extensions/atmel/avrgcc/3.4.0.65/avrtoolchain/bin/../lib/gcc/avr/4.6.2/../../../../avr/lib/avr51\libc.a(utoa.o)
                              lcdFiles/font.o (utoa)
c:/program files (x86)/atmel/atmel studio 6.0/extensions/atmel/avrgcc/3.4.0.65/avrtoolchain/bin/../lib/gcc/avr/4.6.2/../../../../avr/lib/avr51\libc.a(eerd_block_atmega1284p.o)
                              main.o (__eerd_block_m1284p)
c:/program files (x86)/atmel/atmel studio 6.0/extensions/atmel/avrgcc/3.4.0.65/avrtoolchain/bin/../lib/gcc/avr/4.6.2/../../../../avr/lib/avr51\libc.a(eewr_byte_atmega1284p.o)
                              main.o (__eewr_byte_m1284p)
c:/program files (x86)/atmel/atmel studio 6.0/extensions/atmel/avrgcc/3.4.0.65/avrtoolchain/bin/../lib/gcc/avr/4.6.2/../../../../avr/lib/avr51\libc.a(strrev.o)
                              c:/program files (x86)/atmel/atmel studio 6.0/extensions/atmel/avrgcc/3.4.0.65/avrtoolchain/bin/../lib/gcc/avr/4.6.2/../../../../avr/lib/avr51\libc.a(itoa.o) (strrev)

Allocating common symbols
Common symbol       size              file

global_font_style   0x1               lcdFiles/font.o
global_font_select  0x2               lcdFiles/font.o

Memory Configuration

Name             Origin             Length             Attributes
text             0x00000000         0x00020000         xr
data             0x00800100         0x0000ff00         rw !x
eeprom           0x00810000         0x00010000         rw !x
fuse             0x00820000         0x00000400         rw !x
lock             0x00830000         0x00000400         rw !x
signature        0x00840000         0x00000400         rw !x
*default*        0x00000000         0xffffffff

Linker script and memory map

Address of section .data set to 0x800100
LOAD c:/program files (x86)/atmel/atmel studio 6.0/extensions/atmel/avrgcc/3.4.0.65/avrtoolchain/bin/../lib/gcc/avr/4.6.2/../../../../avr/lib/avr51/crtm1284p.o
LOAD adc.o
LOAD lcdFiles/dogm-graphic.o
LOAD lcdFiles/font.o
LOAD lcdFiles/Fonts/digits_24px.o
LOAD lcdFiles/Fonts/font_fixed_8px.o
LOAD lcdFiles/Fonts/font_proportional_16px.o
LOAD lcdFiles/Fonts/font_proportional_8px.o
LOAD lcdFiles/Fonts/symbols_16px.o
LOAD lcdFiles/Fonts/symbols_8px.o
LOAD lcdFiles/Fonts/template_simplefont.o
LOAD main.o
LOAD osFiles/croutine.o
LOAD osFiles/heap_1.o
LOAD osFiles/list.o
LOAD osFiles/port.o
LOAD osFiles/queue.o
LOAD osFiles/tasks.o
LOAD osFiles/timers.o
LOAD taskFiles/comtest.o
LOAD taskFiles/integer.o
LOAD taskFiles/ParTest.o
LOAD taskFiles/PollQ.o
LOAD taskFiles/print.o
LOAD taskFiles/regtest.o
LOAD taskFiles/serial.o
LOAD taskFiles/systemControlTask.o
LOAD taskFiles/systemStatusTask.o
LOAD taskFiles/userInterfaceTask.o
START GROUP
LOAD c:/program files (x86)/atmel/atmel studio 6.0/extensions/atmel/avrgcc/3.4.0.65/avrtoolchain/bin/../lib/gcc/avr/4.6.2/../../../../avr/lib/avr51\libm.a
END GROUP
LOAD c:/program files (x86)/atmel/atmel studio 6.0/extensions/atmel/avrgcc/3.4.0.65/avrtoolchain/bin/../lib/gcc/avr/4.6.2/avr51\libgcc.a
LOAD c:/program files (x86)/atmel/atmel studio 6.0/extensions/atmel/avrgcc/3.4.0.65/avrtoolchain/bin/../lib/gcc/avr/4.6.2/../../../../avr/lib/avr51\libc.a
LOAD c:/program files (x86)/atmel/atmel studio 6.0/extensions/atmel/avrgcc/3.4.0.65/avrtoolchain/bin/../lib/gcc/avr/4.6.2/avr51\libgcc.a

.hash
 *(.hash)

.dynsym
 *(.dynsym)

.dynstr
 *(.dynstr)

.gnu.version
 *(.gnu.version)

.gnu.version_d
 *(.gnu.version_d)

.gnu.version_r
 *(.gnu.version_r)

.rel.init
 *(.rel.init)

.rela.init
 *(.rela.init)

.rel.text
 *(.rel.text)
 *(.rel.text.*)
 *(.rel.gnu.linkonce.t*)

.rela.text
 *(.rela.text)
 *(.rela.text.*)
 *(.rela.gnu.linkonce.t*)

.rel.fini
 *(.rel.fini)

.rela.fini
 *(.rela.fini)

.rel.rodata
 *(.rel.rodata)
 *(.rel.rodata.*)
 *(.rel.gnu.linkonce.r*)

.rela.rodata
 *(.rela.rodata)
 *(.rela.rodata.*)
 *(.rela.gnu.linkonce.r*)

.rel.data
 *(.rel.data)
 *(.rel.data.*)
 *(.rel.gnu.linkonce.d*)

.rela.data
 *(.rela.data)
 *(.rela.data.*)
 *(.rela.gnu.linkonce.d*)

.rel.ctors
 *(.rel.ctors)

.rela.ctors
 *(.rela.ctors)

.rel.dtors
 *(.rel.dtors)

.rela.dtors
 *(.rela.dtors)

.rel.got
 *(.rel.got)

.rela.got
 *(.rela.got)

.rel.bss
 *(.rel.bss)

.rela.bss
 *(.rela.bss)

.rel.plt
 *(.rel.plt)

.rela.plt
 *(.rela.plt)

.text           0x00000000     0x6ebe
 *(.vectors)
 .vectors       0x00000000       0x8c c:/program files (x86)/atmel/atmel studio 6.0/extensions/atmel/avrgcc/3.4.0.65/avrtoolchain/bin/../lib/gcc/avr/4.6.2/../../../../avr/lib/avr51/crtm1284p.o
                0x00000000                __vector_default
                0x00000000                __vectors
 *(.vectors)
 *(.progmem.gcc*)
 *(.progmem*)
 .progmem.data  0x0000008c      0x60a lcdFiles/Fonts/font_fixed_8px.o
                0x0000008c                font_fixed_8px_data
                0x0000068c                font_fixed_8px
 .progmem.data  0x00000696      0x703 lcdFiles/Fonts/font_proportional_16px.o
                0x00000696                font_proportional_16px_data
                0x00000d8f                font_proportional_16px
 .progmem.data  0x00000d99       0xf8 taskFiles/userInterfaceTask.o
                0x00000e92                . = ALIGN (0x2)
 *fill*         0x00000e91        0x1 00
                0x00000e92                __trampolines_start = .
 *(.trampolines)
 .trampolines   0x00000e92        0x0 linker stubs
 *(.trampolines*)
                0x00000e92                __trampolines_end = .
 *(.jumptables)
 *(.jumptables*)
 *(.lowtext)
 *(.lowtext*)
                0x00000e92                __ctors_start = .
 *(.ctors)
                0x00000e92                __ctors_end = .
                0x00000e92                __dtors_start = .
 *(.dtors)
                0x00000e92                __dtors_end = .
 SORT(*)(.ctors)
 SORT(*)(.dtors)
 *(.init0)
 .init0         0x00000e92        0x0 c:/program files (x86)/atmel/atmel studio 6.0/extensions/atmel/avrgcc/3.4.0.65/avrtoolchain/bin/../lib/gcc/avr/4.6.2/../../../../avr/lib/avr51/crtm1284p.o
                0x00000e92                __init
 *(.init0)
 *(.init1)
 *(.init1)
 *(.init2)
 .init2         0x00000e92        0xc c:/program files (x86)/atmel/atmel studio 6.0/extensions/atmel/avrgcc/3.4.0.65/avrtoolchain/bin/../lib/gcc/avr/4.6.2/../../../../avr/lib/avr51/crtm1284p.o
 *(.init2)
 *(.init3)
 *(.init3)
 *(.init4)
 .init4         0x00000e9e       0x1a c:/program files (x86)/atmel/atmel studio 6.0/extensions/atmel/avrgcc/3.4.0.65/avrtoolchain/bin/../lib/gcc/avr/4.6.2/avr51\libgcc.a(_copy_data.o)
                0x00000e9e                __do_copy_data
 .init4         0x00000eb8       0x10 c:/program files (x86)/atmel/atmel studio 6.0/extensions/atmel/avrgcc/3.4.0.65/avrtoolchain/bin/../lib/gcc/avr/4.6.2/avr51\libgcc.a(_clear_bss.o)
                0x00000eb8                __do_clear_bss
 *(.init4)
 *(.init5)
 *(.init5)
 *(.init6)
 *(.init6)
 *(.init7)
 *(.init7)
 *(.init8)
 *(.init8)
 *(.init9)
 .init9         0x00000ec8        0x8 c:/program files (x86)/atmel/atmel studio 6.0/extensions/atmel/avrgcc/3.4.0.65/avrtoolchain/bin/../lib/gcc/avr/4.6.2/../../../../avr/lib/avr51/crtm1284p.o
 *(.init9)
 *(.text)
 .text          0x00000ed0        0x4 c:/program files (x86)/atmel/atmel studio 6.0/extensions/atmel/avrgcc/3.4.0.65/avrtoolchain/bin/../lib/gcc/avr/4.6.2/../../../../avr/lib/avr51/crtm1284p.o
                0x00000ed0                __vector_22
                0x00000ed0                __vector_28
                0x00000ed0                __vector_1
                0x00000ed0                __vector_32
                0x00000ed0                __vector_34
                0x00000ed0                __vector_24
                0x00000ed0                __vector_12
                0x00000ed0                __bad_interrupt
                0x00000ed0                __vector_6
                0x00000ed0                __vector_31
                0x00000ed0                __vector_3
                0x00000ed0                __vector_23
                0x00000ed0                __vector_30
                0x00000ed0                __vector_25
                0x00000ed0                __vector_11
                0x00000ed0                __vector_17
                0x00000ed0                __vector_19
                0x00000ed0                __vector_7
                0x00000ed0                __vector_27
                0x00000ed0                __vector_5
                0x00000ed0                __vector_33
                0x00000ed0                __vector_4
                0x00000ed0                __vector_9
                0x00000ed0                __vector_2
                0x00000ed0                __vector_21
                0x00000ed0                __vector_15
                0x00000ed0                __vector_29
                0x00000ed0                __vector_8
                0x00000ed0                __vector_26
                0x00000ed0                __vector_14
                0x00000ed0                __vector_10
                0x00000ed0                __vector_16
                0x00000ed0                __vector_18
                0x00000ed0                __vector_20
 .text          0x00000ed4      0x282 adc.o
                0x00000ed4                adcInit
                0x00000f42                adcRead
                0x00001054                measureBattVoltage
                0x00001068                measureSolarChargeCurrent
                0x000010f2                measureConsumerCurrent
 .text          0x00001156      0xaaa lcdFiles/dogm-graphic.o
                0x0000117a                lcd_inc_page
                0x000011ac                lcd_inc_column
                0x00001236                lcd_moveto_xy
                0x00001278                lcd_move_xy
                0x000012b4                lcd_data
                0x0000131c                lcd_command
                0x0000137e                lcd_draw_image_P
                0x00001442                lcd_draw_image_xy_P
                0x0000164a                lcd_clear_area
                0x0000170c                lcd_clear_all
                0x00001762                lcd_clear_area_xy
                0x000017a0                lcd_init
                0x00001bb0                init_spi_lcd
 .text          0x00001c00      0xb4c lcdFiles/font.o
                0x00001c24                lcd_set_font
                0x00001c54                font_data
                0x00001cba                font_widthtable
                0x00001d20                font_get_height_bytes
                0x00001d7a                font_get_add_space
                0x00001db8                font_get_char_number
                0x00001e4c                font_get_char_width
                0x00001eca                font_get_char_position
                0x00002076                lcd_put_char
                0x000022d4                lcd_put_string_P
                0x00002354                lcd_put_string
                0x000023cc                lcd_put_string_length
                0x00002446                lcd_put_string_xy_P
                0x00002496                lcd_put_char_xy
                0x000024da                lcd_putc
                0x00002502                lcd_putc_xy
                0x0000253c                lcd_putstr
                0x0000256c                lcd_putstr_P
                0x0000259c                lcd_putstr_xy_P
                0x000025de                lcd_put_long
                0x00002642                lcd_put_int
                0x0000269a                lcd_put_uint
                0x000026f2                lcd_put_short
 .text          0x0000274c        0x0 lcdFiles/Fonts/digits_24px.o
 .text          0x0000274c        0x0 lcdFiles/Fonts/font_fixed_8px.o
 .text          0x0000274c        0x0 lcdFiles/Fonts/font_proportional_16px.o
 .text          0x0000274c        0x0 lcdFiles/Fonts/font_proportional_8px.o
 .text          0x0000274c        0x0 lcdFiles/Fonts/symbols_16px.o
 .text          0x0000274c        0x0 lcdFiles/Fonts/symbols_8px.o
 .text          0x0000274c        0x0 lcdFiles/Fonts/template_simplefont.o
 .text          0x0000274c       0xcc main.o
                0x0000274c                main
                0x0000280a                vApplicationIdleHook
 .text          0x00002818      0x6b0 osFiles/croutine.o
                0x00002818                xCoRoutineCreate
                0x0000294e                vCoRoutineAddToDelayedList
                0x00002cd6                vCoRoutineSchedule
                0x00002e52                xCoRoutineRemoveFromEventList
 .text          0x00002ec8       0xfc osFiles/heap_1.o
                0x00002ec8                pvPortMalloc
                0x00002f74                vPortFree
                0x00002f8c                vPortInitialiseBlocks
                0x00002fa2                xPortGetFreeHeapSize
 .text          0x00002fc4      0x300 osFiles/list.o
                0x00002fc4                vListInitialise
                0x0000302e                vListInitialiseItem
                0x00003050                vListInsertEnd
                0x00003100                vListInsert
                0x00003216                uxListRemove
 .text          0x000032c4      0x59c osFiles/port.o
                0x000032c4                pxPortInitialiseStack
                0x00003616                xPortStartScheduler
                0x00003680                vPortEndScheduler
                0x0000368e                vPortYield
                0x00003740                vPortYieldFromTick
                0x0000385a                __vector_13
 .text          0x00003860      0xad2 osFiles/queue.o
                0x00003860                xQueueGenericReset
                0x00003984                xQueueGenericCreate
                0x00003a46                xQueueGenericSend
                0x00003bb4                xQueueGenericSendFromISR
                0x00003c6e                xQueueGenericReceive
                0x00003e2a                xQueueReceiveFromISR
                0x00003eec                uxQueueMessagesWaiting
                0x00003f1e                uxQueueMessagesWaitingFromISR
                0x00003f46                vQueueDelete
                0x00004282                xQueueIsQueueEmptyFromISR
                0x000042f8                xQueueIsQueueFullFromISR
 .text          0x00004332      0xe5a osFiles/tasks.o
                0x00004332                xTaskGenericCreate
                0x0000451c                vTaskDelete
                0x000045d2                vTaskDelayUntil
                0x000046de                vTaskDelay
                0x00004748                vTaskStartScheduler
                0x000047b6                vTaskEndScheduler
                0x000047ce                vTaskSuspendAll
                0x000047e6                xTaskResumeAll
                0x000048ec                xTaskGetTickCount
                0x0000491a                xTaskGetTickCountFromISR
                0x00004944                uxTaskGetNumberOfTasks
                0x00004956                vTaskIncrementTick
                0x00004b20                vTaskSwitchContext
                0x00004bf8                vTaskPlaceOnEventList
                0x00004c62                xTaskRemoveFromEventList
                0x00004d38                vTaskSetTimeOutState
                0x00004d78                xTaskCheckForTimeOut
                0x00004e50                vTaskMissedYield
 .text          0x0000518c        0x0 osFiles/timers.o
 .text          0x0000518c      0x24c taskFiles/comtest.o
                0x0000518c                vAltStartComTestTasks
                0x000053b0                xAreComTestTasksStillRunning
 .text          0x000053d8      0x1c0 taskFiles/integer.o
                0x000053d8                vStartIntegerMathTasks
                0x00005542                xAreIntegerMathsTaskStillRunning
 .text          0x00005598      0x112 taskFiles/ParTest.o
                0x00005598                vParTestInitialise
                0x000055c2                vParTestSetLED
                0x0000563a                vParTestToggleLED
 .text          0x000056aa      0x1e0 taskFiles/PollQ.o
                0x000056aa                vStartPolledQueueTasks
                0x00005856                xArePollingQueuesStillRunning
 .text          0x0000588a       0x96 taskFiles/print.o
                0x0000588a                vPrintInitialise
                0x000058b2                vPrintDisplayMessage
                0x000058ca                pcPrintGetNextMessage
 .text          0x00005920      0x33a taskFiles/regtest.o
                0x00005920                vStartRegTestTasks
                0x00005992                xAreRegTestTasksStillRunning
 .text          0x00005c5a      0x36c taskFiles/serial.o
                0x00005c5a                xSerialPortInitMinimal
                0x00005d52                xSerialGetChar
                0x00005db0                xSerialPutChar
                0x00005e28                vSerialClose
                0x00005e84                SIG_UART_RECV
                0x00005f1a                SIG_UART_DATA
 .text          0x00005fc6      0x176 taskFiles/systemControlTask.o
                0x00005fc6                startSystemControlTask
                0x00006118                xIsSystemControlTaskStillRunning
 .text          0x0000613c      0x170 taskFiles/systemStatusTask.o
                0x0000613c                startSystemStatusTask
 .text          0x000062ac      0x78e taskFiles/userInterfaceTask.o
                0x000062ac                startUserInterfaceTask
                0x00006a16                xIsUserInterfaceTaskStillRunning
 .text          0x00006a3a        0x0 c:/program files (x86)/atmel/atmel studio 6.0/extensions/atmel/avrgcc/3.4.0.65/avrtoolchain/bin/../lib/gcc/avr/4.6.2/../../../../avr/lib/avr51\libm.a(cmpsf2.o)
 .text          0x00006a3a        0x0 c:/program files (x86)/atmel/atmel studio 6.0/extensions/atmel/avrgcc/3.4.0.65/avrtoolchain/bin/../lib/gcc/avr/4.6.2/../../../../avr/lib/avr51\libm.a(fixunssfsi.o)
 .text          0x00006a3a        0x0 c:/program files (x86)/atmel/atmel studio 6.0/extensions/atmel/avrgcc/3.4.0.65/avrtoolchain/bin/../lib/gcc/avr/4.6.2/../../../../avr/lib/avr51\libm.a(fp_cmp.o)
 .text          0x00006a3a        0x0 c:/program files (x86)/atmel/atmel studio 6.0/extensions/atmel/avrgcc/3.4.0.65/avrtoolchain/bin/../lib/gcc/avr/4.6.2/../../../../avr/lib/avr51\libm.a(fp_split3.o)
 .text          0x00006a3a        0x0 c:/program files (x86)/atmel/atmel studio 6.0/extensions/atmel/avrgcc/3.4.0.65/avrtoolchain/bin/../lib/gcc/avr/4.6.2/../../../../avr/lib/avr51\libm.a(fp_zero.o)
 .text          0x00006a3a        0x0 c:/program files (x86)/atmel/atmel studio 6.0/extensions/atmel/avrgcc/3.4.0.65/avrtoolchain/bin/../lib/gcc/avr/4.6.2/../../../../avr/lib/avr51\libm.a(gesf2.o)
 .text          0x00006a3a        0x0 c:/program files (x86)/atmel/atmel studio 6.0/extensions/atmel/avrgcc/3.4.0.65/avrtoolchain/bin/../lib/gcc/avr/4.6.2/../../../../avr/lib/avr51\libm.a(mulsf3.o)
 .text          0x00006a3a        0x0 c:/program files (x86)/atmel/atmel studio 6.0/extensions/atmel/avrgcc/3.4.0.65/avrtoolchain/bin/../lib/gcc/avr/4.6.2/../../../../avr/lib/avr51\libm.a(mulsf3x.o)
 .text          0x00006a3a        0x0 c:/program files (x86)/atmel/atmel studio 6.0/extensions/atmel/avrgcc/3.4.0.65/avrtoolchain/bin/../lib/gcc/avr/4.6.2/../../../../avr/lib/avr51\libm.a(fp_inf.o)
 .text          0x00006a3a        0x0 c:/program files (x86)/atmel/atmel studio 6.0/extensions/atmel/avrgcc/3.4.0.65/avrtoolchain/bin/../lib/gcc/avr/4.6.2/../../../../avr/lib/avr51\libm.a(fp_nan.o)
 .text          0x00006a3a        0x0 c:/program files (x86)/atmel/atmel studio 6.0/extensions/atmel/avrgcc/3.4.0.65/avrtoolchain/bin/../lib/gcc/avr/4.6.2/../../../../avr/lib/avr51\libm.a(fp_pscA.o)
 .text          0x00006a3a        0x0 c:/program files (x86)/atmel/atmel studio 6.0/extensions/atmel/avrgcc/3.4.0.65/avrtoolchain/bin/../lib/gcc/avr/4.6.2/../../../../avr/lib/avr51\libm.a(fp_pscB.o)
 .text          0x00006a3a        0x0 c:/program files (x86)/atmel/atmel studio 6.0/extensions/atmel/avrgcc/3.4.0.65/avrtoolchain/bin/../lib/gcc/avr/4.6.2/../../../../avr/lib/avr51\libm.a(fp_round.o)
 .text          0x00006a3a        0x0 c:/program files (x86)/atmel/atmel studio 6.0/extensions/atmel/avrgcc/3.4.0.65/avrtoolchain/bin/../lib/gcc/avr/4.6.2/avr51\libgcc.a(_mulsi3.o)
 .text          0x00006a3a        0x0 c:/program files (x86)/atmel/atmel studio 6.0/extensions/atmel/avrgcc/3.4.0.65/avrtoolchain/bin/../lib/gcc/avr/4.6.2/avr51\libgcc.a(_udivmodqi4.o)
 .text          0x00006a3a        0x0 c:/program files (x86)/atmel/atmel studio 6.0/extensions/atmel/avrgcc/3.4.0.65/avrtoolchain/bin/../lib/gcc/avr/4.6.2/avr51\libgcc.a(_udivmodhi4.o)
 .text          0x00006a3a        0x0 c:/program files (x86)/atmel/atmel studio 6.0/extensions/atmel/avrgcc/3.4.0.65/avrtoolchain/bin/../lib/gcc/avr/4.6.2/avr51\libgcc.a(_udivmodsi4.o)
 .text          0x00006a3a        0x0 c:/program files (x86)/atmel/atmel studio 6.0/extensions/atmel/avrgcc/3.4.0.65/avrtoolchain/bin/../lib/gcc/avr/4.6.2/avr51\libgcc.a(_divmodsi4.o)
 .text          0x00006a3a        0x0 c:/program files (x86)/atmel/atmel studio 6.0/extensions/atmel/avrgcc/3.4.0.65/avrtoolchain/bin/../lib/gcc/avr/4.6.2/avr51\libgcc.a(_exit.o)
 .text          0x00006a3a        0x0 c:/program files (x86)/atmel/atmel studio 6.0/extensions/atmel/avrgcc/3.4.0.65/avrtoolchain/bin/../lib/gcc/avr/4.6.2/avr51\libgcc.a(_copy_data.o)
 .text          0x00006a3a        0x0 c:/program files (x86)/atmel/atmel studio 6.0/extensions/atmel/avrgcc/3.4.0.65/avrtoolchain/bin/../lib/gcc/avr/4.6.2/avr51\libgcc.a(_clear_bss.o)
 .text          0x00006a3a        0x0 c:/program files (x86)/atmel/atmel studio 6.0/extensions/atmel/avrgcc/3.4.0.65/avrtoolchain/bin/../lib/gcc/avr/4.6.2/../../../../avr/lib/avr51\libc.a(memcpy.o)
 .text          0x00006a3a        0x0 c:/program files (x86)/atmel/atmel studio 6.0/extensions/atmel/avrgcc/3.4.0.65/avrtoolchain/bin/../lib/gcc/avr/4.6.2/../../../../avr/lib/avr51\libc.a(memset.o)
 .text          0x00006a3a        0x0 c:/program files (x86)/atmel/atmel studio 6.0/extensions/atmel/avrgcc/3.4.0.65/avrtoolchain/bin/../lib/gcc/avr/4.6.2/../../../../avr/lib/avr51\libc.a(strncpy.o)
 .text          0x00006a3a        0x0 c:/program files (x86)/atmel/atmel studio 6.0/extensions/atmel/avrgcc/3.4.0.65/avrtoolchain/bin/../lib/gcc/avr/4.6.2/../../../../avr/lib/avr51\libc.a(itoa.o)
 .text          0x00006a3a        0x0 c:/program files (x86)/atmel/atmel studio 6.0/extensions/atmel/avrgcc/3.4.0.65/avrtoolchain/bin/../lib/gcc/avr/4.6.2/../../../../avr/lib/avr51\libc.a(ltoa.o)
 .text          0x00006a3a        0x0 c:/program files (x86)/atmel/atmel studio 6.0/extensions/atmel/avrgcc/3.4.0.65/avrtoolchain/bin/../lib/gcc/avr/4.6.2/../../../../avr/lib/avr51\libc.a(utoa.o)
 .text          0x00006a3a        0x0 c:/program files (x86)/atmel/atmel studio 6.0/extensions/atmel/avrgcc/3.4.0.65/avrtoolchain/bin/../lib/gcc/avr/4.6.2/../../../../avr/lib/avr51\libc.a(eerd_block_atmega1284p.o)
 .text          0x00006a3a        0x0 c:/program files (x86)/atmel/atmel studio 6.0/extensions/atmel/avrgcc/3.4.0.65/avrtoolchain/bin/../lib/gcc/avr/4.6.2/../../../../avr/lib/avr51\libc.a(eewr_byte_atmega1284p.o)
 .text          0x00006a3a        0x0 c:/program files (x86)/atmel/atmel studio 6.0/extensions/atmel/avrgcc/3.4.0.65/avrtoolchain/bin/../lib/gcc/avr/4.6.2/../../../../avr/lib/avr51\libc.a(strrev.o)
                0x00006a3a                . = ALIGN (0x2)
 *(.text.*)
 .text.avr-libc.fplib
                0x00006a3a        0x8 c:/program files (x86)/atmel/atmel studio 6.0/extensions/atmel/avrgcc/3.4.0.65/avrtoolchain/bin/../lib/gcc/avr/4.6.2/../../../../avr/lib/avr51\libm.a(cmpsf2.o)
                0x00006a3a                __nesf2
                0x00006a3a                __eqsf2
                0x00006a3a                __cmpsf2
                0x00006a3a                __ltsf2
                0x00006a3a                __lesf2
 .text.avr-libc.fplib
                0x00006a42       0x58 c:/program files (x86)/atmel/atmel studio 6.0/extensions/atmel/avrgcc/3.4.0.65/avrtoolchain/bin/../lib/gcc/avr/4.6.2/../../../../avr/lib/avr51\libm.a(fixunssfsi.o)
                0x00006a42                __fixunssfsi
 .text.avr-libc.fplib
                0x00006a9a       0x48 c:/program files (x86)/atmel/atmel studio 6.0/extensions/atmel/avrgcc/3.4.0.65/avrtoolchain/bin/../lib/gcc/avr/4.6.2/../../../../avr/lib/avr51\libm.a(fp_cmp.o)
                0x00006a9a                __fp_cmp
 .text.avr-libc.fplib
                0x00006ae2       0x44 c:/program files (x86)/atmel/atmel studio 6.0/extensions/atmel/avrgcc/3.4.0.65/avrtoolchain/bin/../lib/gcc/avr/4.6.2/../../../../avr/lib/avr51\libm.a(fp_split3.o)
                0x00006ae2                __fp_split3
                0x00006af2                __fp_splitA
 .text.avr-libc.fplib
                0x00006b26        0xe c:/program files (x86)/atmel/atmel studio 6.0/extensions/atmel/avrgcc/3.4.0.65/avrtoolchain/bin/../lib/gcc/avr/4.6.2/../../../../avr/lib/avr51\libm.a(fp_zero.o)
                0x00006b26                __fp_zero
                0x00006b28                __fp_szero
 .text.avr-libc.fplib
                0x00006b34        0x8 c:/program files (x86)/atmel/atmel studio 6.0/extensions/atmel/avrgcc/3.4.0.65/avrtoolchain/bin/../lib/gcc/avr/4.6.2/../../../../avr/lib/avr51\libm.a(gesf2.o)
                0x00006b34                __gesf2
                0x00006b34                __gtsf2
 .text.avr-libc.fplib
                0x00006b3c        0x4 c:/program files (x86)/atmel/atmel studio 6.0/extensions/atmel/avrgcc/3.4.0.65/avrtoolchain/bin/../lib/gcc/avr/4.6.2/../../../../avr/lib/avr51\libm.a(mulsf3.o)
                0x00006b3c                __mulsf3
 .text.avr-libc.fplib
                0x00006b40       0xc2 c:/program files (x86)/atmel/atmel studio 6.0/extensions/atmel/avrgcc/3.4.0.65/avrtoolchain/bin/../lib/gcc/avr/4.6.2/../../../../avr/lib/avr51\libm.a(mulsf3x.o)
                0x00006b54                __mulsf3x
                0x00006b58                __mulsf3_pse
 .text.avr-libc.fplib
                0x00006c02        0xc c:/program files (x86)/atmel/atmel studio 6.0/extensions/atmel/avrgcc/3.4.0.65/avrtoolchain/bin/../lib/gcc/avr/4.6.2/../../../../avr/lib/avr51\libm.a(fp_inf.o)
                0x00006c02                __fp_inf
 .text.avr-libc.fplib
                0x00006c0e        0x6 c:/program files (x86)/atmel/atmel studio 6.0/extensions/atmel/avrgcc/3.4.0.65/avrtoolchain/bin/../lib/gcc/avr/4.6.2/../../../../avr/lib/avr51\libm.a(fp_nan.o)
                0x00006c0e                __fp_nan
 .text.avr-libc.fplib
                0x00006c14        0xe c:/program files (x86)/atmel/atmel studio 6.0/extensions/atmel/avrgcc/3.4.0.65/avrtoolchain/bin/../lib/gcc/avr/4.6.2/../../../../avr/lib/avr51\libm.a(fp_pscA.o)
                0x00006c14                __fp_pscA
 .text.avr-libc.fplib
                0x00006c22        0xe c:/program files (x86)/atmel/atmel studio 6.0/extensions/atmel/avrgcc/3.4.0.65/avrtoolchain/bin/../lib/gcc/avr/4.6.2/../../../../avr/lib/avr51\libm.a(fp_pscB.o)
                0x00006c22                __fp_pscB
 .text.avr-libc.fplib
                0x00006c30       0x22 c:/program files (x86)/atmel/atmel studio 6.0/extensions/atmel/avrgcc/3.4.0.65/avrtoolchain/bin/../lib/gcc/avr/4.6.2/../../../../avr/lib/avr51\libm.a(fp_round.o)
                0x00006c30                __fp_round
 .text.libgcc   0x00006c52       0x3e c:/program files (x86)/atmel/atmel studio 6.0/extensions/atmel/avrgcc/3.4.0.65/avrtoolchain/bin/../lib/gcc/avr/4.6.2/avr51\libgcc.a(_mulsi3.o)
                0x00006c52                __mulsi3
 .text.libgcc   0x00006c90       0x18 c:/program files (x86)/atmel/atmel studio 6.0/extensions/atmel/avrgcc/3.4.0.65/avrtoolchain/bin/../lib/gcc/avr/4.6.2/avr51\libgcc.a(_udivmodqi4.o)
                0x00006c90                __udivmodqi4
 .text.libgcc   0x00006ca8       0x28 c:/program files (x86)/atmel/atmel studio 6.0/extensions/atmel/avrgcc/3.4.0.65/avrtoolchain/bin/../lib/gcc/avr/4.6.2/avr51\libgcc.a(_udivmodhi4.o)
                0x00006ca8                __udivmodhi4
 .text.libgcc   0x00006cd0       0x44 c:/program files (x86)/atmel/atmel studio 6.0/extensions/atmel/avrgcc/3.4.0.65/avrtoolchain/bin/../lib/gcc/avr/4.6.2/avr51\libgcc.a(_udivmodsi4.o)
                0x00006cd0                __udivmodsi4
 .text.libgcc   0x00006d14       0x36 c:/program files (x86)/atmel/atmel studio 6.0/extensions/atmel/avrgcc/3.4.0.65/avrtoolchain/bin/../lib/gcc/avr/4.6.2/avr51\libgcc.a(_divmodsi4.o)
                0x00006d14                __divmodsi4
 .text.libgcc   0x00006d4a        0x0 c:/program files (x86)/atmel/atmel studio 6.0/extensions/atmel/avrgcc/3.4.0.65/avrtoolchain/bin/../lib/gcc/avr/4.6.2/avr51\libgcc.a(_exit.o)
 .text.libgcc   0x00006d4a        0x0 c:/program files (x86)/atmel/atmel studio 6.0/extensions/atmel/avrgcc/3.4.0.65/avrtoolchain/bin/../lib/gcc/avr/4.6.2/avr51\libgcc.a(_copy_data.o)
 .text.libgcc   0x00006d4a        0x0 c:/program files (x86)/atmel/atmel studio 6.0/extensions/atmel/avrgcc/3.4.0.65/avrtoolchain/bin/../lib/gcc/avr/4.6.2/avr51\libgcc.a(_clear_bss.o)
 .text.avr-libc
                0x00006d4a       0x12 c:/program files (x86)/atmel/atmel studio 6.0/extensions/atmel/avrgcc/3.4.0.65/avrtoolchain/bin/../lib/gcc/avr/4.6.2/../../../../avr/lib/avr51\libc.a(memcpy.o)
                0x00006d4a                memcpy
 .text.avr-libc
                0x00006d5c        0xe c:/program files (x86)/atmel/atmel studio 6.0/extensions/atmel/avrgcc/3.4.0.65/avrtoolchain/bin/../lib/gcc/avr/4.6.2/../../../../avr/lib/avr51\libc.a(memset.o)
                0x00006d5c                memset
 .text.avr-libc
                0x00006d6a       0x1e c:/program files (x86)/atmel/atmel studio 6.0/extensions/atmel/avrgcc/3.4.0.65/avrtoolchain/bin/../lib/gcc/avr/4.6.2/../../../../avr/lib/avr51\libc.a(strncpy.o)
                0x00006d6a                strncpy
 .text.avr-libc
                0x00006d88       0x42 c:/program files (x86)/atmel/atmel studio 6.0/extensions/atmel/avrgcc/3.4.0.65/avrtoolchain/bin/../lib/gcc/avr/4.6.2/../../../../avr/lib/avr51\libc.a(itoa.o)
                0x00006d88                itoa
 .text.avr-libc
                0x00006dca       0x68 c:/program files (x86)/atmel/atmel studio 6.0/extensions/atmel/avrgcc/3.4.0.65/avrtoolchain/bin/../lib/gcc/avr/4.6.2/../../../../avr/lib/avr51\libc.a(ltoa.o)
                0x00006dca                ltoa
 .text.avr-libc
                0x00006e32       0x2c c:/program files (x86)/atmel/atmel studio 6.0/extensions/atmel/avrgcc/3.4.0.65/avrtoolchain/bin/../lib/gcc/avr/4.6.2/../../../../avr/lib/avr51\libc.a(utoa.o)
                0x00006e32                utoa
 .text.avr-libc
                0x00006e5e       0x20 c:/program files (x86)/atmel/atmel studio 6.0/extensions/atmel/avrgcc/3.4.0.65/avrtoolchain/bin/../lib/gcc/avr/4.6.2/../../../../avr/lib/avr51\libc.a(eerd_block_atmega1284p.o)
                0x00006e5e                __eerd_block_m1284p
                0x00006e62                __eerd_blraw_m1284p
 .text.avr-libc
                0x00006e7e       0x1c c:/program files (x86)/atmel/atmel studio 6.0/extensions/atmel/avrgcc/3.4.0.65/avrtoolchain/bin/../lib/gcc/avr/4.6.2/../../../../avr/lib/avr51\libc.a(eewr_byte_atmega1284p.o)
                0x00006e7e                __eewr_byte_m1284p
                0x00006e80                __eewr_r18_m1284p
 .text.avr-libc
                0x00006e9a       0x20 c:/program files (x86)/atmel/atmel studio 6.0/extensions/atmel/avrgcc/3.4.0.65/avrtoolchain/bin/../lib/gcc/avr/4.6.2/../../../../avr/lib/avr51\libc.a(strrev.o)
                0x00006e9a                strrev
                0x00006eba                . = ALIGN (0x2)
 *(.fini9)
 .fini9         0x00006eba        0x0 c:/program files (x86)/atmel/atmel studio 6.0/extensions/atmel/avrgcc/3.4.0.65/avrtoolchain/bin/../lib/gcc/avr/4.6.2/avr51\libgcc.a(_exit.o)
                0x00006eba                _exit
                0x00006eba                exit
 *(.fini9)
 *(.fini8)
 *(.fini8)
 *(.fini7)
 *(.fini7)
 *(.fini6)
 *(.fini6)
 *(.fini5)
 *(.fini5)
 *(.fini4)
 *(.fini4)
 *(.fini3)
 *(.fini3)
 *(.fini2)
 *(.fini2)
 *(.fini1)
 *(.fini1)
 *(.fini0)
 .fini0         0x00006eba        0x4 c:/program files (x86)/atmel/atmel studio 6.0/extensions/atmel/avrgcc/3.4.0.65/avrtoolchain/bin/../lib/gcc/avr/4.6.2/avr51\libgcc.a(_exit.o)
 *(.fini0)
                0x00006ebe                _etext = .

.data           0x00800100       0x58 load address 0x00006ebe
                0x00800100                PROVIDE (__data_start, .)
 *(.data)
 .data          0x00800100        0x0 c:/program files (x86)/atmel/atmel studio 6.0/extensions/atmel/avrgcc/3.4.0.65/avrtoolchain/bin/../lib/gcc/avr/4.6.2/../../../../avr/lib/avr51/crtm1284p.o
 .data          0x00800100        0x0 adc.o
 .data          0x00800100        0x0 lcdFiles/dogm-graphic.o
 .data          0x00800100        0x0 lcdFiles/font.o
 .data          0x00800100        0x0 lcdFiles/Fonts/digits_24px.o
 .data          0x00800100        0x0 lcdFiles/Fonts/font_fixed_8px.o
 .data          0x00800100        0x0 lcdFiles/Fonts/font_proportional_16px.o
 .data          0x00800100        0x0 lcdFiles/Fonts/font_proportional_8px.o
 .data          0x00800100        0x0 lcdFiles/Fonts/symbols_16px.o
 .data          0x00800100        0x0 lcdFiles/Fonts/symbols_8px.o
 .data          0x00800100        0x0 lcdFiles/Fonts/template_simplefont.o
 .data          0x00800100        0x0 main.o
 .data          0x00800100        0x0 osFiles/croutine.o
 .data          0x00800100        0x0 osFiles/heap_1.o
 .data          0x00800100        0x0 osFiles/list.o
 .data          0x00800100        0x0 osFiles/port.o
 .data          0x00800100        0x0 osFiles/queue.o
 .data          0x00800100        0x7 osFiles/tasks.o
 .data          0x00800107        0x0 osFiles/timers.o
 .data          0x00800107        0xc taskFiles/comtest.o
 .data          0x00800113        0x8 taskFiles/integer.o
 .data          0x0080011b        0x1 taskFiles/ParTest.o
 .data          0x0080011c       0x10 taskFiles/PollQ.o
 .data          0x0080012c        0x0 taskFiles/print.o
 .data          0x0080012c        0xa taskFiles/regtest.o
 .data          0x00800136        0x0 taskFiles/serial.o
 .data          0x00800136        0xe taskFiles/systemControlTask.o
 .data          0x00800144        0xc taskFiles/systemStatusTask.o
 .data          0x00800150        0x8 taskFiles/userInterfaceTask.o
 .data          0x00800158        0x0 c:/program files (x86)/atmel/atmel studio 6.0/extensions/atmel/avrgcc/3.4.0.65/avrtoolchain/bin/../lib/gcc/avr/4.6.2/../../../../avr/lib/avr51\libm.a(cmpsf2.o)
 .data          0x00800158        0x0 c:/program files (x86)/atmel/atmel studio 6.0/extensions/atmel/avrgcc/3.4.0.65/avrtoolchain/bin/../lib/gcc/avr/4.6.2/../../../../avr/lib/avr51\libm.a(fixunssfsi.o)
 .data          0x00800158        0x0 c:/program files (x86)/atmel/atmel studio 6.0/extensions/atmel/avrgcc/3.4.0.65/avrtoolchain/bin/../lib/gcc/avr/4.6.2/../../../../avr/lib/avr51\libm.a(fp_cmp.o)
 .data          0x00800158        0x0 c:/program files (x86)/atmel/atmel studio 6.0/extensions/atmel/avrgcc/3.4.0.65/avrtoolchain/bin/../lib/gcc/avr/4.6.2/../../../../avr/lib/avr51\libm.a(fp_split3.o)
 .data          0x00800158        0x0 c:/program files (x86)/atmel/atmel studio 6.0/extensions/atmel/avrgcc/3.4.0.65/avrtoolchain/bin/../lib/gcc/avr/4.6.2/../../../../avr/lib/avr51\libm.a(fp_zero.o)
 .data          0x00800158        0x0 c:/program files (x86)/atmel/atmel studio 6.0/extensions/atmel/avrgcc/3.4.0.65/avrtoolchain/bin/../lib/gcc/avr/4.6.2/../../../../avr/lib/avr51\libm.a(gesf2.o)
 .data          0x00800158        0x0 c:/program files (x86)/atmel/atmel studio 6.0/extensions/atmel/avrgcc/3.4.0.65/avrtoolchain/bin/../lib/gcc/avr/4.6.2/../../../../avr/lib/avr51\libm.a(mulsf3.o)
 .data          0x00800158        0x0 c:/program files (x86)/atmel/atmel studio 6.0/extensions/atmel/avrgcc/3.4.0.65/avrtoolchain/bin/../lib/gcc/avr/4.6.2/../../../../avr/lib/avr51\libm.a(mulsf3x.o)
 .data          0x00800158        0x0 c:/program files (x86)/atmel/atmel studio 6.0/extensions/atmel/avrgcc/3.4.0.65/avrtoolchain/bin/../lib/gcc/avr/4.6.2/../../../../avr/lib/avr51\libm.a(fp_inf.o)
 .data          0x00800158        0x0 c:/program files (x86)/atmel/atmel studio 6.0/extensions/atmel/avrgcc/3.4.0.65/avrtoolchain/bin/../lib/gcc/avr/4.6.2/../../../../avr/lib/avr51\libm.a(fp_nan.o)
 .data          0x00800158        0x0 c:/program files (x86)/atmel/atmel studio 6.0/extensions/atmel/avrgcc/3.4.0.65/avrtoolchain/bin/../lib/gcc/avr/4.6.2/../../../../avr/lib/avr51\libm.a(fp_pscA.o)
 .data          0x00800158        0x0 c:/program files (x86)/atmel/atmel studio 6.0/extensions/atmel/avrgcc/3.4.0.65/avrtoolchain/bin/../lib/gcc/avr/4.6.2/../../../../avr/lib/avr51\libm.a(fp_pscB.o)
 .data          0x00800158        0x0 c:/program files (x86)/atmel/atmel studio 6.0/extensions/atmel/avrgcc/3.4.0.65/avrtoolchain/bin/../lib/gcc/avr/4.6.2/../../../../avr/lib/avr51\libm.a(fp_round.o)
 .data          0x00800158        0x0 c:/program files (x86)/atmel/atmel studio 6.0/extensions/atmel/avrgcc/3.4.0.65/avrtoolchain/bin/../lib/gcc/avr/4.6.2/avr51\libgcc.a(_mulsi3.o)
 .data          0x00800158        0x0 c:/program files (x86)/atmel/atmel studio 6.0/extensions/atmel/avrgcc/3.4.0.65/avrtoolchain/bin/../lib/gcc/avr/4.6.2/avr51\libgcc.a(_udivmodqi4.o)
 .data          0x00800158        0x0 c:/program files (x86)/atmel/atmel studio 6.0/extensions/atmel/avrgcc/3.4.0.65/avrtoolchain/bin/../lib/gcc/avr/4.6.2/avr51\libgcc.a(_udivmodhi4.o)
 .data          0x00800158        0x0 c:/program files (x86)/atmel/atmel studio 6.0/extensions/atmel/avrgcc/3.4.0.65/avrtoolchain/bin/../lib/gcc/avr/4.6.2/avr51\libgcc.a(_udivmodsi4.o)
 .data          0x00800158        0x0 c:/program files (x86)/atmel/atmel studio 6.0/extensions/atmel/avrgcc/3.4.0.65/avrtoolchain/bin/../lib/gcc/avr/4.6.2/avr51\libgcc.a(_divmodsi4.o)
 .data          0x00800158        0x0 c:/program files (x86)/atmel/atmel studio 6.0/extensions/atmel/avrgcc/3.4.0.65/avrtoolchain/bin/../lib/gcc/avr/4.6.2/avr51\libgcc.a(_exit.o)
 .data          0x00800158        0x0 c:/program files (x86)/atmel/atmel studio 6.0/extensions/atmel/avrgcc/3.4.0.65/avrtoolchain/bin/../lib/gcc/avr/4.6.2/avr51\libgcc.a(_copy_data.o)
 .data          0x00800158        0x0 c:/program files (x86)/atmel/atmel studio 6.0/extensions/atmel/avrgcc/3.4.0.65/avrtoolchain/bin/../lib/gcc/avr/4.6.2/avr51\libgcc.a(_clear_bss.o)
 .data          0x00800158        0x0 c:/program files (x86)/atmel/atmel studio 6.0/extensions/atmel/avrgcc/3.4.0.65/avrtoolchain/bin/../lib/gcc/avr/4.6.2/../../../../avr/lib/avr51\libc.a(memcpy.o)
 .data          0x00800158        0x0 c:/program files (x86)/atmel/atmel studio 6.0/extensions/atmel/avrgcc/3.4.0.65/avrtoolchain/bin/../lib/gcc/avr/4.6.2/../../../../avr/lib/avr51\libc.a(memset.o)
 .data          0x00800158        0x0 c:/program files (x86)/atmel/atmel studio 6.0/extensions/atmel/avrgcc/3.4.0.65/avrtoolchain/bin/../lib/gcc/avr/4.6.2/../../../../avr/lib/avr51\libc.a(strncpy.o)
 .data          0x00800158        0x0 c:/program files (x86)/atmel/atmel studio 6.0/extensions/atmel/avrgcc/3.4.0.65/avrtoolchain/bin/../lib/gcc/avr/4.6.2/../../../../avr/lib/avr51\libc.a(itoa.o)
 .data          0x00800158        0x0 c:/program files (x86)/atmel/atmel studio 6.0/extensions/atmel/avrgcc/3.4.0.65/avrtoolchain/bin/../lib/gcc/avr/4.6.2/../../../../avr/lib/avr51\libc.a(ltoa.o)
 .data          0x00800158        0x0 c:/program files (x86)/atmel/atmel studio 6.0/extensions/atmel/avrgcc/3.4.0.65/avrtoolchain/bin/../lib/gcc/avr/4.6.2/../../../../avr/lib/avr51\libc.a(utoa.o)
 .data          0x00800158        0x0 c:/program files (x86)/atmel/atmel studio 6.0/extensions/atmel/avrgcc/3.4.0.65/avrtoolchain/bin/../lib/gcc/avr/4.6.2/../../../../avr/lib/avr51\libc.a(eerd_block_atmega1284p.o)
 .data          0x00800158        0x0 c:/program files (x86)/atmel/atmel studio 6.0/extensions/atmel/avrgcc/3.4.0.65/avrtoolchain/bin/../lib/gcc/avr/4.6.2/../../../../avr/lib/avr51\libc.a(eewr_byte_atmega1284p.o)
 .data          0x00800158        0x0 c:/program files (x86)/atmel/atmel studio 6.0/extensions/atmel/avrgcc/3.4.0.65/avrtoolchain/bin/../lib/gcc/avr/4.6.2/../../../../avr/lib/avr51\libc.a(strrev.o)
 *(.data*)
 *(.rodata)
 *(.rodata*)
 *(.gnu.linkonce.d*)
                0x00800158                . = ALIGN (0x2)
                0x00800158                _edata = .
                0x00800158                PROVIDE (__data_end, .)

.bss            0x00800158      0xc6c
                0x00800158                PROVIDE (__bss_start, .)
 *(.bss)
 .bss           0x00800158        0x0 c:/program files (x86)/atmel/atmel studio 6.0/extensions/atmel/avrgcc/3.4.0.65/avrtoolchain/bin/../lib/gcc/avr/4.6.2/../../../../avr/lib/avr51/crtm1284p.o
 .bss           0x00800158        0x0 adc.o
 .bss           0x00800158        0x2 lcdFiles/dogm-graphic.o
                0x00800158                lcd_current_page
                0x00800159                lcd_current_column
 .bss           0x0080015a        0x0 lcdFiles/font.o
 .bss           0x0080015a        0x0 lcdFiles/Fonts/digits_24px.o
 .bss           0x0080015a        0x0 lcdFiles/Fonts/font_fixed_8px.o
 .bss           0x0080015a        0x0 lcdFiles/Fonts/font_proportional_16px.o
 .bss           0x0080015a        0x0 lcdFiles/Fonts/font_proportional_8px.o
 .bss           0x0080015a        0x0 lcdFiles/Fonts/symbols_16px.o
 .bss           0x0080015a        0x0 lcdFiles/Fonts/symbols_8px.o
 .bss           0x0080015a        0x0 lcdFiles/Fonts/template_simplefont.o
 .bss           0x0080015a        0x0 main.o
 .bss           0x0080015a       0x40 osFiles/croutine.o
                0x0080015a                pxCurrentCoRoutine
 .bss           0x0080019a      0xbbc osFiles/heap_1.o
 .bss           0x00800d56        0x0 osFiles/list.o
 .bss           0x00800d56        0x0 osFiles/port.o
 .bss           0x00800d56        0x0 osFiles/queue.o
 .bss           0x00800d56       0x5a osFiles/tasks.o
                0x00800d56                pxCurrentTCB
 .bss           0x00800db0        0x0 osFiles/timers.o
 .bss           0x00800db0        0x4 taskFiles/comtest.o
 .bss           0x00800db4        0x1 taskFiles/integer.o
 .bss           0x00800db5        0x0 taskFiles/ParTest.o
 .bss           0x00800db5        0x4 taskFiles/PollQ.o
 .bss           0x00800db9        0x2 taskFiles/print.o
 .bss           0x00800dbb        0x1 taskFiles/regtest.o
                0x00800dbb                xRegTestError
 .bss           0x00800dbc        0x4 taskFiles/serial.o
 .bss           0x00800dc0        0x0 taskFiles/systemControlTask.o
 .bss           0x00800dc0        0x1 taskFiles/systemStatusTask.o
 .bss           0x00800dc1        0x0 taskFiles/userInterfaceTask.o
 .bss           0x00800dc1        0x0 c:/program files (x86)/atmel/atmel studio 6.0/extensions/atmel/avrgcc/3.4.0.65/avrtoolchain/bin/../lib/gcc/avr/4.6.2/../../../../avr/lib/avr51\libm.a(cmpsf2.o)
 .bss           0x00800dc1        0x0 c:/program files (x86)/atmel/atmel studio 6.0/extensions/atmel/avrgcc/3.4.0.65/avrtoolchain/bin/../lib/gcc/avr/4.6.2/../../../../avr/lib/avr51\libm.a(fixunssfsi.o)
 .bss           0x00800dc1        0x0 c:/program files (x86)/atmel/atmel studio 6.0/extensions/atmel/avrgcc/3.4.0.65/avrtoolchain/bin/../lib/gcc/avr/4.6.2/../../../../avr/lib/avr51\libm.a(fp_cmp.o)
 .bss           0x00800dc1        0x0 c:/program files (x86)/atmel/atmel studio 6.0/extensions/atmel/avrgcc/3.4.0.65/avrtoolchain/bin/../lib/gcc/avr/4.6.2/../../../../avr/lib/avr51\libm.a(fp_split3.o)
 .bss           0x00800dc1        0x0 c:/program files (x86)/atmel/atmel studio 6.0/extensions/atmel/avrgcc/3.4.0.65/avrtoolchain/bin/../lib/gcc/avr/4.6.2/../../../../avr/lib/avr51\libm.a(fp_zero.o)
 .bss           0x00800dc1        0x0 c:/program files (x86)/atmel/atmel studio 6.0/extensions/atmel/avrgcc/3.4.0.65/avrtoolchain/bin/../lib/gcc/avr/4.6.2/../../../../avr/lib/avr51\libm.a(gesf2.o)
 .bss           0x00800dc1        0x0 c:/program files (x86)/atmel/atmel studio 6.0/extensions/atmel/avrgcc/3.4.0.65/avrtoolchain/bin/../lib/gcc/avr/4.6.2/../../../../avr/lib/avr51\libm.a(mulsf3.o)
 .bss           0x00800dc1        0x0 c:/program files (x86)/atmel/atmel studio 6.0/extensions/atmel/avrgcc/3.4.0.65/avrtoolchain/bin/../lib/gcc/avr/4.6.2/../../../../avr/lib/avr51\libm.a(mulsf3x.o)
 .bss           0x00800dc1        0x0 c:/program files (x86)/atmel/atmel studio 6.0/extensions/atmel/avrgcc/3.4.0.65/avrtoolchain/bin/../lib/gcc/avr/4.6.2/../../../../avr/lib/avr51\libm.a(fp_inf.o)
 .bss           0x00800dc1        0x0 c:/program files (x86)/atmel/atmel studio 6.0/extensions/atmel/avrgcc/3.4.0.65/avrtoolchain/bin/../lib/gcc/avr/4.6.2/../../../../avr/lib/avr51\libm.a(fp_nan.o)
 .bss           0x00800dc1        0x0 c:/program files (x86)/atmel/atmel studio 6.0/extensions/atmel/avrgcc/3.4.0.65/avrtoolchain/bin/../lib/gcc/avr/4.6.2/../../../../avr/lib/avr51\libm.a(fp_pscA.o)
 .bss           0x00800dc1        0x0 c:/program files (x86)/atmel/atmel studio 6.0/extensions/atmel/avrgcc/3.4.0.65/avrtoolchain/bin/../lib/gcc/avr/4.6.2/../../../../avr/lib/avr51\libm.a(fp_pscB.o)
 .bss           0x00800dc1        0x0 c:/program files (x86)/atmel/atmel studio 6.0/extensions/atmel/avrgcc/3.4.0.65/avrtoolchain/bin/../lib/gcc/avr/4.6.2/../../../../avr/lib/avr51\libm.a(fp_round.o)
 .bss           0x00800dc1        0x0 c:/program files (x86)/atmel/atmel studio 6.0/extensions/atmel/avrgcc/3.4.0.65/avrtoolchain/bin/../lib/gcc/avr/4.6.2/avr51\libgcc.a(_mulsi3.o)
 .bss           0x00800dc1        0x0 c:/program files (x86)/atmel/atmel studio 6.0/extensions/atmel/avrgcc/3.4.0.65/avrtoolchain/bin/../lib/gcc/avr/4.6.2/avr51\libgcc.a(_udivmodqi4.o)
 .bss           0x00800dc1        0x0 c:/program files (x86)/atmel/atmel studio 6.0/extensions/atmel/avrgcc/3.4.0.65/avrtoolchain/bin/../lib/gcc/avr/4.6.2/avr51\libgcc.a(_udivmodhi4.o)
 .bss           0x00800dc1        0x0 c:/program files (x86)/atmel/atmel studio 6.0/extensions/atmel/avrgcc/3.4.0.65/avrtoolchain/bin/../lib/gcc/avr/4.6.2/avr51\libgcc.a(_udivmodsi4.o)
 .bss           0x00800dc1        0x0 c:/program files (x86)/atmel/atmel studio 6.0/extensions/atmel/avrgcc/3.4.0.65/avrtoolchain/bin/../lib/gcc/avr/4.6.2/avr51\libgcc.a(_divmodsi4.o)
 .bss           0x00800dc1        0x0 c:/program files (x86)/atmel/atmel studio 6.0/extensions/atmel/avrgcc/3.4.0.65/avrtoolchain/bin/../lib/gcc/avr/4.6.2/avr51\libgcc.a(_exit.o)
 .bss           0x00800dc1        0x0 c:/program files (x86)/atmel/atmel studio 6.0/extensions/atmel/avrgcc/3.4.0.65/avrtoolchain/bin/../lib/gcc/avr/4.6.2/avr51\libgcc.a(_copy_data.o)
 .bss           0x00800dc1        0x0 c:/program files (x86)/atmel/atmel studio 6.0/extensions/atmel/avrgcc/3.4.0.65/avrtoolchain/bin/../lib/gcc/avr/4.6.2/avr51\libgcc.a(_clear_bss.o)
 .bss           0x00800dc1        0x0 c:/program files (x86)/atmel/atmel studio 6.0/extensions/atmel/avrgcc/3.4.0.65/avrtoolchain/bin/../lib/gcc/avr/4.6.2/../../../../avr/lib/avr51\libc.a(memcpy.o)
 .bss           0x00800dc1        0x0 c:/program files (x86)/atmel/atmel studio 6.0/extensions/atmel/avrgcc/3.4.0.65/avrtoolchain/bin/../lib/gcc/avr/4.6.2/../../../../avr/lib/avr51\libc.a(memset.o)
 .bss           0x00800dc1        0x0 c:/program files (x86)/atmel/atmel studio 6.0/extensions/atmel/avrgcc/3.4.0.65/avrtoolchain/bin/../lib/gcc/avr/4.6.2/../../../../avr/lib/avr51\libc.a(strncpy.o)
 .bss           0x00800dc1        0x0 c:/program files (x86)/atmel/atmel studio 6.0/extensions/atmel/avrgcc/3.4.0.65/avrtoolchain/bin/../lib/gcc/avr/4.6.2/../../../../avr/lib/avr51\libc.a(itoa.o)
 .bss           0x00800dc1        0x0 c:/program files (x86)/atmel/atmel studio 6.0/extensions/atmel/avrgcc/3.4.0.65/avrtoolchain/bin/../lib/gcc/avr/4.6.2/../../../../avr/lib/avr51\libc.a(ltoa.o)
 .bss           0x00800dc1        0x0 c:/program files (x86)/atmel/atmel studio 6.0/extensions/atmel/avrgcc/3.4.0.65/avrtoolchain/bin/../lib/gcc/avr/4.6.2/../../../../avr/lib/avr51\libc.a(utoa.o)
 .bss           0x00800dc1        0x0 c:/program files (x86)/atmel/atmel studio 6.0/extensions/atmel/avrgcc/3.4.0.65/avrtoolchain/bin/../lib/gcc/avr/4.6.2/../../../../avr/lib/avr51\libc.a(eerd_block_atmega1284p.o)
 .bss           0x00800dc1        0x0 c:/program files (x86)/atmel/atmel studio 6.0/extensions/atmel/avrgcc/3.4.0.65/avrtoolchain/bin/../lib/gcc/avr/4.6.2/../../../../avr/lib/avr51\libc.a(eewr_byte_atmega1284p.o)
 .bss           0x00800dc1        0x0 c:/program files (x86)/atmel/atmel studio 6.0/extensions/atmel/avrgcc/3.4.0.65/avrtoolchain/bin/../lib/gcc/avr/4.6.2/../../../../avr/lib/avr51\libc.a(strrev.o)
 *(.bss*)
 *(COMMON)
 COMMON         0x00800dc1        0x3 lcdFiles/font.o
                0x00800dc1                global_font_style
                0x00800dc2                global_font_select
                0x00800dc4                PROVIDE (__bss_end, .)
                0x00006ebe                __data_load_start = LOADADDR (.data)
                0x00006f16                __data_load_end = (__data_load_start + SIZEOF (.data))

.noinit         0x00800dc4        0x0
                0x00800dc4                PROVIDE (__noinit_start, .)
 *(.noinit*)
                0x00800dc4                PROVIDE (__noinit_end, .)
                0x00800dc4                _end = .
                0x00800dc4                PROVIDE (__heap_start, .)

.eeprom         0x00810000        0x0
 *(.eeprom*)
                0x00810000                __eeprom_end = .

.fuse
 *(.fuse)
 *(.lfuse)
 *(.hfuse)
 *(.efuse)

.lock
 *(.lock*)

.signature
 *(.signature*)

.stab           0x00000000     0x2028
 *(.stab)
 .stab          0x00000000      0x6cc c:/program files (x86)/atmel/atmel studio 6.0/extensions/atmel/avrgcc/3.4.0.65/avrtoolchain/bin/../lib/gcc/avr/4.6.2/../../../../avr/lib/avr51/crtm1284p.o
 .stab          0x000006cc       0x90 c:/program files (x86)/atmel/atmel studio 6.0/extensions/atmel/avrgcc/3.4.0.65/avrtoolchain/bin/../lib/gcc/avr/4.6.2/../../../../avr/lib/avr51\libm.a(cmpsf2.o)
                                 0x9c (size before relaxing)
 .stab          0x0000075c      0x240 c:/program files (x86)/atmel/atmel studio 6.0/extensions/atmel/avrgcc/3.4.0.65/avrtoolchain/bin/../lib/gcc/avr/4.6.2/../../../../avr/lib/avr51\libm.a(fixunssfsi.o)
                                0x24c (size before relaxing)
 .stab          0x0000099c      0x1e0 c:/program files (x86)/atmel/atmel studio 6.0/extensions/atmel/avrgcc/3.4.0.65/avrtoolchain/bin/../lib/gcc/avr/4.6.2/../../../../avr/lib/avr51\libm.a(fp_cmp.o)
                                0x1ec (size before relaxing)
 .stab          0x00000b7c      0x1d4 c:/program files (x86)/atmel/atmel studio 6.0/extensions/atmel/avrgcc/3.4.0.65/avrtoolchain/bin/../lib/gcc/avr/4.6.2/../../../../avr/lib/avr51\libm.a(fp_split3.o)
                                0x1e0 (size before relaxing)
 .stab          0x00000d50       0x90 c:/program files (x86)/atmel/atmel studio 6.0/extensions/atmel/avrgcc/3.4.0.65/avrtoolchain/bin/../lib/gcc/avr/4.6.2/../../../../avr/lib/avr51\libm.a(fp_zero.o)
                                 0x9c (size before relaxing)
 .stab          0x00000de0       0x6c c:/program files (x86)/atmel/atmel studio 6.0/extensions/atmel/avrgcc/3.4.0.65/avrtoolchain/bin/../lib/gcc/avr/4.6.2/../../../../avr/lib/avr51\libm.a(gesf2.o)
                                 0x78 (size before relaxing)
 .stab          0x00000e4c       0x48 c:/program files (x86)/atmel/atmel studio 6.0/extensions/atmel/avrgcc/3.4.0.65/avrtoolchain/bin/../lib/gcc/avr/4.6.2/../../../../avr/lib/avr51\libm.a(mulsf3.o)
                                 0x54 (size before relaxing)
 .stab          0x00000e94      0x4d4 c:/program files (x86)/atmel/atmel studio 6.0/extensions/atmel/avrgcc/3.4.0.65/avrtoolchain/bin/../lib/gcc/avr/4.6.2/../../../../avr/lib/avr51\libm.a(mulsf3x.o)
                                0x4e0 (size before relaxing)
 .stab          0x00001368       0x78 c:/program files (x86)/atmel/atmel studio 6.0/extensions/atmel/avrgcc/3.4.0.65/avrtoolchain/bin/../lib/gcc/avr/4.6.2/../../../../avr/lib/avr51\libm.a(fp_inf.o)
                                 0x84 (size before relaxing)
 .stab          0x000013e0       0x54 c:/program files (x86)/atmel/atmel studio 6.0/extensions/atmel/avrgcc/3.4.0.65/avrtoolchain/bin/../lib/gcc/avr/4.6.2/../../../../avr/lib/avr51\libm.a(fp_nan.o)
                                 0x60 (size before relaxing)
 .stab          0x00001434       0x84 c:/program files (x86)/atmel/atmel studio 6.0/extensions/atmel/avrgcc/3.4.0.65/avrtoolchain/bin/../lib/gcc/avr/4.6.2/../../../../avr/lib/avr51\libm.a(fp_pscA.o)
                                 0x90 (size before relaxing)
 .stab          0x000014b8       0x84 c:/program files (x86)/atmel/atmel studio 6.0/extensions/atmel/avrgcc/3.4.0.65/avrtoolchain/bin/../lib/gcc/avr/4.6.2/../../../../avr/lib/avr51\libm.a(fp_pscB.o)
                                 0x90 (size before relaxing)
 .stab          0x0000153c       0xfc c:/program files (x86)/atmel/atmel studio 6.0/extensions/atmel/avrgcc/3.4.0.65/avrtoolchain/bin/../lib/gcc/avr/4.6.2/../../../../avr/lib/avr51\libm.a(fp_round.o)
                                0x108 (size before relaxing)
 .stab          0x00001638       0x84 c:/program files (x86)/atmel/atmel studio 6.0/extensions/atmel/avrgcc/3.4.0.65/avrtoolchain/bin/../lib/gcc/avr/4.6.2/../../../../avr/lib/avr51\libc.a(memcpy.o)
                                 0x90 (size before relaxing)
 .stab          0x000016bc       0x6c c:/program files (x86)/atmel/atmel studio 6.0/extensions/atmel/avrgcc/3.4.0.65/avrtoolchain/bin/../lib/gcc/avr/4.6.2/../../../../avr/lib/avr51\libc.a(memset.o)
                                 0x78 (size before relaxing)
 .stab          0x00001728       0xcc c:/program files (x86)/atmel/atmel studio 6.0/extensions/atmel/avrgcc/3.4.0.65/avrtoolchain/bin/../lib/gcc/avr/4.6.2/../../../../avr/lib/avr51\libc.a(strncpy.o)
                                 0xd8 (size before relaxing)
 .stab          0x000017f4      0x1b0 c:/program files (x86)/atmel/atmel studio 6.0/extensions/atmel/avrgcc/3.4.0.65/avrtoolchain/bin/../lib/gcc/avr/4.6.2/../../../../avr/lib/avr51\libc.a(itoa.o)
                                0x1bc (size before relaxing)
 .stab          0x000019a4      0x294 c:/program files (x86)/atmel/atmel studio 6.0/extensions/atmel/avrgcc/3.4.0.65/avrtoolchain/bin/../lib/gcc/avr/4.6.2/../../../../avr/lib/avr51\libc.a(ltoa.o)
                                0x2a0 (size before relaxing)
 .stab          0x00001c38      0x12c c:/program files (x86)/atmel/atmel studio 6.0/extensions/atmel/avrgcc/3.4.0.65/avrtoolchain/bin/../lib/gcc/avr/4.6.2/../../../../avr/lib/avr51\libc.a(utoa.o)
                                0x138 (size before relaxing)
 .stab          0x00001d64      0x108 c:/program files (x86)/atmel/atmel studio 6.0/extensions/atmel/avrgcc/3.4.0.65/avrtoolchain/bin/../lib/gcc/avr/4.6.2/../../../../avr/lib/avr51\libc.a(eerd_block_atmega1284p.o)
                                0x114 (size before relaxing)
 .stab          0x00001e6c       0xe4 c:/program files (x86)/atmel/atmel studio 6.0/extensions/atmel/avrgcc/3.4.0.65/avrtoolchain/bin/../lib/gcc/avr/4.6.2/../../../../avr/lib/avr51\libc.a(eewr_byte_atmega1284p.o)
                                 0xf0 (size before relaxing)
 .stab          0x00001f50       0xd8 c:/program files (x86)/atmel/atmel studio 6.0/extensions/atmel/avrgcc/3.4.0.65/avrtoolchain/bin/../lib/gcc/avr/4.6.2/../../../../avr/lib/avr51\libc.a(strrev.o)
                                 0xe4 (size before relaxing)

.stabstr        0x00000000      0x900
 *(.stabstr)
 .stabstr       0x00000000      0x900 c:/program files (x86)/atmel/atmel studio 6.0/extensions/atmel/avrgcc/3.4.0.65/avrtoolchain/bin/../lib/gcc/avr/4.6.2/../../../../avr/lib/avr51/crtm1284p.o

.stab.excl
 *(.stab.excl)

.stab.exclstr
 *(.stab.exclstr)

.stab.index
 *(.stab.index)

.stab.indexstr
 *(.stab.indexstr)

.comment
 *(.comment)

.debug
 *(.debug)

.line
 *(.line)

.debug_srcinfo
 *(.debug_srcinfo)

.debug_sfnames
 *(.debug_sfnames)

.debug_aranges  0x00000000      0x380
 *(.debug_aranges)
 .debug_aranges
                0x00000000       0x20 adc.o
 .debug_aranges
                0x00000020       0x20 lcdFiles/dogm-graphic.o
 .debug_aranges
                0x00000040       0x20 lcdFiles/font.o
 .debug_aranges
                0x00000060       0x20 main.o
 .debug_aranges
                0x00000080       0x20 osFiles/croutine.o
 .debug_aranges
                0x000000a0       0x20 osFiles/heap_1.o
 .debug_aranges
                0x000000c0       0x20 osFiles/list.o
 .debug_aranges
                0x000000e0       0x20 osFiles/port.o
 .debug_aranges
                0x00000100       0x20 osFiles/queue.o
 .debug_aranges
                0x00000120       0x20 osFiles/tasks.o
 .debug_aranges
                0x00000140       0x20 taskFiles/comtest.o
 .debug_aranges
                0x00000160       0x20 taskFiles/integer.o
 .debug_aranges
                0x00000180       0x20 taskFiles/ParTest.o
 .debug_aranges
                0x000001a0       0x20 taskFiles/PollQ.o
 .debug_aranges
                0x000001c0       0x20 taskFiles/print.o
 .debug_aranges
                0x000001e0       0x20 taskFiles/regtest.o
 .debug_aranges
                0x00000200       0x20 taskFiles/serial.o
 .debug_aranges
                0x00000220       0x20 taskFiles/systemControlTask.o
 .debug_aranges
                0x00000240       0x20 taskFiles/systemStatusTask.o
 .debug_aranges
                0x00000260       0x20 taskFiles/userInterfaceTask.o
 .debug_aranges
                0x00000280       0x20 c:/program files (x86)/atmel/atmel studio 6.0/extensions/atmel/avrgcc/3.4.0.65/avrtoolchain/bin/../lib/gcc/avr/4.6.2/avr51\libgcc.a(_mulsi3.o)
 .debug_aranges
                0x000002a0       0x20 c:/program files (x86)/atmel/atmel studio 6.0/extensions/atmel/avrgcc/3.4.0.65/avrtoolchain/bin/../lib/gcc/avr/4.6.2/avr51\libgcc.a(_udivmodqi4.o)
 .debug_aranges
                0x000002c0       0x20 c:/program files (x86)/atmel/atmel studio 6.0/extensions/atmel/avrgcc/3.4.0.65/avrtoolchain/bin/../lib/gcc/avr/4.6.2/avr51\libgcc.a(_udivmodhi4.o)
 .debug_aranges
                0x000002e0       0x20 c:/program files (x86)/atmel/atmel studio 6.0/extensions/atmel/avrgcc/3.4.0.65/avrtoolchain/bin/../lib/gcc/avr/4.6.2/avr51\libgcc.a(_udivmodsi4.o)
 .debug_aranges
                0x00000300       0x20 c:/program files (x86)/atmel/atmel studio 6.0/extensions/atmel/avrgcc/3.4.0.65/avrtoolchain/bin/../lib/gcc/avr/4.6.2/avr51\libgcc.a(_divmodsi4.o)
 .debug_aranges
                0x00000320       0x20 c:/program files (x86)/atmel/atmel studio 6.0/extensions/atmel/avrgcc/3.4.0.65/avrtoolchain/bin/../lib/gcc/avr/4.6.2/avr51\libgcc.a(_exit.o)
 .debug_aranges
                0x00000340       0x20 c:/program files (x86)/atmel/atmel studio 6.0/extensions/atmel/avrgcc/3.4.0.65/avrtoolchain/bin/../lib/gcc/avr/4.6.2/avr51\libgcc.a(_copy_data.o)
 .debug_aranges
                0x00000360       0x20 c:/program files (x86)/atmel/atmel studio 6.0/extensions/atmel/avrgcc/3.4.0.65/avrtoolchain/bin/../lib/gcc/avr/4.6.2/avr51\libgcc.a(_clear_bss.o)

.debug_pubnames
 *(.debug_pubnames)

.debug_info     0x00000000     0x554e
 *(.debug_info)
 .debug_info    0x00000000      0x166 adc.o
 .debug_info    0x00000166      0x6a5 lcdFiles/dogm-graphic.o
 .debug_info    0x0000080b      0xb2b lcdFiles/font.o
 .debug_info    0x00001336       0xa4 lcdFiles/Fonts/digits_24px.o
 .debug_info    0x000013da      0x17b lcdFiles/Fonts/font_fixed_8px.o
 .debug_info    0x00001555      0x17a lcdFiles/Fonts/font_proportional_16px.o
 .debug_info    0x000016cf       0xa4 lcdFiles/Fonts/symbols_16px.o
 .debug_info    0x00001773      0x152 main.o
 .debug_info    0x000018c5      0x4d8 osFiles/croutine.o
 .debug_info    0x00001d9d      0x152 osFiles/heap_1.o
 .debug_info    0x00001eef      0x2a7 osFiles/list.o
 .debug_info    0x00002196      0x1be osFiles/port.o
 .debug_info    0x00002354      0x7e3 osFiles/queue.o
 .debug_info    0x00002b37      0xae8 osFiles/tasks.o
 .debug_info    0x0000361f       0x6c osFiles/timers.o
 .debug_info    0x0000368b      0x1db taskFiles/comtest.o
 .debug_info    0x00003866      0x177 taskFiles/integer.o
 .debug_info    0x000039dd      0x11c taskFiles/ParTest.o
 .debug_info    0x00003af9      0x1c8 taskFiles/PollQ.o
 .debug_info    0x00003cc1      0x139 taskFiles/print.o
 .debug_info    0x00003dfa      0x11e taskFiles/regtest.o
 .debug_info    0x00003f18      0x296 taskFiles/serial.o
 .debug_info    0x000041ae      0x2ed taskFiles/systemControlTask.o
 .debug_info    0x0000449b      0x1a1 taskFiles/systemStatusTask.o
 .debug_info    0x0000463c      0x822 taskFiles/userInterfaceTask.o
 .debug_info    0x00004e5e       0xde c:/program files (x86)/atmel/atmel studio 6.0/extensions/atmel/avrgcc/3.4.0.65/avrtoolchain/bin/../lib/gcc/avr/4.6.2/avr51\libgcc.a(_mulsi3.o)
 .debug_info    0x00004f3c       0xde c:/program files (x86)/atmel/atmel studio 6.0/extensions/atmel/avrgcc/3.4.0.65/avrtoolchain/bin/../lib/gcc/avr/4.6.2/avr51\libgcc.a(_udivmodqi4.o)
 .debug_info    0x0000501a       0xde c:/program files (x86)/atmel/atmel studio 6.0/extensions/atmel/avrgcc/3.4.0.65/avrtoolchain/bin/../lib/gcc/avr/4.6.2/avr51\libgcc.a(_udivmodhi4.o)
 .debug_info    0x000050f8       0xde c:/program files (x86)/atmel/atmel studio 6.0/extensions/atmel/avrgcc/3.4.0.65/avrtoolchain/bin/../lib/gcc/avr/4.6.2/avr51\libgcc.a(_udivmodsi4.o)
 .debug_info    0x000051d6       0xde c:/program files (x86)/atmel/atmel studio 6.0/extensions/atmel/avrgcc/3.4.0.65/avrtoolchain/bin/../lib/gcc/avr/4.6.2/avr51\libgcc.a(_divmodsi4.o)
 .debug_info    0x000052b4       0xde c:/program files (x86)/atmel/atmel studio 6.0/extensions/atmel/avrgcc/3.4.0.65/avrtoolchain/bin/../lib/gcc/avr/4.6.2/avr51\libgcc.a(_exit.o)
 .debug_info    0x00005392       0xde c:/program files (x86)/atmel/atmel studio 6.0/extensions/atmel/avrgcc/3.4.0.65/avrtoolchain/bin/../lib/gcc/avr/4.6.2/avr51\libgcc.a(_copy_data.o)
 .debug_info    0x00005470       0xde c:/program files (x86)/atmel/atmel studio 6.0/extensions/atmel/avrgcc/3.4.0.65/avrtoolchain/bin/../lib/gcc/avr/4.6.2/avr51\libgcc.a(_clear_bss.o)
 *(.gnu.linkonce.wi.*)

.debug_abbrev   0x00000000     0x1657
 *(.debug_abbrev)
 .debug_abbrev  0x00000000       0xc4 adc.o
 .debug_abbrev  0x000000c4      0x1c7 lcdFiles/dogm-graphic.o
 .debug_abbrev  0x0000028b      0x198 lcdFiles/font.o
 .debug_abbrev  0x00000423       0x48 lcdFiles/Fonts/digits_24px.o
 .debug_abbrev  0x0000046b       0xaa lcdFiles/Fonts/font_fixed_8px.o
 .debug_abbrev  0x00000515       0x99 lcdFiles/Fonts/font_proportional_16px.o
 .debug_abbrev  0x000005ae        0x1 lcdFiles/Fonts/font_proportional_8px.o
 .debug_abbrev  0x000005af       0x48 lcdFiles/Fonts/symbols_16px.o
 .debug_abbrev  0x000005f7        0x1 lcdFiles/Fonts/symbols_8px.o
 .debug_abbrev  0x000005f8        0x1 lcdFiles/Fonts/template_simplefont.o
 .debug_abbrev  0x000005f9       0xb7 main.o
 .debug_abbrev  0x000006b0      0x186 osFiles/croutine.o
 .debug_abbrev  0x00000836       0xe2 osFiles/heap_1.o
 .debug_abbrev  0x00000918       0xb8 osFiles/list.o
 .debug_abbrev  0x000009d0      0x100 osFiles/port.o
 .debug_abbrev  0x00000ad0      0x140 osFiles/queue.o
 .debug_abbrev  0x00000c10      0x180 osFiles/tasks.o
 .debug_abbrev  0x00000d90       0x2a osFiles/timers.o
 .debug_abbrev  0x00000dba       0xb7 taskFiles/comtest.o
 .debug_abbrev  0x00000e71       0xc3 taskFiles/integer.o
 .debug_abbrev  0x00000f34       0x88 taskFiles/ParTest.o
 .debug_abbrev  0x00000fbc       0xa8 taskFiles/PollQ.o
 .debug_abbrev  0x00001064       0x9c taskFiles/print.o
 .debug_abbrev  0x00001100       0xd8 taskFiles/regtest.o
 .debug_abbrev  0x000011d8       0xc4 taskFiles/serial.o
 .debug_abbrev  0x0000129c       0xed taskFiles/systemControlTask.o
 .debug_abbrev  0x00001389       0xe3 taskFiles/systemStatusTask.o
 .debug_abbrev  0x0000146c      0x14b taskFiles/userInterfaceTask.o
 .debug_abbrev  0x000015b7       0x14 c:/program files (x86)/atmel/atmel studio 6.0/extensions/atmel/avrgcc/3.4.0.65/avrtoolchain/bin/../lib/gcc/avr/4.6.2/avr51\libgcc.a(_mulsi3.o)
 .debug_abbrev  0x000015cb       0x14 c:/program files (x86)/atmel/atmel studio 6.0/extensions/atmel/avrgcc/3.4.0.65/avrtoolchain/bin/../lib/gcc/avr/4.6.2/avr51\libgcc.a(_udivmodqi4.o)
 .debug_abbrev  0x000015df       0x14 c:/program files (x86)/atmel/atmel studio 6.0/extensions/atmel/avrgcc/3.4.0.65/avrtoolchain/bin/../lib/gcc/avr/4.6.2/avr51\libgcc.a(_udivmodhi4.o)
 .debug_abbrev  0x000015f3       0x14 c:/program files (x86)/atmel/atmel studio 6.0/extensions/atmel/avrgcc/3.4.0.65/avrtoolchain/bin/../lib/gcc/avr/4.6.2/avr51\libgcc.a(_udivmodsi4.o)
 .debug_abbrev  0x00001607       0x14 c:/program files (x86)/atmel/atmel studio 6.0/extensions/atmel/avrgcc/3.4.0.65/avrtoolchain/bin/../lib/gcc/avr/4.6.2/avr51\libgcc.a(_divmodsi4.o)
 .debug_abbrev  0x0000161b       0x14 c:/program files (x86)/atmel/atmel studio 6.0/extensions/atmel/avrgcc/3.4.0.65/avrtoolchain/bin/../lib/gcc/avr/4.6.2/avr51\libgcc.a(_exit.o)
 .debug_abbrev  0x0000162f       0x14 c:/program files (x86)/atmel/atmel studio 6.0/extensions/atmel/avrgcc/3.4.0.65/avrtoolchain/bin/../lib/gcc/avr/4.6.2/avr51\libgcc.a(_copy_data.o)
 .debug_abbrev  0x00001643       0x14 c:/program files (x86)/atmel/atmel studio 6.0/extensions/atmel/avrgcc/3.4.0.65/avrtoolchain/bin/../lib/gcc/avr/4.6.2/avr51\libgcc.a(_clear_bss.o)

.debug_line     0x00000000     0x34cd
 *(.debug_line)
 .debug_line    0x00000000      0x10d adc.o
 .debug_line    0x0000010d      0x371 lcdFiles/dogm-graphic.o
 .debug_line    0x0000047e      0x24a lcdFiles/font.o
 .debug_line    0x000006c8       0xda lcdFiles/Fonts/digits_24px.o
 .debug_line    0x000007a2      0x10a lcdFiles/Fonts/font_fixed_8px.o
 .debug_line    0x000008ac      0x112 lcdFiles/Fonts/font_proportional_16px.o
 .debug_line    0x000009be        0x0 lcdFiles/Fonts/font_proportional_8px.o
 .debug_line    0x000009be       0xda lcdFiles/Fonts/symbols_16px.o
 .debug_line    0x00000a98        0x0 lcdFiles/Fonts/symbols_8px.o
 .debug_line    0x00000a98        0x0 lcdFiles/Fonts/template_simplefont.o
 .debug_line    0x00000a98      0x15f main.o
 .debug_line    0x00000bf7      0x284 osFiles/croutine.o
 .debug_line    0x00000e7b       0xea osFiles/heap_1.o
 .debug_line    0x00000f65      0x1d0 osFiles/list.o
 .debug_line    0x00001135      0x1b8 osFiles/port.o
 .debug_line    0x000012ed      0x39f osFiles/queue.o
 .debug_line    0x0000168c      0x47a osFiles/tasks.o
 .debug_line    0x00001b06       0x1a osFiles/timers.o
 .debug_line    0x00001b20      0x1e4 taskFiles/comtest.o
 .debug_line    0x00001d04       0xda taskFiles/integer.o
 .debug_line    0x00001dde       0xf7 taskFiles/ParTest.o
 .debug_line    0x00001ed5      0x1f5 taskFiles/PollQ.o
 .debug_line    0x000020ca      0x13b taskFiles/print.o
 .debug_line    0x00002205      0x583 taskFiles/regtest.o
 .debug_line    0x00002788      0x1c4 taskFiles/serial.o
 .debug_line    0x0000294c      0x1fa taskFiles/systemControlTask.o
 .debug_line    0x00002b46      0x17c taskFiles/systemStatusTask.o
 .debug_line    0x00002cc2      0x348 taskFiles/userInterfaceTask.o
 .debug_line    0x0000300a       0xa5 c:/program files (x86)/atmel/atmel studio 6.0/extensions/atmel/avrgcc/3.4.0.65/avrtoolchain/bin/../lib/gcc/avr/4.6.2/avr51\libgcc.a(_mulsi3.o)
 .debug_line    0x000030af       0x92 c:/program files (x86)/atmel/atmel studio 6.0/extensions/atmel/avrgcc/3.4.0.65/avrtoolchain/bin/../lib/gcc/avr/4.6.2/avr51\libgcc.a(_udivmodqi4.o)
 .debug_line    0x00003141       0x9a c:/program files (x86)/atmel/atmel studio 6.0/extensions/atmel/avrgcc/3.4.0.65/avrtoolchain/bin/../lib/gcc/avr/4.6.2/avr51\libgcc.a(_udivmodhi4.o)
 .debug_line    0x000031db       0xa8 c:/program files (x86)/atmel/atmel studio 6.0/extensions/atmel/avrgcc/3.4.0.65/avrtoolchain/bin/../lib/gcc/avr/4.6.2/avr51\libgcc.a(_udivmodsi4.o)
 .debug_line    0x00003283       0xa1 c:/program files (x86)/atmel/atmel studio 6.0/extensions/atmel/avrgcc/3.4.0.65/avrtoolchain/bin/../lib/gcc/avr/4.6.2/avr51\libgcc.a(_divmodsi4.o)
 .debug_line    0x00003324       0x88 c:/program files (x86)/atmel/atmel studio 6.0/extensions/atmel/avrgcc/3.4.0.65/avrtoolchain/bin/../lib/gcc/avr/4.6.2/avr51\libgcc.a(_exit.o)
 .debug_line    0x000033ac       0x93 c:/program files (x86)/atmel/atmel studio 6.0/extensions/atmel/avrgcc/3.4.0.65/avrtoolchain/bin/../lib/gcc/avr/4.6.2/avr51\libgcc.a(_copy_data.o)
 .debug_line    0x0000343f       0x8e c:/program files (x86)/atmel/atmel studio 6.0/extensions/atmel/avrgcc/3.4.0.65/avrtoolchain/bin/../lib/gcc/avr/4.6.2/avr51\libgcc.a(_clear_bss.o)

.debug_frame    0x00000000     0x16d8
 *(.debug_frame)
 .debug_frame   0x00000000       0xb4 adc.o
 .debug_frame   0x000000b4      0x220 lcdFiles/dogm-graphic.o
 .debug_frame   0x000002d4      0x3c4 lcdFiles/font.o
 .debug_frame   0x00000698       0x74 main.o
 .debug_frame   0x0000070c      0x108 osFiles/croutine.o
 .debug_frame   0x00000814       0x94 osFiles/heap_1.o
 .debug_frame   0x000008a8       0xb4 osFiles/list.o
 .debug_frame   0x0000095c       0xc4 osFiles/port.o
 .debug_frame   0x00000a20      0x21c osFiles/queue.o
 .debug_frame   0x00000c3c      0x394 osFiles/tasks.o
 .debug_frame   0x00000fd0       0xb8 taskFiles/comtest.o
 .debug_frame   0x00001088       0xac taskFiles/integer.o
 .debug_frame   0x00001134       0x74 taskFiles/ParTest.o
 .debug_frame   0x000011a8       0xc4 taskFiles/PollQ.o
 .debug_frame   0x0000126c       0x7c taskFiles/print.o
 .debug_frame   0x000012e8       0xb4 taskFiles/regtest.o
 .debug_frame   0x0000139c      0x16c taskFiles/serial.o
 .debug_frame   0x00001508       0x9c taskFiles/systemControlTask.o
 .debug_frame   0x000015a4       0x98 taskFiles/systemStatusTask.o
 .debug_frame   0x0000163c       0x9c taskFiles/userInterfaceTask.o

.debug_str      0x00000000     0x1e30
 *(.debug_str)
 .debug_str     0x00000000      0x134 adc.o
                                0x16f (size before relaxing)
 .debug_str     0x00000134      0x191 lcdFiles/dogm-graphic.o
                                0x29a (size before relaxing)
 .debug_str     0x000002c5      0x269 lcdFiles/font.o
                                0x40c (size before relaxing)
 .debug_str     0x0000052e       0x20 lcdFiles/Fonts/digits_24px.o
                                0x11e (size before relaxing)
 .debug_str     0x0000054e       0x46 lcdFiles/Fonts/font_fixed_8px.o
                                0x18c (size before relaxing)
 .debug_str     0x00000594       0x5e lcdFiles/Fonts/font_proportional_16px.o
                                0x1a4 (size before relaxing)
 .debug_str     0x000005f2       0x21 lcdFiles/Fonts/symbols_16px.o
                                0x11f (size before relaxing)
 .debug_str     0x00000613       0xab main.o
                                0x1a9 (size before relaxing)
 .debug_str     0x000006be      0x346 osFiles/croutine.o
                                0x442 (size before relaxing)
 .debug_str     0x00000a04       0x96 osFiles/heap_1.o
                                0x17b (size before relaxing)
 .debug_str     0x00000a9a       0xa6 osFiles/list.o
                                0x21f (size before relaxing)
 .debug_str     0x00000b40       0xea osFiles/port.o
                                0x1e9 (size before relaxing)
 .debug_str     0x00000c2a      0x305 osFiles/queue.o
                                0x4d4 (size before relaxing)
 .debug_str     0x00000f2f      0x4d5 osFiles/tasks.o
                                0x75d (size before relaxing)
 .debug_str     0x00001404       0x14 osFiles/timers.o
                                 0xf9 (size before relaxing)
 .debug_str     0x00001418       0xe3 taskFiles/comtest.o
                                0x203 (size before relaxing)
 .debug_str     0x000014fb       0x9b taskFiles/integer.o
                                0x1b2 (size before relaxing)
 .debug_str     0x00001596       0x6d taskFiles/ParTest.o
                                0x160 (size before relaxing)
 .debug_str     0x00001603       0xd9 taskFiles/PollQ.o
                                0x20d (size before relaxing)
 .debug_str     0x000016dc       0x8f taskFiles/print.o
                                0x177 (size before relaxing)
 .debug_str     0x0000176b       0x79 taskFiles/regtest.o
                                0x173 (size before relaxing)
 .debug_str     0x000017e4       0xf1 taskFiles/serial.o
                                0x230 (size before relaxing)
 .debug_str     0x000018d5      0x2cd taskFiles/systemControlTask.o
                                0x42f (size before relaxing)
 .debug_str     0x00001ba2       0xec taskFiles/systemStatusTask.o
                                0x24d (size before relaxing)
 .debug_str     0x00001c8e      0x1a2 taskFiles/userInterfaceTask.o
                                0x4ca (size before relaxing)

.debug_loc      0x00000000     0x2d3a
 *(.debug_loc)
 .debug_loc     0x00000000      0x14e adc.o
 .debug_loc     0x0000014e      0x438 lcdFiles/dogm-graphic.o
 .debug_loc     0x00000586      0x791 lcdFiles/font.o
 .debug_loc     0x00000d17       0xcb main.o
 .debug_loc     0x00000de2      0x212 osFiles/croutine.o
 .debug_loc     0x00000ff4      0x106 osFiles/heap_1.o
 .debug_loc     0x000010fa      0x15b osFiles/list.o
 .debug_loc     0x00001255       0xf9 osFiles/port.o
 .debug_loc     0x0000134e      0x459 osFiles/queue.o
 .debug_loc     0x000017a7      0x7a4 osFiles/tasks.o
 .debug_loc     0x00001f4b      0x16e taskFiles/comtest.o
 .debug_loc     0x000020b9      0x15a taskFiles/integer.o
 .debug_loc     0x00002213       0xcb taskFiles/ParTest.o
 .debug_loc     0x000022de      0x188 taskFiles/PollQ.o
 .debug_loc     0x00002466       0xe5 taskFiles/print.o
 .debug_loc     0x0000254b      0x16e taskFiles/regtest.o
 .debug_loc     0x000026b9      0x30f taskFiles/serial.o
 .debug_loc     0x000029c8      0x126 taskFiles/systemControlTask.o
 .debug_loc     0x00002aee      0x119 taskFiles/systemStatusTask.o
 .debug_loc     0x00002c07      0x133 taskFiles/userInterfaceTask.o

.debug_macinfo
 *(.debug_macinfo)
OUTPUT(PowerCell.elf elf32-avr)
LOAD linker stubs
