Archive member included because of file (symbol)

c:/program files/winavr/bin/../lib/gcc/avr/4.3.3/avr4\libgcc.a(_exit.o)
                              c:/program files/winavr/bin/../lib/gcc/avr/4.3.3/../../../../avr/lib/avr4/crtm8.o (exit)
c:/program files/winavr/bin/../lib/gcc/avr/4.3.3/avr4\libgcc.a(_copy_data.o)
                              main.o (__do_copy_data)
c:/program files/winavr/bin/../lib/gcc/avr/4.3.3/avr4\libgcc.a(_clear_bss.o)
                              main.o (__do_clear_bss)
c:/program files/winavr/bin/../lib/gcc/avr/4.3.3/avr4\libgcc.a(_fixunssfsi.o)
                              pwm_init.o (__fixunssfsi)
c:/program files/winavr/bin/../lib/gcc/avr/4.3.3/avr4\libgcc.a(_addsub_sf.o)
                              c:/program files/winavr/bin/../lib/gcc/avr/4.3.3/avr4\libgcc.a(_fixunssfsi.o) (__subsf3)
c:/program files/winavr/bin/../lib/gcc/avr/4.3.3/avr4\libgcc.a(_mul_sf.o)
                              main.o (__mulsf3)
c:/program files/winavr/bin/../lib/gcc/avr/4.3.3/avr4\libgcc.a(_ge_sf.o)
                              c:/program files/winavr/bin/../lib/gcc/avr/4.3.3/avr4\libgcc.a(_fixunssfsi.o) (__gesf2)
c:/program files/winavr/bin/../lib/gcc/avr/4.3.3/avr4\libgcc.a(_sf_to_si.o)
                              c:/program files/winavr/bin/../lib/gcc/avr/4.3.3/avr4\libgcc.a(_fixunssfsi.o) (__fixsfsi)
c:/program files/winavr/bin/../lib/gcc/avr/4.3.3/avr4\libgcc.a(_thenan_sf.o)
                              c:/program files/winavr/bin/../lib/gcc/avr/4.3.3/avr4\libgcc.a(_addsub_sf.o) (__thenan_sf)
c:/program files/winavr/bin/../lib/gcc/avr/4.3.3/avr4\libgcc.a(_usi_to_sf.o)
                              main.o (__floatunsisf)
c:/program files/winavr/bin/../lib/gcc/avr/4.3.3/avr4\libgcc.a(_prologue.o)
                              c:/program files/winavr/bin/../lib/gcc/avr/4.3.3/avr4\libgcc.a(_addsub_sf.o) (__prologue_saves__)
c:/program files/winavr/bin/../lib/gcc/avr/4.3.3/avr4\libgcc.a(_epilogue.o)
                              c:/program files/winavr/bin/../lib/gcc/avr/4.3.3/avr4\libgcc.a(_addsub_sf.o) (__epilogue_restores__)
c:/program files/winavr/bin/../lib/gcc/avr/4.3.3/avr4\libgcc.a(_clzsi2.o)
                              c:/program files/winavr/bin/../lib/gcc/avr/4.3.3/avr4\libgcc.a(_usi_to_sf.o) (__clzsi2)
c:/program files/winavr/bin/../lib/gcc/avr/4.3.3/avr4\libgcc.a(_pack_sf.o)
                              c:/program files/winavr/bin/../lib/gcc/avr/4.3.3/avr4\libgcc.a(_addsub_sf.o) (__pack_f)
c:/program files/winavr/bin/../lib/gcc/avr/4.3.3/avr4\libgcc.a(_unpack_sf.o)
                              c:/program files/winavr/bin/../lib/gcc/avr/4.3.3/avr4\libgcc.a(_addsub_sf.o) (__unpack_f)
c:/program files/winavr/bin/../lib/gcc/avr/4.3.3/avr4\libgcc.a(_fpcmp_parts_sf.o)
                              c:/program files/winavr/bin/../lib/gcc/avr/4.3.3/avr4\libgcc.a(_ge_sf.o) (__fpcmp_parts_f)
c:/program files/winavr/bin/../lib/gcc/avr/4.3.3/avr4\libgcc.a(_clz.o)
                              c:/program files/winavr/bin/../lib/gcc/avr/4.3.3/avr4\libgcc.a(_clzsi2.o) (__clz_tab)
c:/program files/winavr/bin/../lib/gcc/avr/4.3.3/../../../../avr/lib/avr4\libc.a(dtostrf.o)
                              main.o (dtostrf)
c:/program files/winavr/bin/../lib/gcc/avr/4.3.3/../../../../avr/lib/avr4\libc.a(dtoa_prf.o)
                              c:/program files/winavr/bin/../lib/gcc/avr/4.3.3/../../../../avr/lib/avr4\libc.a(dtostrf.o) (dtoa_prf)
c:/program files/winavr/bin/../lib/gcc/avr/4.3.3/../../../../avr/lib/avr4\libc.a(ftoa_engine.o)
                              c:/program files/winavr/bin/../lib/gcc/avr/4.3.3/../../../../avr/lib/avr4\libc.a(dtoa_prf.o) (__ftoa_engine)

Allocating common symbols
Common symbol       size              file

pwm_wert            0x4               main.o
adc_wert            0x4               main.o

Memory Configuration

Name             Origin             Length             Attributes
text             0x00000000         0x00002000         xr
data             0x00800060         0x0000ffa0         rw !x
eeprom           0x00810000         0x00010000         rw !x
fuse             0x00820000         0x00000400         rw !x
lock             0x00830000         0x00000400         rw !x
signature        0x00840000         0x00000400         rw !x
*default*        0x00000000         0xffffffff

Linker script and memory map

LOAD c:/program files/winavr/bin/../lib/gcc/avr/4.3.3/../../../../avr/lib/avr4/crtm8.o
LOAD adc_init.o
LOAD lcd-routines.o
LOAD main.o
LOAD pwm_init.o
LOAD c:/program files/winavr/bin/../lib/gcc/avr/4.3.3/avr4\libgcc.a
LOAD c:/program files/winavr/bin/../lib/gcc/avr/4.3.3/../../../../avr/lib/avr4\libc.a
LOAD c:/program files/winavr/bin/../lib/gcc/avr/4.3.3/avr4\libgcc.a

.hash
 *(.hash)

.dynsym
 *(.dynsym)

.dynstr
 *(.dynstr)

.gnu.version
 *(.gnu.version)

.gnu.version_d
 *(.gnu.version_d)

.gnu.version_r
 *(.gnu.version_r)

.rel.init
 *(.rel.init)

.rela.init
 *(.rela.init)

.rel.text
 *(.rel.text)
 *(.rel.text.*)
 *(.rel.gnu.linkonce.t*)

.rela.text
 *(.rela.text)
 *(.rela.text.*)
 *(.rela.gnu.linkonce.t*)

.rel.fini
 *(.rel.fini)

.rela.fini
 *(.rela.fini)

.rel.rodata
 *(.rel.rodata)
 *(.rel.rodata.*)
 *(.rel.gnu.linkonce.r*)

.rela.rodata
 *(.rela.rodata)
 *(.rela.rodata.*)
 *(.rela.gnu.linkonce.r*)

.rel.data
 *(.rel.data)
 *(.rel.data.*)
 *(.rel.gnu.linkonce.d*)

.rela.data
 *(.rela.data)
 *(.rela.data.*)
 *(.rela.gnu.linkonce.d*)

.rel.ctors
 *(.rel.ctors)

.rela.ctors
 *(.rela.ctors)

.rel.dtors
 *(.rel.dtors)

.rela.dtors
 *(.rela.dtors)

.rel.got
 *(.rel.got)

.rela.got
 *(.rela.got)

.rel.bss
 *(.rel.bss)

.rela.bss
 *(.rela.bss)

.rel.plt
 *(.rel.plt)

.rela.plt
 *(.rela.plt)

.text           0x00000000     0x151e
 *(.vectors)
 .vectors       0x00000000       0x26 c:/program files/winavr/bin/../lib/gcc/avr/4.3.3/../../../../avr/lib/avr4/crtm8.o
                0x00000000                __vectors
                0x00000000                __vector_default
 *(.vectors)
 *(.progmem.gcc*)
 *(.progmem*)
 .progmem.data  0x00000026       0xfa c:/program files/winavr/bin/../lib/gcc/avr/4.3.3/../../../../avr/lib/avr4\libc.a(ftoa_engine.o)
                0x00000120                . = ALIGN (0x2)
                0x00000120                __trampolines_start = .
 *(.trampolines)
 .trampolines   0x00000120        0x0 linker stubs
 *(.trampolines*)
                0x00000120                __trampolines_end = .
 *(.jumptables)
 *(.jumptables*)
 *(.lowtext)
 *(.lowtext*)
                0x00000120                __ctors_start = .
 *(.ctors)
                0x00000120                __ctors_end = .
                0x00000120                __dtors_start = .
 *(.dtors)
                0x00000120                __dtors_end = .
 SORT(*)(.ctors)
 SORT(*)(.dtors)
 *(.init0)
 .init0         0x00000120        0x0 c:/program files/winavr/bin/../lib/gcc/avr/4.3.3/../../../../avr/lib/avr4/crtm8.o
                0x00000120                __init
 *(.init0)
 *(.init1)
 *(.init1)
 *(.init2)
 .init2         0x00000120        0xc c:/program files/winavr/bin/../lib/gcc/avr/4.3.3/../../../../avr/lib/avr4/crtm8.o
 *(.init2)
 *(.init3)
 *(.init3)
 *(.init4)
 .init4         0x0000012c       0x16 c:/program files/winavr/bin/../lib/gcc/avr/4.3.3/avr4\libgcc.a(_copy_data.o)
                0x0000012c                __do_copy_data
 .init4         0x00000142       0x10 c:/program files/winavr/bin/../lib/gcc/avr/4.3.3/avr4\libgcc.a(_clear_bss.o)
                0x00000142                __do_clear_bss
 *(.init4)
 *(.init5)
 *(.init5)
 *(.init6)
 *(.init6)
 *(.init7)
 *(.init7)
 *(.init8)
 *(.init8)
 *(.init9)
 .init9         0x00000152        0x4 c:/program files/winavr/bin/../lib/gcc/avr/4.3.3/../../../../avr/lib/avr4/crtm8.o
 *(.init9)
 *(.text)
 .text          0x00000156        0x2 c:/program files/winavr/bin/../lib/gcc/avr/4.3.3/../../../../avr/lib/avr4/crtm8.o
                0x00000156                __vector_1
                0x00000156                __vector_12
                0x00000156                __bad_interrupt
                0x00000156                __vector_6
                0x00000156                __vector_3
                0x00000156                __vector_11
                0x00000156                __vector_13
                0x00000156                __vector_17
                0x00000156                __vector_7
                0x00000156                __vector_5
                0x00000156                __vector_4
                0x00000156                __vector_9
                0x00000156                __vector_2
                0x00000156                __vector_15
                0x00000156                __vector_8
                0x00000156                __vector_10
                0x00000156                __vector_16
                0x00000156                __vector_18
 .text          0x00000158       0x14 adc_init.o
                0x00000158                adc_init
 .text          0x0000016c      0x160 lcd-routines.o
                0x0000016c                lcd_data
                0x000001f4                lcd_clear
                0x0000028a                set_cursor
                0x0000027c                lcd_home
                0x000002b4                lcd_string
                0x000001e8                lcd_enable
                0x00000202                lcd_init
                0x000001aa                lcd_command
 .text          0x000002cc      0x1d8 main.o
                0x0000034a                main
                0x000002cc                __vector_14
 .text          0x000004a4       0x1c pwm_init.o
                0x000004a4                pwm_init
 .text          0x000004c0        0x0 c:/program files/winavr/bin/../lib/gcc/avr/4.3.3/avr4\libgcc.a(_exit.o)
 .text          0x000004c0        0x0 c:/program files/winavr/bin/../lib/gcc/avr/4.3.3/avr4\libgcc.a(_copy_data.o)
 .text          0x000004c0        0x0 c:/program files/winavr/bin/../lib/gcc/avr/4.3.3/avr4\libgcc.a(_clear_bss.o)
 .text          0x000004c0       0x50 c:/program files/winavr/bin/../lib/gcc/avr/4.3.3/avr4\libgcc.a(_fixunssfsi.o)
                0x000004c0                __fixunssfsi
 .text          0x00000510      0x338 c:/program files/winavr/bin/../lib/gcc/avr/4.3.3/avr4\libgcc.a(_addsub_sf.o)
                0x000007a4                __subsf3
                0x000007fa                __addsf3
 .text          0x00000848      0x1ea c:/program files/winavr/bin/../lib/gcc/avr/4.3.3/avr4\libgcc.a(_mul_sf.o)
                0x00000848                __mulsf3
 .text          0x00000a32       0x56 c:/program files/winavr/bin/../lib/gcc/avr/4.3.3/avr4\libgcc.a(_ge_sf.o)
                0x00000a32                __gesf2
 .text          0x00000a88       0xa2 c:/program files/winavr/bin/../lib/gcc/avr/4.3.3/avr4\libgcc.a(_sf_to_si.o)
                0x00000a88                __fixsfsi
 .text          0x00000b2a        0x0 c:/program files/winavr/bin/../lib/gcc/avr/4.3.3/avr4\libgcc.a(_thenan_sf.o)
 .text          0x00000b2a       0xea c:/program files/winavr/bin/../lib/gcc/avr/4.3.3/avr4\libgcc.a(_usi_to_sf.o)
                0x00000b2a                __floatunsisf
 .text          0x00000c14        0x0 c:/program files/winavr/bin/../lib/gcc/avr/4.3.3/avr4\libgcc.a(_prologue.o)
 .text          0x00000c14        0x0 c:/program files/winavr/bin/../lib/gcc/avr/4.3.3/avr4\libgcc.a(_epilogue.o)
 .text          0x00000c14       0x9e c:/program files/winavr/bin/../lib/gcc/avr/4.3.3/avr4\libgcc.a(_clzsi2.o)
                0x00000c14                __clzsi2
 .text          0x00000cb2      0x1aa c:/program files/winavr/bin/../lib/gcc/avr/4.3.3/avr4\libgcc.a(_pack_sf.o)
                0x00000cb2                __pack_f
 .text          0x00000e5c       0xf0 c:/program files/winavr/bin/../lib/gcc/avr/4.3.3/avr4\libgcc.a(_unpack_sf.o)
                0x00000e5c                __unpack_f
 .text          0x00000f4c       0xb2 c:/program files/winavr/bin/../lib/gcc/avr/4.3.3/avr4\libgcc.a(_fpcmp_parts_sf.o)
                0x00000f4c                __fpcmp_parts_f
 .text          0x00000ffe        0x0 c:/program files/winavr/bin/../lib/gcc/avr/4.3.3/avr4\libgcc.a(_clz.o)
 .text          0x00000ffe        0x0 c:/program files/winavr/bin/../lib/gcc/avr/4.3.3/../../../../avr/lib/avr4\libc.a(dtostrf.o)
 .text          0x00000ffe        0x0 c:/program files/winavr/bin/../lib/gcc/avr/4.3.3/../../../../avr/lib/avr4\libc.a(dtoa_prf.o)
 .text          0x00000ffe        0x0 c:/program files/winavr/bin/../lib/gcc/avr/4.3.3/../../../../avr/lib/avr4\libc.a(ftoa_engine.o)
                0x00000ffe                . = ALIGN (0x2)
 *(.text.*)
 .text.libgcc   0x00000ffe        0x0 c:/program files/winavr/bin/../lib/gcc/avr/4.3.3/avr4\libgcc.a(_exit.o)
 .text.libgcc   0x00000ffe        0x0 c:/program files/winavr/bin/../lib/gcc/avr/4.3.3/avr4\libgcc.a(_copy_data.o)
 .text.libgcc   0x00000ffe        0x0 c:/program files/winavr/bin/../lib/gcc/avr/4.3.3/avr4\libgcc.a(_clear_bss.o)
 .text.libgcc   0x00000ffe       0x38 c:/program files/winavr/bin/../lib/gcc/avr/4.3.3/avr4\libgcc.a(_prologue.o)
                0x00000ffe                __prologue_saves__
 .text.libgcc   0x00001036       0x36 c:/program files/winavr/bin/../lib/gcc/avr/4.3.3/avr4\libgcc.a(_epilogue.o)
                0x00001036                __epilogue_restores__
 .text.avr-libc
                0x0000106c       0x40 c:/program files/winavr/bin/../lib/gcc/avr/4.3.3/../../../../avr/lib/avr4\libc.a(dtostrf.o)
                0x0000106c                dtostrf
 .text.avr-libc
                0x000010ac      0x2be c:/program files/winavr/bin/../lib/gcc/avr/4.3.3/../../../../avr/lib/avr4\libc.a(dtoa_prf.o)
                0x000010ac                dtoa_prf
 .text.avr-libc
                0x0000136a      0x1b0 c:/program files/winavr/bin/../lib/gcc/avr/4.3.3/../../../../avr/lib/avr4\libc.a(ftoa_engine.o)
                0x0000136a                __ftoa_engine
                0x0000151a                . = ALIGN (0x2)
 *(.fini9)
 .fini9         0x0000151a        0x0 c:/program files/winavr/bin/../lib/gcc/avr/4.3.3/avr4\libgcc.a(_exit.o)
                0x0000151a                exit
                0x0000151a                _exit
 *(.fini9)
 *(.fini8)
 *(.fini8)
 *(.fini7)
 *(.fini7)
 *(.fini6)
 *(.fini6)
 *(.fini5)
 *(.fini5)
 *(.fini4)
 *(.fini4)
 *(.fini3)
 *(.fini3)
 *(.fini2)
 *(.fini2)
 *(.fini1)
 *(.fini1)
 *(.fini0)
 .fini0         0x0000151a        0x4 c:/program files/winavr/bin/../lib/gcc/avr/4.3.3/avr4\libgcc.a(_exit.o)
 *(.fini0)
                0x0000151e                _etext = .

.data           0x00800060      0x124 load address 0x0000151e
                0x00800060                PROVIDE (__data_start, .)
 *(.data)
 .data          0x00800060        0x0 c:/program files/winavr/bin/../lib/gcc/avr/4.3.3/../../../../avr/lib/avr4/crtm8.o
 .data          0x00800060        0x0 adc_init.o
 .data          0x00800060        0x0 lcd-routines.o
 .data          0x00800060       0x1b main.o
 .data          0x0080007b        0x0 pwm_init.o
 .data          0x0080007b        0x0 c:/program files/winavr/bin/../lib/gcc/avr/4.3.3/avr4\libgcc.a(_exit.o)
 .data          0x0080007b        0x0 c:/program files/winavr/bin/../lib/gcc/avr/4.3.3/avr4\libgcc.a(_copy_data.o)
 .data          0x0080007b        0x0 c:/program files/winavr/bin/../lib/gcc/avr/4.3.3/avr4\libgcc.a(_clear_bss.o)
 .data          0x0080007b        0x0 c:/program files/winavr/bin/../lib/gcc/avr/4.3.3/avr4\libgcc.a(_fixunssfsi.o)
 .data          0x0080007b        0x0 c:/program files/winavr/bin/../lib/gcc/avr/4.3.3/avr4\libgcc.a(_addsub_sf.o)
 .data          0x0080007b        0x0 c:/program files/winavr/bin/../lib/gcc/avr/4.3.3/avr4\libgcc.a(_mul_sf.o)
 .data          0x0080007b        0x0 c:/program files/winavr/bin/../lib/gcc/avr/4.3.3/avr4\libgcc.a(_ge_sf.o)
 .data          0x0080007b        0x0 c:/program files/winavr/bin/../lib/gcc/avr/4.3.3/avr4\libgcc.a(_sf_to_si.o)
 .data          0x0080007b        0x8 c:/program files/winavr/bin/../lib/gcc/avr/4.3.3/avr4\libgcc.a(_thenan_sf.o)
                0x0080007b                __thenan_sf
 .data          0x00800083        0x0 c:/program files/winavr/bin/../lib/gcc/avr/4.3.3/avr4\libgcc.a(_usi_to_sf.o)
 .data          0x00800083        0x0 c:/program files/winavr/bin/../lib/gcc/avr/4.3.3/avr4\libgcc.a(_prologue.o)
 .data          0x00800083        0x0 c:/program files/winavr/bin/../lib/gcc/avr/4.3.3/avr4\libgcc.a(_epilogue.o)
 .data          0x00800083        0x0 c:/program files/winavr/bin/../lib/gcc/avr/4.3.3/avr4\libgcc.a(_clzsi2.o)
 .data          0x00800083        0x0 c:/program files/winavr/bin/../lib/gcc/avr/4.3.3/avr4\libgcc.a(_pack_sf.o)
 .data          0x00800083        0x0 c:/program files/winavr/bin/../lib/gcc/avr/4.3.3/avr4\libgcc.a(_unpack_sf.o)
 .data          0x00800083        0x0 c:/program files/winavr/bin/../lib/gcc/avr/4.3.3/avr4\libgcc.a(_fpcmp_parts_sf.o)
 .data          0x00800083      0x100 c:/program files/winavr/bin/../lib/gcc/avr/4.3.3/avr4\libgcc.a(_clz.o)
                0x00800083                __clz_tab
 .data          0x00800183        0x0 c:/program files/winavr/bin/../lib/gcc/avr/4.3.3/../../../../avr/lib/avr4\libc.a(dtostrf.o)
 .data          0x00800183        0x0 c:/program files/winavr/bin/../lib/gcc/avr/4.3.3/../../../../avr/lib/avr4\libc.a(dtoa_prf.o)
 .data          0x00800183        0x0 c:/program files/winavr/bin/../lib/gcc/avr/4.3.3/../../../../avr/lib/avr4\libc.a(ftoa_engine.o)
 *(.data*)
 *(.rodata)
 *(.rodata*)
 *(.gnu.linkonce.d*)
                0x00800184                . = ALIGN (0x2)
 *fill*         0x00800183        0x1 00
                0x00800184                _edata = .
                0x00800184                PROVIDE (__data_end, .)

.bss            0x00800184        0x9
                0x00800184                PROVIDE (__bss_start, .)
 *(.bss)
 .bss           0x00800184        0x0 c:/program files/winavr/bin/../lib/gcc/avr/4.3.3/../../../../avr/lib/avr4/crtm8.o
 .bss           0x00800184        0x0 adc_init.o
 .bss           0x00800184        0x0 lcd-routines.o
 .bss           0x00800184        0x1 main.o
 .bss           0x00800185        0x0 pwm_init.o
 .bss           0x00800185        0x0 c:/program files/winavr/bin/../lib/gcc/avr/4.3.3/avr4\libgcc.a(_exit.o)
 .bss           0x00800185        0x0 c:/program files/winavr/bin/../lib/gcc/avr/4.3.3/avr4\libgcc.a(_copy_data.o)
 .bss           0x00800185        0x0 c:/program files/winavr/bin/../lib/gcc/avr/4.3.3/avr4\libgcc.a(_clear_bss.o)
 .bss           0x00800185        0x0 c:/program files/winavr/bin/../lib/gcc/avr/4.3.3/avr4\libgcc.a(_fixunssfsi.o)
 .bss           0x00800185        0x0 c:/program files/winavr/bin/../lib/gcc/avr/4.3.3/avr4\libgcc.a(_addsub_sf.o)
 .bss           0x00800185        0x0 c:/program files/winavr/bin/../lib/gcc/avr/4.3.3/avr4\libgcc.a(_mul_sf.o)
 .bss           0x00800185        0x0 c:/program files/winavr/bin/../lib/gcc/avr/4.3.3/avr4\libgcc.a(_ge_sf.o)
 .bss           0x00800185        0x0 c:/program files/winavr/bin/../lib/gcc/avr/4.3.3/avr4\libgcc.a(_sf_to_si.o)
 .bss           0x00800185        0x0 c:/program files/winavr/bin/../lib/gcc/avr/4.3.3/avr4\libgcc.a(_thenan_sf.o)
 .bss           0x00800185        0x0 c:/program files/winavr/bin/../lib/gcc/avr/4.3.3/avr4\libgcc.a(_usi_to_sf.o)
 .bss           0x00800185        0x0 c:/program files/winavr/bin/../lib/gcc/avr/4.3.3/avr4\libgcc.a(_prologue.o)
 .bss           0x00800185        0x0 c:/program files/winavr/bin/../lib/gcc/avr/4.3.3/avr4\libgcc.a(_epilogue.o)
 .bss           0x00800185        0x0 c:/program files/winavr/bin/../lib/gcc/avr/4.3.3/avr4\libgcc.a(_clzsi2.o)
 .bss           0x00800185        0x0 c:/program files/winavr/bin/../lib/gcc/avr/4.3.3/avr4\libgcc.a(_pack_sf.o)
 .bss           0x00800185        0x0 c:/program files/winavr/bin/../lib/gcc/avr/4.3.3/avr4\libgcc.a(_unpack_sf.o)
 .bss           0x00800185        0x0 c:/program files/winavr/bin/../lib/gcc/avr/4.3.3/avr4\libgcc.a(_fpcmp_parts_sf.o)
 .bss           0x00800185        0x0 c:/program files/winavr/bin/../lib/gcc/avr/4.3.3/avr4\libgcc.a(_clz.o)
 .bss           0x00800185        0x0 c:/program files/winavr/bin/../lib/gcc/avr/4.3.3/../../../../avr/lib/avr4\libc.a(dtostrf.o)
 .bss           0x00800185        0x0 c:/program files/winavr/bin/../lib/gcc/avr/4.3.3/../../../../avr/lib/avr4\libc.a(dtoa_prf.o)
 .bss           0x00800185        0x0 c:/program files/winavr/bin/../lib/gcc/avr/4.3.3/../../../../avr/lib/avr4\libc.a(ftoa_engine.o)
 *(.bss*)
 *(COMMON)
 COMMON         0x00800185        0x8 main.o
                0x00800185                pwm_wert
                0x00800189                adc_wert
                0x0080018d                PROVIDE (__bss_end, .)
                0x0000151e                __data_load_start = LOADADDR (.data)
                0x00001642                __data_load_end = (__data_load_start + SIZEOF (.data))

.noinit         0x0080018d        0x0
                0x0080018d                PROVIDE (__noinit_start, .)
 *(.noinit*)
                0x0080018d                PROVIDE (__noinit_end, .)
                0x0080018d                _end = .
                0x0080018d                PROVIDE (__heap_start, .)

.eeprom         0x00810000        0x0
 *(.eeprom*)
                0x00810000                __eeprom_end = .

.fuse
 *(.fuse)
 *(.lfuse)
 *(.hfuse)
 *(.efuse)

.lock
 *(.lock*)

.signature
 *(.signature*)

.stab
 *(.stab)

.stabstr
 *(.stabstr)

.stab.excl
 *(.stab.excl)

.stab.exclstr
 *(.stab.exclstr)

.stab.index
 *(.stab.index)

.stab.indexstr
 *(.stab.indexstr)

.comment
 *(.comment)

.debug
 *(.debug)

.line
 *(.line)

.debug_srcinfo
 *(.debug_srcinfo)

.debug_sfnames
 *(.debug_sfnames)

.debug_aranges  0x00000000      0x1c0
 *(.debug_aranges)
 .debug_aranges
                0x00000000       0x20 adc_init.o
 .debug_aranges
                0x00000020       0x20 lcd-routines.o
 .debug_aranges
                0x00000040       0x20 main.o
 .debug_aranges
                0x00000060       0x20 pwm_init.o
 .debug_aranges
                0x00000080       0x20 c:/program files/winavr/bin/../lib/gcc/avr/4.3.3/avr4\libgcc.a(_fixunssfsi.o)
 .debug_aranges
                0x000000a0       0x20 c:/program files/winavr/bin/../lib/gcc/avr/4.3.3/avr4\libgcc.a(_addsub_sf.o)
 .debug_aranges
                0x000000c0       0x20 c:/program files/winavr/bin/../lib/gcc/avr/4.3.3/avr4\libgcc.a(_mul_sf.o)
 .debug_aranges
                0x000000e0       0x20 c:/program files/winavr/bin/../lib/gcc/avr/4.3.3/avr4\libgcc.a(_ge_sf.o)
 .debug_aranges
                0x00000100       0x20 c:/program files/winavr/bin/../lib/gcc/avr/4.3.3/avr4\libgcc.a(_sf_to_si.o)
 .debug_aranges
                0x00000120       0x20 c:/program files/winavr/bin/../lib/gcc/avr/4.3.3/avr4\libgcc.a(_usi_to_sf.o)
 .debug_aranges
                0x00000140       0x20 c:/program files/winavr/bin/../lib/gcc/avr/4.3.3/avr4\libgcc.a(_clzsi2.o)
 .debug_aranges
                0x00000160       0x20 c:/program files/winavr/bin/../lib/gcc/avr/4.3.3/avr4\libgcc.a(_pack_sf.o)
 .debug_aranges
                0x00000180       0x20 c:/program files/winavr/bin/../lib/gcc/avr/4.3.3/avr4\libgcc.a(_unpack_sf.o)
 .debug_aranges
                0x000001a0       0x20 c:/program files/winavr/bin/../lib/gcc/avr/4.3.3/avr4\libgcc.a(_fpcmp_parts_sf.o)

.debug_pubnames
                0x00000000      0x29e
 *(.debug_pubnames)
 .debug_pubnames
                0x00000000       0x1f adc_init.o
 .debug_pubnames
                0x0000001f       0x84 lcd-routines.o
 .debug_pubnames
                0x000000a3       0x45 main.o
 .debug_pubnames
                0x000000e8       0x1f pwm_init.o
 .debug_pubnames
                0x00000107       0x23 c:/program files/winavr/bin/../lib/gcc/avr/4.3.3/avr4\libgcc.a(_fixunssfsi.o)
 .debug_pubnames
                0x0000012a       0x2c c:/program files/winavr/bin/../lib/gcc/avr/4.3.3/avr4\libgcc.a(_addsub_sf.o)
 .debug_pubnames
                0x00000156       0x1f c:/program files/winavr/bin/../lib/gcc/avr/4.3.3/avr4\libgcc.a(_mul_sf.o)
 .debug_pubnames
                0x00000175       0x1e c:/program files/winavr/bin/../lib/gcc/avr/4.3.3/avr4\libgcc.a(_ge_sf.o)
 .debug_pubnames
                0x00000193       0x20 c:/program files/winavr/bin/../lib/gcc/avr/4.3.3/avr4\libgcc.a(_sf_to_si.o)
 .debug_pubnames
                0x000001b3       0x22 c:/program files/winavr/bin/../lib/gcc/avr/4.3.3/avr4\libgcc.a(_thenan_sf.o)
 .debug_pubnames
                0x000001d5       0x24 c:/program files/winavr/bin/../lib/gcc/avr/4.3.3/avr4\libgcc.a(_usi_to_sf.o)
 .debug_pubnames
                0x000001f9       0x1f c:/program files/winavr/bin/../lib/gcc/avr/4.3.3/avr4\libgcc.a(_clzsi2.o)
 .debug_pubnames
                0x00000218       0x1f c:/program files/winavr/bin/../lib/gcc/avr/4.3.3/avr4\libgcc.a(_pack_sf.o)
 .debug_pubnames
                0x00000237       0x21 c:/program files/winavr/bin/../lib/gcc/avr/4.3.3/avr4\libgcc.a(_unpack_sf.o)
 .debug_pubnames
                0x00000258       0x26 c:/program files/winavr/bin/../lib/gcc/avr/4.3.3/avr4\libgcc.a(_fpcmp_parts_sf.o)
 .debug_pubnames
                0x0000027e       0x20 c:/program files/winavr/bin/../lib/gcc/avr/4.3.3/avr4\libgcc.a(_clz.o)

.debug_info     0x00000000     0x256b
 *(.debug_info)
 .debug_info    0x00000000       0x8d adc_init.o
 .debug_info    0x0000008d      0x6c4 lcd-routines.o
 .debug_info    0x00000751      0x27c main.o
 .debug_info    0x000009cd       0x8d pwm_init.o
 .debug_info    0x00000a5a       0xb1 c:/program files/winavr/bin/../lib/gcc/avr/4.3.3/avr4\libgcc.a(_fixunssfsi.o)
 .debug_info    0x00000b0b      0x47a c:/program files/winavr/bin/../lib/gcc/avr/4.3.3/avr4\libgcc.a(_addsub_sf.o)
 .debug_info    0x00000f85      0x485 c:/program files/winavr/bin/../lib/gcc/avr/4.3.3/avr4\libgcc.a(_mul_sf.o)
 .debug_info    0x0000140a      0x27f c:/program files/winavr/bin/../lib/gcc/avr/4.3.3/avr4\libgcc.a(_ge_sf.o)
 .debug_info    0x00001689      0x2b0 c:/program files/winavr/bin/../lib/gcc/avr/4.3.3/avr4\libgcc.a(_sf_to_si.o)
 .debug_info    0x00001939      0x12c c:/program files/winavr/bin/../lib/gcc/avr/4.3.3/avr4\libgcc.a(_thenan_sf.o)
 .debug_info    0x00001a65      0x206 c:/program files/winavr/bin/../lib/gcc/avr/4.3.3/avr4\libgcc.a(_usi_to_sf.o)
 .debug_info    0x00001c6b      0x117 c:/program files/winavr/bin/../lib/gcc/avr/4.3.3/avr4\libgcc.a(_clzsi2.o)
 .debug_info    0x00001d82      0x2df c:/program files/winavr/bin/../lib/gcc/avr/4.3.3/avr4\libgcc.a(_pack_sf.o)
 .debug_info    0x00002061      0x251 c:/program files/winavr/bin/../lib/gcc/avr/4.3.3/avr4\libgcc.a(_unpack_sf.o)
 .debug_info    0x000022b2      0x210 c:/program files/winavr/bin/../lib/gcc/avr/4.3.3/avr4\libgcc.a(_fpcmp_parts_sf.o)
 .debug_info    0x000024c2       0xa9 c:/program files/winavr/bin/../lib/gcc/avr/4.3.3/avr4\libgcc.a(_clz.o)
 *(.gnu.linkonce.wi.*)

.debug_abbrev   0x00000000     0x11ee
 *(.debug_abbrev)
 .debug_abbrev  0x00000000       0x5b adc_init.o
 .debug_abbrev  0x0000005b      0x12b lcd-routines.o
 .debug_abbrev  0x00000186      0x15c main.o
 .debug_abbrev  0x000002e2       0x50 pwm_init.o
 .debug_abbrev  0x00000332       0x5d c:/program files/winavr/bin/../lib/gcc/avr/4.3.3/avr4\libgcc.a(_fixunssfsi.o)
 .debug_abbrev  0x0000038f      0x1ea c:/program files/winavr/bin/../lib/gcc/avr/4.3.3/avr4\libgcc.a(_addsub_sf.o)
 .debug_abbrev  0x00000579      0x21b c:/program files/winavr/bin/../lib/gcc/avr/4.3.3/avr4\libgcc.a(_mul_sf.o)
 .debug_abbrev  0x00000794      0x15a c:/program files/winavr/bin/../lib/gcc/avr/4.3.3/avr4\libgcc.a(_ge_sf.o)
 .debug_abbrev  0x000008ee      0x17f c:/program files/winavr/bin/../lib/gcc/avr/4.3.3/avr4\libgcc.a(_sf_to_si.o)
 .debug_abbrev  0x00000a6d       0xad c:/program files/winavr/bin/../lib/gcc/avr/4.3.3/avr4\libgcc.a(_thenan_sf.o)
 .debug_abbrev  0x00000b1a      0x157 c:/program files/winavr/bin/../lib/gcc/avr/4.3.3/avr4\libgcc.a(_usi_to_sf.o)
 .debug_abbrev  0x00000c71       0xc4 c:/program files/winavr/bin/../lib/gcc/avr/4.3.3/avr4\libgcc.a(_clzsi2.o)
 .debug_abbrev  0x00000d35      0x1c0 c:/program files/winavr/bin/../lib/gcc/avr/4.3.3/avr4\libgcc.a(_pack_sf.o)
 .debug_abbrev  0x00000ef5      0x154 c:/program files/winavr/bin/../lib/gcc/avr/4.3.3/avr4\libgcc.a(_unpack_sf.o)
 .debug_abbrev  0x00001049      0x13b c:/program files/winavr/bin/../lib/gcc/avr/4.3.3/avr4\libgcc.a(_fpcmp_parts_sf.o)
 .debug_abbrev  0x00001184       0x6a c:/program files/winavr/bin/../lib/gcc/avr/4.3.3/avr4\libgcc.a(_clz.o)

.debug_line     0x00000000     0x1601
 *(.debug_line)
 .debug_line    0x00000000       0xcd adc_init.o
 .debug_line    0x000000cd      0x3f0 lcd-routines.o
 .debug_line    0x000004bd      0x262 main.o
 .debug_line    0x0000071f       0x87 pwm_init.o
 .debug_line    0x000007a6       0xa7 c:/program files/winavr/bin/../lib/gcc/avr/4.3.3/avr4\libgcc.a(_fixunssfsi.o)
 .debug_line    0x0000084d      0x2af c:/program files/winavr/bin/../lib/gcc/avr/4.3.3/avr4\libgcc.a(_addsub_sf.o)
 .debug_line    0x00000afc      0x239 c:/program files/winavr/bin/../lib/gcc/avr/4.3.3/avr4\libgcc.a(_mul_sf.o)
 .debug_line    0x00000d35       0xd3 c:/program files/winavr/bin/../lib/gcc/avr/4.3.3/avr4\libgcc.a(_ge_sf.o)
 .debug_line    0x00000e08      0x109 c:/program files/winavr/bin/../lib/gcc/avr/4.3.3/avr4\libgcc.a(_sf_to_si.o)
 .debug_line    0x00000f11       0x90 c:/program files/winavr/bin/../lib/gcc/avr/4.3.3/avr4\libgcc.a(_thenan_sf.o)
 .debug_line    0x00000fa1      0x133 c:/program files/winavr/bin/../lib/gcc/avr/4.3.3/avr4\libgcc.a(_usi_to_sf.o)
 .debug_line    0x000010d4       0xa5 c:/program files/winavr/bin/../lib/gcc/avr/4.3.3/avr4\libgcc.a(_clzsi2.o)
 .debug_line    0x00001179      0x18a c:/program files/winavr/bin/../lib/gcc/avr/4.3.3/avr4\libgcc.a(_pack_sf.o)
 .debug_line    0x00001303      0x14b c:/program files/winavr/bin/../lib/gcc/avr/4.3.3/avr4\libgcc.a(_unpack_sf.o)
 .debug_line    0x0000144e      0x137 c:/program files/winavr/bin/../lib/gcc/avr/4.3.3/avr4\libgcc.a(_fpcmp_parts_sf.o)
 .debug_line    0x00001585       0x7c c:/program files/winavr/bin/../lib/gcc/avr/4.3.3/avr4\libgcc.a(_clz.o)

.debug_frame    0x00000000      0x260
 *(.debug_frame)
 .debug_frame   0x00000000       0x20 adc_init.o
 .debug_frame   0x00000020       0x90 lcd-routines.o
 .debug_frame   0x000000b0       0x30 main.o
 .debug_frame   0x000000e0       0x20 pwm_init.o
 .debug_frame   0x00000100       0x20 c:/program files/winavr/bin/../lib/gcc/avr/4.3.3/avr4\libgcc.a(_fixunssfsi.o)
 .debug_frame   0x00000120       0x40 c:/program files/winavr/bin/../lib/gcc/avr/4.3.3/avr4\libgcc.a(_addsub_sf.o)
 .debug_frame   0x00000160       0x20 c:/program files/winavr/bin/../lib/gcc/avr/4.3.3/avr4\libgcc.a(_mul_sf.o)
 .debug_frame   0x00000180       0x20 c:/program files/winavr/bin/../lib/gcc/avr/4.3.3/avr4\libgcc.a(_ge_sf.o)
 .debug_frame   0x000001a0       0x20 c:/program files/winavr/bin/../lib/gcc/avr/4.3.3/avr4\libgcc.a(_sf_to_si.o)
 .debug_frame   0x000001c0       0x20 c:/program files/winavr/bin/../lib/gcc/avr/4.3.3/avr4\libgcc.a(_usi_to_sf.o)
 .debug_frame   0x000001e0       0x20 c:/program files/winavr/bin/../lib/gcc/avr/4.3.3/avr4\libgcc.a(_clzsi2.o)
 .debug_frame   0x00000200       0x20 c:/program files/winavr/bin/../lib/gcc/avr/4.3.3/avr4\libgcc.a(_pack_sf.o)
 .debug_frame   0x00000220       0x20 c:/program files/winavr/bin/../lib/gcc/avr/4.3.3/avr4\libgcc.a(_unpack_sf.o)
 .debug_frame   0x00000240       0x20 c:/program files/winavr/bin/../lib/gcc/avr/4.3.3/avr4\libgcc.a(_fpcmp_parts_sf.o)

.debug_str      0x00000000      0x489
 *(.debug_str)
 .debug_str     0x00000000       0xc7 adc_init.o
                                 0xfb (size before relaxing)
 .debug_str     0x000000c7       0xd0 lcd-routines.o
                                0x1be (size before relaxing)
 .debug_str     0x00000197       0x61 main.o
                                0x1b1 (size before relaxing)
 .debug_str     0x000001f8       0x1f pwm_init.o
                                0x102 (size before relaxing)
 .debug_str     0x00000217       0x80 c:/program files/winavr/bin/../lib/gcc/avr/4.3.3/avr4\libgcc.a(_fixunssfsi.o)
                                 0xfe (size before relaxing)
 .debug_str     0x00000297      0x14d c:/program files/winavr/bin/../lib/gcc/avr/4.3.3/avr4\libgcc.a(_addsub_sf.o)
                                0x206 (size before relaxing)
 .debug_str     0x000003e4       0x27 c:/program files/winavr/bin/../lib/gcc/avr/4.3.3/avr4\libgcc.a(_mul_sf.o)
                                0x1bf (size before relaxing)
 .debug_str     0x0000040b        0x8 c:/program files/winavr/bin/../lib/gcc/avr/4.3.3/avr4\libgcc.a(_ge_sf.o)
                                0x195 (size before relaxing)
 .debug_str     0x00000413        0xa c:/program files/winavr/bin/../lib/gcc/avr/4.3.3/avr4\libgcc.a(_sf_to_si.o)
                                0x19e (size before relaxing)
 .debug_str     0x00000000      0x103 c:/program files/winavr/bin/../lib/gcc/avr/4.3.3/avr4\libgcc.a(_thenan_sf.o)
 .debug_str     0x0000041d       0x21 c:/program files/winavr/bin/../lib/gcc/avr/4.3.3/avr4\libgcc.a(_usi_to_sf.o)
                                0x177 (size before relaxing)
 .debug_str     0x0000043e       0x20 c:/program files/winavr/bin/../lib/gcc/avr/4.3.3/avr4\libgcc.a(_clzsi2.o)
                                0x111 (size before relaxing)
 .debug_str     0x0000045e       0x10 c:/program files/winavr/bin/../lib/gcc/avr/4.3.3/avr4\libgcc.a(_pack_sf.o)
                                0x19d (size before relaxing)
 .debug_str     0x0000046e        0xb c:/program files/winavr/bin/../lib/gcc/avr/4.3.3/avr4\libgcc.a(_unpack_sf.o)
                                0x17f (size before relaxing)
 .debug_str     0x00000479       0x10 c:/program files/winavr/bin/../lib/gcc/avr/4.3.3/avr4\libgcc.a(_fpcmp_parts_sf.o)
                                0x163 (size before relaxing)
 .debug_str     0x00000000       0xf4 c:/program files/winavr/bin/../lib/gcc/avr/4.3.3/avr4\libgcc.a(_clz.o)

.debug_loc      0x00000000      0xb00
 *(.debug_loc)
 .debug_loc     0x00000000       0x13 adc_init.o
 .debug_loc     0x00000013      0x1c9 lcd-routines.o
 .debug_loc     0x000001dc       0xd0 main.o
 .debug_loc     0x000002ac       0x1e pwm_init.o
 .debug_loc     0x000002ca       0x34 c:/program files/winavr/bin/../lib/gcc/avr/4.3.3/avr4\libgcc.a(_fixunssfsi.o)
 .debug_loc     0x000002fe      0x32a c:/program files/winavr/bin/../lib/gcc/avr/4.3.3/avr4\libgcc.a(_addsub_sf.o)
 .debug_loc     0x00000628      0x104 c:/program files/winavr/bin/../lib/gcc/avr/4.3.3/avr4\libgcc.a(_mul_sf.o)
 .debug_loc     0x0000072c       0x3c c:/program files/winavr/bin/../lib/gcc/avr/4.3.3/avr4\libgcc.a(_ge_sf.o)
 .debug_loc     0x00000768       0x7e c:/program files/winavr/bin/../lib/gcc/avr/4.3.3/avr4\libgcc.a(_sf_to_si.o)
 .debug_loc     0x000007e6       0x4c c:/program files/winavr/bin/../lib/gcc/avr/4.3.3/avr4\libgcc.a(_usi_to_sf.o)
 .debug_loc     0x00000832       0x94 c:/program files/winavr/bin/../lib/gcc/avr/4.3.3/avr4\libgcc.a(_clzsi2.o)
 .debug_loc     0x000008c6      0x13e c:/program files/winavr/bin/../lib/gcc/avr/4.3.3/avr4\libgcc.a(_pack_sf.o)
 .debug_loc     0x00000a04       0xac c:/program files/winavr/bin/../lib/gcc/avr/4.3.3/avr4\libgcc.a(_unpack_sf.o)
 .debug_loc     0x00000ab0       0x50 c:/program files/winavr/bin/../lib/gcc/avr/4.3.3/avr4\libgcc.a(_fpcmp_parts_sf.o)

.debug_macinfo
 *(.debug_macinfo)
OUTPUT(inADC_outPWM.elf elf32-avr)
LOAD linker stubs

.debug_ranges   0x00000000       0xb0
 .debug_ranges  0x00000000       0x60 main.o
 .debug_ranges  0x00000060       0x50 c:/program files/winavr/bin/../lib/gcc/avr/4.3.3/avr4\libgcc.a(_mul_sf.o)
